
> nexuserp@0.1.0 build
> next build

node.exe : [baseline-browser-mapping] The data in this module is over two 
months old.  To ensure accurate Baseline data, please update: `npm i 
baseline-browser-mapping@latest -D`
At D:\Program Files\nodejs\npm.ps1:29 char:3
+   & $NODE_EXE $NPM_CLI_JS $args
+   ~~~~~~~~~~~~~~~~~~~~~~~~~~~~~
    + CategoryInfo          : NotSpecified: ([baseline-brows...ping@latest  
   -D`:String) [], RemoteException
    + FullyQualifiedErrorId : NativeCommandError
 
   Γû▓ Next.js 16.0.10 (Turbopack)
   - Environments: .env
   - Experiments (use with caution):
     ┬╖ optimizePackageImports

 ΓÜá The "middleware" file convention is deprecated. Please use "proxy" 
instead. Learn more: https://nextjs.org/docs/messages/middleware-to-proxy
   Creating an optimized production build ...
[baseline-browser-mapping] The data in this module is over two months old.  
To ensure accurate Baseline data, please update: `npm i 
baseline-browser-mapping@latest -D`
 Γ£ô Compiled successfully in 11.3s
   Running TypeScript ...
Failed to compile.

./src/app/service-orders/page.tsx:261:187
Type error: No overload matches this call.
  Overload 1 of 2, '(props: ScheduleModalProps, context?: any): string | 
number | bigint | boolean | ReactElement<unknown, string | 
JSXElementConstructor<any>> | ... 4 more ... | undefined', gave the 
following error.
    Type '{ isOpen: boolean; onClose: () => void; onSubmit: (data: any) => 
void; initialData: ServiceOrder | {}; }' is not assignable to type 
'IntrinsicAttributes & ScheduleModalProps'.
      Property 'initialData' does not exist on type 'IntrinsicAttributes & 
ScheduleModalProps'.
  Overload 2 of 2, '(props: ScheduleModalProps): string | number | bigint | 
boolean | ReactElement<unknown, string | JSXElementConstructor<any>> | ... 
4 more ... | undefined', gave the following error.
    Type '{ isOpen: boolean; onClose: () => void; onSubmit: (data: any) => 
void; initialData: ServiceOrder | {}; }' is not assignable to type 
'IntrinsicAttributes & ScheduleModalProps'.
      Property 'initialData' does not exist on type 'IntrinsicAttributes & 
ScheduleModalProps'.

[0m [90m 259 |[39m
 [90m 260 |[39m                 [33m<[39m[33mManualEntryModal[39m 
isOpen[33m=[39m{showManualModal} onClose[33m=[39m{() [33m=>[39m 
setShowManualModal([36mfalse[39m)} onSubmit[33m=[39m{(data) 
[33m=>[39m addOrderMutation[33m.[39mmutate(data)} [33m/[39m[33m>[39m
[31m[1m>[22m[39m[90m 261 |[39m                 
[33m<[39m[33mScheduleModal[39m isOpen[33m=[39m{showScheduleModal} 
onClose[33m=[39m{() [33m=>[39m setShowScheduleModal([36mfalse[39m)} 
onSubmit[33m=[39m{(data) [33m=>[39m scheduleMutation[33m.[39mmutate({ 
orderId[33m:[39m 
selectedOrder[33m?[39m[33m.[39mid[33m![39m[33m,[39m data })} 
initialData[33m=[39m{selectedOrder [33m||[39m {}} [33m/[39m[33m>[39m
 [90m     |[39m                                                           
                                                                            
                                                    [31m[1m^[22m[39m
 [90m 262 |[39m                 [33m<[39m[33mCommentModal[39m 
isOpen[33m=[39m{showCommentModal} onClose[33m=[39m{() [33m=>[39m 
setShowCommentModal([36mfalse[39m)} onSubmit[33m=[39m{(comment) 
[33m=>[39m commentMutation[33m.[39mmutate({ orderId[33m:[39m 
selectedOrder[33m?[39m[33m.[39mid[33m![39m[33m,[39m comment })} 
initialData[33m=[39m{selectedOrder [33m||[39m {}} [33m/[39m[33m>[39m
 [90m 263 |[39m                 [33m<[39m[33mDetailModal[39m 
isOpen[33m=[39m{showDetailModal} onClose[33m=[39m{() [33m=>[39m 
setShowDetailModal([36mfalse[39m)} order[33m=[39m{selectedOrder 
[33m||[39m {}} [33m/[39m[33m>[39m
 [90m 264 |[39m                 [33m<[39m[33mOrderActionModal[39m 
isOpen[33m=[39m{showActionModal} onClose[33m=[39m{() [33m=>[39m 
setShowActionModal([36mfalse[39m)} 
order[33m=[39m{selectedOrder[33m![39m} onSubmit[33m=[39m{(data) 
[33m=>[39m { updateStatusMutation[33m.[39mmutate({ 
[33m...[39mdata[33m,[39m id[33m:[39m 
selectedOrder[33m?[39m[33m.[39mid })[33m;[39m 
setShowActionModal([36mfalse[39m)[33m;[39m }} 
status[33m=[39m{[32m'COMPLETED'[39m} [33m/[39m[33m>[39m[0m
Next.js build worker exited with code: 1 and signal: null
