.next/types/validator.ts(1449,31): error TS2344: Type 'typeof import("D:/MyProject/SLTSERP/src/app/api/service-orders/core-data/[soNum]/route")' does not satisfy the constraint 'RouteHandlerConfig<"/api/service-orders/core-data/[soNum]">'.
  Types of property 'GET' are incompatible.
    Type '(request: Request, { params }: { params: { soNum: string; }; }) => Promise<NextResponse<{ success: boolean; message: string; }> | NextResponse<{ success: boolean; data: { contractor: { name: string; } | null; materialUsage: { ...; }[]; forensicAudit: { ...; } | null; } & { ...; }; }> | NextResponse<...>>' is not assignable to type '(request: NextRequest, context: { params: Promise<{ soNum: string; }>; }) => void | Response | Promise<void | Response>'.
      Types of parameters '__1' and 'context' are incompatible.
        Type '{ params: Promise<{ soNum: string; }>; }' is not assignable to type '{ params: { soNum: string; }; }'.
          Types of property 'params' are incompatible.
            Property 'soNum' is missing in type 'Promise<{ soNum: string; }>' but required in type '{ soNum: string; }'.
check_bridge.ts(6,31): error TS2339: Property 'sODBridgeSync' does not exist on type 'PrismaClient<PrismaClientOptions, never, DefaultArgs>'.
src/app/admin/contractors/approvals/page.tsx(89,47): error TS2345: Argument of type '{ status: string; rejectionReason: any; rejectionById: any; rejectedAt: Date; }' is not assignable to parameter of type 'ContractorUpdateData'.
  Types of property 'status' are incompatible.
    Type 'string' is not assignable to type 'ContractorStatus | undefined'.
src/app/admin/contractors/page.tsx(396,18): error TS2345: Argument of type '{ id: string | undefined; name: string; status: "ACTIVE" | "INACTIVE"; sltCode: string | null | undefined; opmcId: string | null; storeIds: string[]; primaryStoreId: string | null; members: { ...; }[]; }[]' is not assignable to parameter of type 'SetStateAction<ContractorTeam[]>'.
  Type '{ id: string | undefined; name: string; status: "ACTIVE" | "INACTIVE"; sltCode: string | null | undefined; opmcId: string | null; storeIds: string[]; primaryStoreId: string | null; members: { ...; }[]; }[]' is not assignable to type 'ContractorTeam[]'.
    Type '{ id: string | undefined; name: string; status: "ACTIVE" | "INACTIVE"; sltCode: string | null | undefined; opmcId: string | null; storeIds: string[]; primaryStoreId: string | null; members: { ...; }[]; }' is not assignable to type 'ContractorTeam'.
      Types of property 'members' are incompatible.
        Type '{ id: unknown; name: unknown; idCopyNumber: {}; contractorIdCopyNumber: {}; photoUrl: {}; passportPhotoUrl: {}; nicUrl: {}; }[]' is not assignable to type 'TeamMember[]'.
          Type '{ id: unknown; name: unknown; idCopyNumber: {}; contractorIdCopyNumber: {}; photoUrl: {}; passportPhotoUrl: {}; nicUrl: {}; }' is not assignable to type 'TeamMember'.
            Types of property 'id' are incompatible.
              Type 'unknown' is not assignable to type 'string | undefined'.
src/app/admin/contractors/page.tsx(404,36): error TS2345: Argument of type '(m: Record<string, unknown>) => { id: unknown; name: unknown; idCopyNumber: {}; contractorIdCopyNumber: {}; photoUrl: {}; passportPhotoUrl: {}; nicUrl: {}; }' is not assignable to parameter of type '(value: TeamMember, index: number, array: TeamMember[]) => { id: unknown; name: unknown; idCopyNumber: {}; contractorIdCopyNumber: {}; photoUrl: {}; passportPhotoUrl: {}; nicUrl: {}; }'.
  Types of parameters 'm' and 'value' are incompatible.
    Type 'TeamMember' is not assignable to type 'Record<string, unknown>'.
      Index signature for type 'string' is missing in type 'TeamMember'.
src/app/admin/contractors/page.tsx(912,74): error TS2322: Type 'string | true' is not assignable to type 'string | Blob | undefined'.
  Type 'true' is not assignable to type 'string | Blob | undefined'.
src/app/api/inventory/requests/action/route.ts(21,13): error TS2353: Object literal may only specify known properties, and 'allocation' does not exist in type 'StockRequestActionData'.
src/services/material.service.ts(182,76): error TS2322: Type 'string | null' is not assignable to type 'string'.
  Type 'null' is not assignable to type 'string'.
src/services/material.service.ts(188,91): error TS2322: Type 'string | null' is not assignable to type 'string'.
  Type 'null' is not assignable to type 'string'.
src/services/material.service.ts(192,29): error TS2322: Type 'string | null' is not assignable to type 'string | undefined'.
  Type 'null' is not assignable to type 'string | undefined'.
