src/services/audit.service.ts(1,24): error TS2307: Cannot find module '@/lib/prisma' or its corresponding type declarations.
src/services/inventory/grn.service.ts(1,24): error TS2307: Cannot find module '@/lib/prisma' or its corresponding type declarations.
src/services/inventory/grn.service.ts(4,33): error TS2307: Cannot find module '@/lib/events' or its corresponding type declarations.
src/services/inventory/issue.service.ts(2,24): error TS2307: Cannot find module '@/lib/prisma' or its corresponding type declarations.
src/services/inventory/issue.service.ts(5,33): error TS2307: Cannot find module '@/lib/events' or its corresponding type declarations.
src/services/inventory/item.service.ts(1,24): error TS2307: Cannot find module '@/lib/prisma' or its corresponding type declarations.
src/services/inventory/item.service.ts(3,33): error TS2307: Cannot find module '@/lib/events' or its corresponding type declarations.
src/services/inventory/mrn.service.ts(1,24): error TS2307: Cannot find module '@/lib/prisma' or its corresponding type declarations.
src/services/inventory/mrn.service.ts(4,33): error TS2307: Cannot find module '@/lib/events' or its corresponding type declarations.
src/services/inventory/stock-request.service.ts(1,24): error TS2307: Cannot find module '@/lib/prisma' or its corresponding type declarations.
src/services/inventory/stock-request.service.ts(4,33): error TS2307: Cannot find module '@/lib/events' or its corresponding type declarations.
src/services/inventory/stock.service.ts(1,24): error TS2307: Cannot find module '@/lib/prisma' or its corresponding type declarations.
src/services/inventory/store.service.ts(1,24): error TS2307: Cannot find module '@/lib/prisma' or its corresponding type declarations.
src/services/inventory/transaction.service.ts(1,24): error TS2307: Cannot find module '@/lib/prisma' or its corresponding type declarations.
src/services/inventory/types.ts(6,24): error TS2307: Cannot find module '@/lib/prisma' or its corresponding type declarations.
src/services/inventory/wastage.service.ts(1,24): error TS2307: Cannot find module '@/lib/prisma' or its corresponding type declarations.
src/services/notification.service.ts(1,24): error TS2307: Cannot find module '@/lib/prisma' or its corresponding type declarations.
src/services/notification.service.ts(2,34): error TS2307: Cannot find module '@/lib/events' or its corresponding type declarations.
src/services/sod.service.ts(1,24): error TS2307: Cannot find module '@/lib/prisma' or its corresponding type declarations.
src/services/sod.service.ts(97,37): error TS2802: Type 'ArrayIterator<[number, Record<string, unknown>]>' can only be iterated through when using the '--downlevelIteration' flag or with a '--target' of 'es2015' or higher.
src/services/sod.service.ts(990,27): error TS2339: Property 'sltsStatus' does not exist on type 'unknown'.
src/services/sod.service.ts(1050,55): error TS2339: Property 'sltsStatus' does not exist on type 'unknown'.
src/services/sod.service.ts(1052,51): error TS2339: Property 'id' does not exist on type 'unknown'.
src/services/sod.service.ts(1058,49): error TS2339: Property 'comments' does not exist on type 'unknown'.
src/services/sod.service.ts(1058,72): error TS2339: Property 'comments' does not exist on type 'unknown'.
src/services/sod.service.ts(1058,122): error TS2339: Property 'returnReason' does not exist on type 'unknown'.
src/services/sod.service.ts(1058,147): error TS2339: Property 'status' does not exist on type 'unknown'.
src/services/sod.service.ts(1058,198): error TS2339: Property 'returnReason' does not exist on type 'unknown'.
src/services/sod.service.ts(1058,223): error TS2339: Property 'status' does not exist on type 'unknown'.
src/services/sod.service.ts(1065,38): error TS2339: Property 'status' does not exist on type 'unknown'.
src/services/sod.service.ts(1068,62): error TS2339: Property 'id' does not exist on type 'unknown'.
src/services/sod/sod.query.service.ts(1,24): error TS2307: Cannot find module '@/lib/prisma' or its corresponding type declarations.
