src/actions/inventory-actions.ts(13,56): error TS2345: Argument of type 'Record<string, unknown>' is not assignable to parameter of type 'CreateItemData'.
  Type 'Record<string, unknown>' is missing the following properties from type 'CreateItemData': code, name
src/actions/inventory-actions.ts(70,58): error TS2345: Argument of type 'Record<string, unknown>' is not assignable to parameter of type '{ name: string; type: string; location?: string | undefined; managerId?: string | undefined; opmcIds?: string[] | undefined; }'.
  Type 'Record<string, unknown>' is missing the following properties from type '{ name: string; type: string; location?: string | undefined; managerId?: string | undefined; opmcIds?: string[] | undefined; }': name, type
src/actions/inventory-actions.ts(105,57): error TS2345: Argument of type '{ receivedById: string; }' is not assignable to parameter of type 'CreateGRNData'.
  Type '{ receivedById: string; }' is missing the following properties from type 'CreateGRNData': storeId, sourceType, items
src/actions/inventory-actions.ts(120,57): error TS2345: Argument of type 'Record<string, unknown>' is not assignable to parameter of type '{ storeId: string; returnType: string; returnTo?: string | undefined; supplier?: string | undefined; reason?: string | undefined; grnId?: string | undefined; returnedById: string; items: { ...; }[]; }'.
  Type 'Record<string, unknown>' is missing the following properties from type '{ storeId: string; returnType: string; returnTo?: string | undefined; supplier?: string | undefined; reason?: string | undefined; grnId?: string | undefined; returnedById: string; items: { ...; }[]; }': storeId, returnType, returnedById, items
src/actions/inventory-actions.ts(145,66): error TS2345: Argument of type '{ requestedById: string; }' is not assignable to parameter of type '{ fromStoreId: string; requestedById: string; items: { itemId: string; requestedQty: string | number; remarks?: string | undefined; make?: string | undefined; model?: string | undefined; suggestedVendor?: string | undefined; isCustom?: boolean | undefined; customName?: string | undefined; }[]; ... 8 more ...; sltRef...'.
  Type '{ requestedById: string; }' is missing the following properties from type '{ fromStoreId: string; requestedById: string; items: { itemId: string; requestedQty: string | number; remarks?: string | undefined; make?: string | undefined; model?: string | undefined; suggestedVendor?: string | undefined; isCustom?: boolean | undefined; customName?: string | undefined; }[]; ... 8 more ...; sltRef...': fromStoreId, items
src/actions/inventory-actions.ts(159,64): error TS2345: Argument of type '{ issuedById: string; }' is not assignable to parameter of type '{ storeId: string; issuedById: string; issueType: string; projectId?: string | undefined; contractorId?: string | undefined; teamId?: string | undefined; recipientName: string; remarks?: string | undefined; items: { ...; }[]; }'.
  Type '{ issuedById: string; }' is missing the following properties from type '{ storeId: string; issuedById: string; issueType: string; projectId?: string | undefined; contractorId?: string | undefined; teamId?: string | undefined; recipientName: string; remarks?: string | undefined; items: { ...; }[]; }': storeId, issueType, recipientName, items
src/actions/inventory-actions.ts(174,73): error TS2345: Argument of type '{ userId: string; }' is not assignable to parameter of type 'StockRequestActionData'.
  Type '{ userId: string; }' is missing the following properties from type 'StockRequestActionData': requestId, action
src/actions/inventory-actions.ts(192,61): error TS2345: Argument of type '{ userId: string; }' is not assignable to parameter of type '{ contractorId: string; storeId: string; month: string; items: { itemId: string; quantity: string | number; unit?: string | undefined; serials?: string[] | undefined; }[]; userId?: string | undefined; }'.
  Type '{ userId: string; }' is missing the following properties from type '{ contractorId: string; storeId: string; month: string; items: { itemId: string; quantity: string | number; unit?: string | undefined; serials?: string[] | undefined; }[]; userId?: string | undefined; }': contractorId, storeId, month, items
src/actions/inventory-actions.ts(207,61): error TS2345: Argument of type '{ userId: string; }' is not assignable to parameter of type '{ storeId?: string | undefined; contractorId?: string | undefined; month?: string | undefined; description?: string | undefined; reason?: string | undefined; items: { itemId: string; quantity: string | number; unit?: string | undefined; }[]; userId?: string | undefined; }'.
  Property 'items' is missing in type '{ userId: string; }' but required in type '{ storeId?: string | undefined; contractorId?: string | undefined; month?: string | undefined; description?: string | undefined; reason?: string | undefined; items: { itemId: string; quantity: string | number; unit?: string | undefined; }[]; userId?: string | undefined; }'.
src/actions/user-actions.ts(17,81): error TS2345: Argument of type 'unknown' is not assignable to parameter of type 'string'.
src/actions/user-actions.ts(18,50): error TS2339: Property 'length' does not exist on type '{}'.
src/actions/user-actions.ts(22,50): error TS2769: No overload matches this call.
  Overload 1 of 2, '(password: string, salt: string | number): Promise<string>', gave the following error.
    Argument of type 'unknown' is not assignable to parameter of type 'string'.
  Overload 2 of 2, '(password: string, salt: string | number, callback?: Callback<string> | undefined, progressCallback?: ProgressCallback | undefined): void', gave the following error.
    Argument of type 'unknown' is not assignable to parameter of type 'string'.
src/actions/user-actions.ts(27,76): error TS2322: Type '{}' is not assignable to type 'Exact<string | undefined, string | undefined>'.
src/actions/user-actions.ts(33,29): error TS2322: Type 'unknown' is not assignable to type 'string'.
src/actions/user-actions.ts(34,29): error TS2322: Type '{}' is not assignable to type 'string'.
src/actions/user-actions.ts(35,29): error TS2322: Type 'unknown' is not assignable to type '"ENGINEER" | "AREA_MANAGER" | "QC_OFFICER" | "OSP_MANAGER" | "SUPER_ADMIN" | "ADMIN" | "CEO" | "HEAD_OF_OSP" | "MANAGER" | "ASSISTANT_ENGINEER" | "AREA_COORDINATOR" | "OFFICE_ADMIN" | ... 22 more ... | "AR_OFFICER"'.
src/actions/user-actions.ts(36,56): error TS2339: Property 'length' does not exist on type '{}'.
src/actions/user-actions.ts(36,69): error TS7053: Element implicitly has an 'any' type because expression of type '0' can't be used to index type '{}'.
  Property '0' does not exist on type '{}'.
src/actions/user-actions.ts(45,21): error TS2322: Type 'unknown' is not assignable to type 'string'.
src/actions/user-actions.ts(46,21): error TS2322: Type 'unknown' is not assignable to type 'string'.
src/actions/user-actions.ts(47,21): error TS2322: Type 'Promise<string> & void' is not assignable to type 'string'.
src/actions/user-actions.ts(48,21): error TS2322: Type 'unknown' is not assignable to type 'Exact<string | null | undefined, string | null | undefined>'.
src/actions/user-actions.ts(49,21): error TS2322: Type '{}' is not assignable to type '"ENGINEER" | "AREA_MANAGER" | "QC_OFFICER" | "OSP_MANAGER" | "SUPER_ADMIN" | "ADMIN" | "CEO" | "HEAD_OF_OSP" | "MANAGER" | "ASSISTANT_ENGINEER" | "AREA_COORDINATOR" | "OFFICE_ADMIN" | ... 23 more ... | undefined'.
src/actions/user-actions.ts(51,21): error TS2322: Type '{ connect: { id: {}; }; }' is not assignable to type 'Exact<InventoryStoreCreateNestedOneWithoutAssignedUsersInput | undefined, InventoryStoreCreateNestedOneWithoutAssignedUsersInput | undefined>'.
  Types of property 'connect' are incompatible.
    Type '{ id: {}; }' is not assignable to type '({ id: string | undefined; } & { id?: string | undefined; AND?: InventoryStoreWhereInput | InventoryStoreWhereInput[] | undefined; ... 37 more ...; ledgers?: InventoryLedgerListRelationFilter | undefined; }) | ... 4 more ... | undefined'.
      Types of property 'id' are incompatible.
        Type '{}' is not assignable to type 'Exact<string | undefined, string | undefined>'.
src/actions/user-actions.ts(57,21): error TS2322: Type '{ connect: { id: {}; }; }' is not assignable to type 'Exact<UserCreateNestedOneWithoutSubordinatesInput | undefined, UserCreateNestedOneWithoutSubordinatesInput | undefined>'.
  Types of property 'connect' are incompatible.
    Type '{ id: {}; }' is not assignable to type '({ id: string | undefined; } & { id?: string | undefined; email?: string | undefined; username?: string | undefined; staffId?: string | undefined; employeeId?: string | undefined; ... 65 more ...; disposalsApproved?: AssetDisposalRequestListRelationFilter | undefined; }) | ... 16 more ... | undefined'.
      Types of property 'id' are incompatible.
        Type '{}' is not assignable to type 'Exact<string | undefined, string | undefined>'.
src/actions/user-actions.ts(75,48): error TS2538: Type 'unknown' cannot be used as an index type.
src/actions/user-actions.ts(89,35): error TS18046: 'role' is of type 'unknown'.
src/actions/user-actions.ts(140,70): error TS2322: Type 'unknown' is not assignable to type 'Exact<string | undefined, string | undefined>'.
src/actions/user-actions.ts(149,34): error TS2339: Property 'length' does not exist on type '{}'.
src/actions/user-actions.ts(150,55): error TS2769: No overload matches this call.
  Overload 1 of 2, '(password: string, salt: string | number): Promise<string>', gave the following error.
    Argument of type '{}' is not assignable to parameter of type 'string'.
  Overload 2 of 2, '(password: string, salt: string | number, callback?: Callback<string> | undefined, progressCallback?: ProgressCallback | undefined): void', gave the following error.
    Argument of type '{}' is not assignable to parameter of type 'string'.
src/actions/user-actions.ts(158,30): error TS2322: Type '{}' is not assignable to type 'Exact<string | undefined, string | undefined>'.
src/actions/user-actions.ts(160,25): error TS2322: Type 'unknown' is not assignable to type 'string'.
src/actions/user-actions.ts(161,25): error TS2322: Type '{}' is not assignable to type 'string'.
src/actions/user-actions.ts(162,25): error TS2322: Type 'unknown' is not assignable to type '"ENGINEER" | "AREA_MANAGER" | "QC_OFFICER" | "OSP_MANAGER" | "SUPER_ADMIN" | "ADMIN" | "CEO" | "HEAD_OF_OSP" | "MANAGER" | "ASSISTANT_ENGINEER" | "AREA_COORDINATOR" | "OFFICE_ADMIN" | ... 22 more ... | "AR_OFFICER"'.
src/actions/user-actions.ts(163,52): error TS2339: Property 'length' does not exist on type '{}'.
src/actions/user-actions.ts(163,65): error TS7053: Element implicitly has an 'any' type because expression of type '0' can't be used to index type '{}'.
  Property '0' does not exist on type '{}'.
src/actions/user-actions.ts(167,25): error TS2322: Type 'unknown' is not assignable to type '"ENGINEER" | "AREA_MANAGER" | "QC_OFFICER" | "OSP_MANAGER" | "SUPER_ADMIN" | "ADMIN" | "CEO" | "HEAD_OF_OSP" | "MANAGER" | "ASSISTANT_ENGINEER" | "AREA_COORDINATOR" | "OFFICE_ADMIN" | ... 25 more ... | undefined'.
src/actions/user-actions.ts(168,52): error TS2339: Property 'length' does not exist on type '{}'.
src/actions/user-actions.ts(168,65): error TS7053: Element implicitly has an 'any' type because expression of type '0' can't be used to index type '{}'.
  Property '0' does not exist on type '{}'.
src/actions/user-actions.ts(175,26): error TS2322: Type 'unknown' is not assignable to type 'Exact<string | undefined, string | undefined>'.
src/actions/user-actions.ts(179,21): error TS2322: Type '{ connect: { id: {}; }; }' is not assignable to type 'Exact<InventoryStoreUpdateOneWithoutAssignedUsersNestedInput | undefined, InventoryStoreUpdateOneWithoutAssignedUsersNestedInput | undefined>'.
  Types of property 'connect' are incompatible.
    Type '{ id: {}; }' is not assignable to type '({ id: string | undefined; } & { id?: string | undefined; AND?: InventoryStoreWhereInput | InventoryStoreWhereInput[] | undefined; ... 37 more ...; ledgers?: InventoryLedgerListRelationFilter | undefined; }) | ... 4 more ... | undefined'.
      Types of property 'id' are incompatible.
        Type '{}' is not assignable to type 'Exact<string | undefined, string | undefined>'.
src/actions/user-actions.ts(182,52): error TS2339: Property 'map' does not exist on type '{}'.
src/actions/user-actions.ts(184,21): error TS2322: Type '{ connect: { id: {}; }; }' is not assignable to type 'Exact<UserUpdateOneWithoutSubordinatesNestedInput | undefined, UserUpdateOneWithoutSubordinatesNestedInput | undefined>'.
  Types of property 'connect' are incompatible.
    Type '{ id: {}; }' is not assignable to type '({ id: string | undefined; } & { id?: string | undefined; email?: string | undefined; username?: string | undefined; staffId?: string | undefined; employeeId?: string | undefined; ... 65 more ...; disposalsApproved?: AssetDisposalRequestListRelationFilter | undefined; }) | ... 16 more ... | undefined'.
      Types of property 'id' are incompatible.
        Type '{}' is not assignable to type 'Exact<string | undefined, string | undefined>'.
src/app/admin/reports/dynamic/page.tsx(399,153): error TS2345: Argument of type 'Record<string, unknown>' is not assignable to parameter of type 'string'.
src/app/admin/reports/dynamic/page.tsx(399,153): error TS2352: Conversion of type 'string' to type 'Record<string, unknown>' may be a mistake because neither type sufficiently overlaps with the other. If this was intentional, convert the expression to 'unknown' first.
src/app/admin/reports/dynamic/page.tsx(508,87): error TS2322: Type '(val: Record<string, unknown>) => void' is not assignable to type '(value: string) => void'.
  Types of parameters 'val' and 'value' are incompatible.
    Type 'string' is not assignable to type 'Record<string, unknown>'.
src/app/admin/reports/dynamic/page.tsx(508,149): error TS2345: Argument of type 'Record<string, unknown>' is not assignable to parameter of type 'SetStateAction<"BAR" | "LINE" | "AREA">'.
src/app/admin/roles/components/RoleFormDialog.tsx(49,21): error TS2322: Type 'unknown' is not assignable to type 'string'.
src/app/admin/roles/components/RoleFormDialog.tsx(50,21): error TS2322: Type 'unknown' is not assignable to type 'string'.
src/app/admin/roles/components/RoleFormDialog.tsx(51,21): error TS2322: Type '{}' is not assignable to type 'string'.
src/app/admin/roles/components/RoleFormDialog.tsx(52,21): error TS2322: Type 'unknown' is not assignable to type 'number'.
src/app/admin/roles/components/RoleFormDialog.tsx(53,45): error TS2345: Argument of type '{}' is not assignable to parameter of type 'string'.
src/app/admin/roles/hooks/useRoleOperations.ts(28,66): error TS2345: Argument of type '{}' is not assignable to parameter of type 'string | number | bigint | boolean | (() => ReactNode) | ReactElement<unknown, string | JSXElementConstructor<any>> | Iterable<ReactNode> | ReactPortal | Promise<...> | null | undefined'.
src/app/admin/roles/hooks/useRoleOperations.ts(43,66): error TS2345: Argument of type '{}' is not assignable to parameter of type 'string | number | bigint | boolean | (() => ReactNode) | ReactElement<unknown, string | JSXElementConstructor<any>> | Iterable<ReactNode> | ReactPortal | Promise<...> | null | undefined'.
src/app/admin/roles/page.tsx(83,13): error TS2322: Type 'RoleFormData' is not assignable to type 'Record<string, unknown>'.
  Index signature for type 'string' is missing in type 'RoleFormData'.
src/app/admin/roles/page.tsx(223,17): error TS2322: Type '(data: RoleFormData) => Promise<void>' is not assignable to type '(values: Record<string, unknown>) => void'.
  Types of parameters 'data' and 'values' are incompatible.
    Type 'Record<string, unknown>' is missing the following properties from type 'RoleFormData': name, code, description, level, permissions
src/app/admin/roles/page.tsx(224,17): error TS2322: Type 'Role | null' is not assignable to type 'Record<string, unknown> | undefined'.
  Type 'null' is not assignable to type 'Record<string, unknown> | undefined'.
src/app/admin/user-permissions/page.tsx(54,47): error TS18046: 'a.role' is of type 'unknown'.
src/app/admin/user-permissions/page.tsx(135,57): error TS2322: Type 'unknown' is not assignable to type 'Key | null | undefined'.
src/app/admin/user-permissions/page.tsx(135,71): error TS2322: Type 'unknown' is not assignable to type 'string'.
src/app/admin/user-permissions/page.tsx(136,49): error TS2322: Type 'unknown' is not assignable to type 'ReactNode'.
src/app/admin/user-permissions/page.tsx(136,62): error TS2322: Type 'unknown' is not assignable to type 'ReactNode'.
src/app/admin/user-permissions/page.tsx(136,81): error TS2322: Type 'unknown' is not assignable to type 'ReactNode'.
src/app/admin/user-permissions/page.tsx(176,68): error TS2322: Type 'unknown' is not assignable to type 'Key | null | undefined'.
src/app/admin/user-permissions/page.tsx(177,66): error TS18046: 'a.section' is of type 'unknown'.
src/app/admin/user-permissions/page.tsx(177,85): error TS18046: 'a.role' is of type 'unknown'.
src/app/admin/users/components/UserFormDialog.tsx(79,9): error TS2322: Type 'Record<string, unknown>' is not assignable to type 'Resolver<{ username: string; email: string; name: string; role: string; opmcIds: string[]; password?: string | undefined; employeeId?: string | undefined; supervisorId?: string | undefined; assignedStoreId?: string | undefined; status?: string | undefined; }, any, { ...; }>'.
  Type 'Record<string, unknown>' provides no match for the signature '(values: { username: string; email: string; name: string; role: string; opmcIds: string[]; password?: string | undefined; employeeId?: string | undefined; supervisorId?: string | undefined; assignedStoreId?: string | undefined; status?: string | undefined; }, context: any, options: ResolverOptions<...>): ResolverResult<...> | Promise<...>'.
src/app/admin/users/components/UserFormDialog.tsx(79,19): error TS2352: Conversion of type 'Resolver<{ username: string; email: string; name: string; role: string; opmcIds: string[]; password?: string | undefined; employeeId?: string | undefined; supervisorId?: string | undefined; assignedStoreId?: string | undefined; status?: string | undefined; }, unknown, { ...; }>' to type 'Record<string, unknown>' may be a mistake because neither type sufficiently overlaps with the other. If this was intentional, convert the expression to 'unknown' first.
  Index signature for type 'string' is missing in type 'Resolver<{ username: string; email: string; name: string; role: string; opmcIds: string[]; password?: string | undefined; employeeId?: string | undefined; supervisorId?: string | undefined; assignedStoreId?: string | undefined; status?: string | undefined; }, unknown, { ...; }>'.
src/app/admin/users/components/UserFormDialog.tsx(195,59): error TS2345: Argument of type '(values: { username: string; email: string; name: string; role: string; opmcIds: string[]; password?: string | undefined; employeeId?: string | undefined; supervisorId?: string | undefined; assignedStoreId?: string | undefined; status?: string | undefined; }) => void' is not assignable to parameter of type 'SubmitHandler<TFieldValues>'.
  Types of parameters 'values' and 'data' are incompatible.
    Type 'TFieldValues' is not assignable to type '{ username: string; email: string; name: string; role: string; opmcIds: string[]; password?: string | undefined; employeeId?: string | undefined; supervisorId?: string | undefined; assignedStoreId?: string | undefined; status?: string | undefined; }'.
      Type 'FieldValues' is missing the following properties from type '{ username: string; email: string; name: string; role: string; opmcIds: string[]; password?: string | undefined; employeeId?: string | undefined; supervisorId?: string | undefined; assignedStoreId?: string | undefined; status?: string | undefined; }': username, email, name, role, opmcIds
src/app/admin/users/components/UserFormDialog.tsx(199,48): error TS2322: Type 'Control<{ username: string; email: string; name: string; role: string; opmcIds: string[]; password?: string | undefined; employeeId?: string | undefined; supervisorId?: string | undefined; assignedStoreId?: string | undefined; status?: string | undefined; }, any, TFieldValues>' is not assignable to type 'Control<{ username: string; email: string; name: string; role: string; opmcIds: string[]; password?: string | undefined; employeeId?: string | undefined; supervisorId?: string | undefined; assignedStoreId?: string | undefined; status?: string | undefined; }, any, { ...; }>'.
  The types of '_options.resolver' are incompatible between these types.
    Type 'Resolver<{ username: string; email: string; name: string; role: string; opmcIds: string[]; password?: string | undefined; employeeId?: string | undefined; supervisorId?: string | undefined; assignedStoreId?: string | undefined; status?: string | undefined; }, any, TFieldValues> | undefined' is not assignable to type 'Resolver<{ username: string; email: string; name: string; role: string; opmcIds: string[]; password?: string | undefined; employeeId?: string | undefined; supervisorId?: string | undefined; assignedStoreId?: string | undefined; status?: string | undefined; }, any, { ...; }> | undefined'.
      Type 'Resolver<{ username: string; email: string; name: string; role: string; opmcIds: string[]; password?: string | undefined; employeeId?: string | undefined; supervisorId?: string | undefined; assignedStoreId?: string | undefined; status?: string | undefined; }, any, TFieldValues>' is not assignable to type 'Resolver<{ username: string; email: string; name: string; role: string; opmcIds: string[]; password?: string | undefined; employeeId?: string | undefined; supervisorId?: string | undefined; assignedStoreId?: string | undefined; status?: string | undefined; }, any, { ...; }>'.
        Type 'ResolverResult<{ username: string; email: string; name: string; role: string; opmcIds: string[]; password?: string | undefined; employeeId?: string | undefined; supervisorId?: string | undefined; assignedStoreId?: string | undefined; status?: string | undefined; }, TFieldValues> | Promise<...>' is not assignable to type 'ResolverResult<{ username: string; email: string; name: string; role: string; opmcIds: string[]; password?: string | undefined; employeeId?: string | undefined; supervisorId?: string | undefined; assignedStoreId?: string | undefined; status?: string | undefined; }, { ...; }> | Promise<...>'.
          Type 'ResolverSuccess<TFieldValues>' is not assignable to type 'ResolverResult<{ username: string; email: string; name: string; role: string; opmcIds: string[]; password?: string | undefined; employeeId?: string | undefined; supervisorId?: string | undefined; assignedStoreId?: string | undefined; status?: string | undefined; }, { ...; }> | Promise<...>'.
            Type 'ResolverSuccess<TFieldValues>' is not assignable to type 'ResolverSuccess<{ username: string; email: string; name: string; role: string; opmcIds: string[]; password?: string | undefined; employeeId?: string | undefined; supervisorId?: string | undefined; assignedStoreId?: string | undefined; status?: string | undefined; }>'.
              Type 'TFieldValues' is not assignable to type '{ username: string; email: string; name: string; role: string; opmcIds: string[]; password?: string | undefined; employeeId?: string | undefined; supervisorId?: string | undefined; assignedStoreId?: string | undefined; status?: string | undefined; }'.
                Type 'FieldValues' is missing the following properties from type '{ username: string; email: string; name: string; role: string; opmcIds: string[]; password?: string | undefined; employeeId?: string | undefined; supervisorId?: string | undefined; assignedStoreId?: string | undefined; status?: string | undefined; }': username, email, name, role, opmcIds
src/app/admin/users/components/UserFormDialog.tsx(208,52): error TS2322: Type 'Control<{ username: string; email: string; name: string; role: string; opmcIds: string[]; password?: string | undefined; employeeId?: string | undefined; supervisorId?: string | undefined; assignedStoreId?: string | undefined; status?: string | undefined; }, any, TFieldValues>' is not assignable to type 'Control<{ username: string; email: string; name: string; role: string; opmcIds: string[]; password?: string | undefined; employeeId?: string | undefined; supervisorId?: string | undefined; assignedStoreId?: string | undefined; status?: string | undefined; }, any, { ...; }>'.
  The types of '_options.resolver' are incompatible between these types.
    Type 'Resolver<{ username: string; email: string; name: string; role: string; opmcIds: string[]; password?: string | undefined; employeeId?: string | undefined; supervisorId?: string | undefined; assignedStoreId?: string | undefined; status?: string | undefined; }, any, TFieldValues> | undefined' is not assignable to type 'Resolver<{ username: string; email: string; name: string; role: string; opmcIds: string[]; password?: string | undefined; employeeId?: string | undefined; supervisorId?: string | undefined; assignedStoreId?: string | undefined; status?: string | undefined; }, any, { ...; }> | undefined'.
      Type 'Resolver<{ username: string; email: string; name: string; role: string; opmcIds: string[]; password?: string | undefined; employeeId?: string | undefined; supervisorId?: string | undefined; assignedStoreId?: string | undefined; status?: string | undefined; }, any, TFieldValues>' is not assignable to type 'Resolver<{ username: string; email: string; name: string; role: string; opmcIds: string[]; password?: string | undefined; employeeId?: string | undefined; supervisorId?: string | undefined; assignedStoreId?: string | undefined; status?: string | undefined; }, any, { ...; }>'.
        Type 'ResolverResult<{ username: string; email: string; name: string; role: string; opmcIds: string[]; password?: string | undefined; employeeId?: string | undefined; supervisorId?: string | undefined; assignedStoreId?: string | undefined; status?: string | undefined; }, TFieldValues> | Promise<...>' is not assignable to type 'ResolverResult<{ username: string; email: string; name: string; role: string; opmcIds: string[]; password?: string | undefined; employeeId?: string | undefined; supervisorId?: string | undefined; assignedStoreId?: string | undefined; status?: string | undefined; }, { ...; }> | Promise<...>'.
          Type 'ResolverSuccess<TFieldValues>' is not assignable to type 'ResolverResult<{ username: string; email: string; name: string; role: string; opmcIds: string[]; password?: string | undefined; employeeId?: string | undefined; supervisorId?: string | undefined; assignedStoreId?: string | undefined; status?: string | undefined; }, { ...; }> | Promise<...>'.
            Type 'ResolverSuccess<TFieldValues>' is not assignable to type 'ResolverSuccess<{ username: string; email: string; name: string; role: string; opmcIds: string[]; password?: string | undefined; employeeId?: string | undefined; supervisorId?: string | undefined; assignedStoreId?: string | undefined; status?: string | undefined; }>'.
              Type 'TFieldValues' is not assignable to type '{ username: string; email: string; name: string; role: string; opmcIds: string[]; password?: string | undefined; employeeId?: string | undefined; supervisorId?: string | undefined; assignedStoreId?: string | undefined; status?: string | undefined; }'.
                Type 'FieldValues' is missing the following properties from type '{ username: string; email: string; name: string; role: string; opmcIds: string[]; password?: string | undefined; employeeId?: string | undefined; supervisorId?: string | undefined; assignedStoreId?: string | undefined; status?: string | undefined; }': username, email, name, role, opmcIds
src/app/admin/users/components/UserFormDialog.tsx(215,52): error TS2322: Type 'Control<{ username: string; email: string; name: string; role: string; opmcIds: string[]; password?: string | undefined; employeeId?: string | undefined; supervisorId?: string | undefined; assignedStoreId?: string | undefined; status?: string | undefined; }, any, TFieldValues>' is not assignable to type 'Control<{ username: string; email: string; name: string; role: string; opmcIds: string[]; password?: string | undefined; employeeId?: string | undefined; supervisorId?: string | undefined; assignedStoreId?: string | undefined; status?: string | undefined; }, any, { ...; }>'.
  The types of '_options.resolver' are incompatible between these types.
    Type 'Resolver<{ username: string; email: string; name: string; role: string; opmcIds: string[]; password?: string | undefined; employeeId?: string | undefined; supervisorId?: string | undefined; assignedStoreId?: string | undefined; status?: string | undefined; }, any, TFieldValues> | undefined' is not assignable to type 'Resolver<{ username: string; email: string; name: string; role: string; opmcIds: string[]; password?: string | undefined; employeeId?: string | undefined; supervisorId?: string | undefined; assignedStoreId?: string | undefined; status?: string | undefined; }, any, { ...; }> | undefined'.
      Type 'Resolver<{ username: string; email: string; name: string; role: string; opmcIds: string[]; password?: string | undefined; employeeId?: string | undefined; supervisorId?: string | undefined; assignedStoreId?: string | undefined; status?: string | undefined; }, any, TFieldValues>' is not assignable to type 'Resolver<{ username: string; email: string; name: string; role: string; opmcIds: string[]; password?: string | undefined; employeeId?: string | undefined; supervisorId?: string | undefined; assignedStoreId?: string | undefined; status?: string | undefined; }, any, { ...; }>'.
        Type 'ResolverResult<{ username: string; email: string; name: string; role: string; opmcIds: string[]; password?: string | undefined; employeeId?: string | undefined; supervisorId?: string | undefined; assignedStoreId?: string | undefined; status?: string | undefined; }, TFieldValues> | Promise<...>' is not assignable to type 'ResolverResult<{ username: string; email: string; name: string; role: string; opmcIds: string[]; password?: string | undefined; employeeId?: string | undefined; supervisorId?: string | undefined; assignedStoreId?: string | undefined; status?: string | undefined; }, { ...; }> | Promise<...>'.
          Type 'ResolverSuccess<TFieldValues>' is not assignable to type 'ResolverResult<{ username: string; email: string; name: string; role: string; opmcIds: string[]; password?: string | undefined; employeeId?: string | undefined; supervisorId?: string | undefined; assignedStoreId?: string | undefined; status?: string | undefined; }, { ...; }> | Promise<...>'.
            Type 'ResolverSuccess<TFieldValues>' is not assignable to type 'ResolverSuccess<{ username: string; email: string; name: string; role: string; opmcIds: string[]; password?: string | undefined; employeeId?: string | undefined; supervisorId?: string | undefined; assignedStoreId?: string | undefined; status?: string | undefined; }>'.
              Type 'TFieldValues' is not assignable to type '{ username: string; email: string; name: string; role: string; opmcIds: string[]; password?: string | undefined; employeeId?: string | undefined; supervisorId?: string | undefined; assignedStoreId?: string | undefined; status?: string | undefined; }'.
                Type 'FieldValues' is missing the following properties from type '{ username: string; email: string; name: string; role: string; opmcIds: string[]; password?: string | undefined; employeeId?: string | undefined; supervisorId?: string | undefined; assignedStoreId?: string | undefined; status?: string | undefined; }': username, email, name, role, opmcIds
src/app/admin/users/components/UserFormDialog.tsx(225,52): error TS2322: Type 'Control<{ username: string; email: string; name: string; role: string; opmcIds: string[]; password?: string | undefined; employeeId?: string | undefined; supervisorId?: string | undefined; assignedStoreId?: string | undefined; status?: string | undefined; }, any, TFieldValues>' is not assignable to type 'Control<{ username: string; email: string; name: string; role: string; opmcIds: string[]; password?: string | undefined; employeeId?: string | undefined; supervisorId?: string | undefined; assignedStoreId?: string | undefined; status?: string | undefined; }, any, { ...; }>'.
  The types of '_options.resolver' are incompatible between these types.
    Type 'Resolver<{ username: string; email: string; name: string; role: string; opmcIds: string[]; password?: string | undefined; employeeId?: string | undefined; supervisorId?: string | undefined; assignedStoreId?: string | undefined; status?: string | undefined; }, any, TFieldValues> | undefined' is not assignable to type 'Resolver<{ username: string; email: string; name: string; role: string; opmcIds: string[]; password?: string | undefined; employeeId?: string | undefined; supervisorId?: string | undefined; assignedStoreId?: string | undefined; status?: string | undefined; }, any, { ...; }> | undefined'.
      Type 'Resolver<{ username: string; email: string; name: string; role: string; opmcIds: string[]; password?: string | undefined; employeeId?: string | undefined; supervisorId?: string | undefined; assignedStoreId?: string | undefined; status?: string | undefined; }, any, TFieldValues>' is not assignable to type 'Resolver<{ username: string; email: string; name: string; role: string; opmcIds: string[]; password?: string | undefined; employeeId?: string | undefined; supervisorId?: string | undefined; assignedStoreId?: string | undefined; status?: string | undefined; }, any, { ...; }>'.
        Type 'ResolverResult<{ username: string; email: string; name: string; role: string; opmcIds: string[]; password?: string | undefined; employeeId?: string | undefined; supervisorId?: string | undefined; assignedStoreId?: string | undefined; status?: string | undefined; }, TFieldValues> | Promise<...>' is not assignable to type 'ResolverResult<{ username: string; email: string; name: string; role: string; opmcIds: string[]; password?: string | undefined; employeeId?: string | undefined; supervisorId?: string | undefined; assignedStoreId?: string | undefined; status?: string | undefined; }, { ...; }> | Promise<...>'.
          Type 'ResolverSuccess<TFieldValues>' is not assignable to type 'ResolverResult<{ username: string; email: string; name: string; role: string; opmcIds: string[]; password?: string | undefined; employeeId?: string | undefined; supervisorId?: string | undefined; assignedStoreId?: string | undefined; status?: string | undefined; }, { ...; }> | Promise<...>'.
            Type 'ResolverSuccess<TFieldValues>' is not assignable to type 'ResolverSuccess<{ username: string; email: string; name: string; role: string; opmcIds: string[]; password?: string | undefined; employeeId?: string | undefined; supervisorId?: string | undefined; assignedStoreId?: string | undefined; status?: string | undefined; }>'.
              Type 'TFieldValues' is not assignable to type '{ username: string; email: string; name: string; role: string; opmcIds: string[]; password?: string | undefined; employeeId?: string | undefined; supervisorId?: string | undefined; assignedStoreId?: string | undefined; status?: string | undefined; }'.
                Type 'FieldValues' is missing the following properties from type '{ username: string; email: string; name: string; role: string; opmcIds: string[]; password?: string | undefined; employeeId?: string | undefined; supervisorId?: string | undefined; assignedStoreId?: string | undefined; status?: string | undefined; }': username, email, name, role, opmcIds
src/app/admin/users/components/UserFormDialog.tsx(233,52): error TS2322: Type 'Control<{ username: string; email: string; name: string; role: string; opmcIds: string[]; password?: string | undefined; employeeId?: string | undefined; supervisorId?: string | undefined; assignedStoreId?: string | undefined; status?: string | undefined; }, any, TFieldValues>' is not assignable to type 'Control<{ username: string; email: string; name: string; role: string; opmcIds: string[]; password?: string | undefined; employeeId?: string | undefined; supervisorId?: string | undefined; assignedStoreId?: string | undefined; status?: string | undefined; }, any, { ...; }>'.
  The types of '_options.resolver' are incompatible between these types.
    Type 'Resolver<{ username: string; email: string; name: string; role: string; opmcIds: string[]; password?: string | undefined; employeeId?: string | undefined; supervisorId?: string | undefined; assignedStoreId?: string | undefined; status?: string | undefined; }, any, TFieldValues> | undefined' is not assignable to type 'Resolver<{ username: string; email: string; name: string; role: string; opmcIds: string[]; password?: string | undefined; employeeId?: string | undefined; supervisorId?: string | undefined; assignedStoreId?: string | undefined; status?: string | undefined; }, any, { ...; }> | undefined'.
      Type 'Resolver<{ username: string; email: string; name: string; role: string; opmcIds: string[]; password?: string | undefined; employeeId?: string | undefined; supervisorId?: string | undefined; assignedStoreId?: string | undefined; status?: string | undefined; }, any, TFieldValues>' is not assignable to type 'Resolver<{ username: string; email: string; name: string; role: string; opmcIds: string[]; password?: string | undefined; employeeId?: string | undefined; supervisorId?: string | undefined; assignedStoreId?: string | undefined; status?: string | undefined; }, any, { ...; }>'.
        Type 'ResolverResult<{ username: string; email: string; name: string; role: string; opmcIds: string[]; password?: string | undefined; employeeId?: string | undefined; supervisorId?: string | undefined; assignedStoreId?: string | undefined; status?: string | undefined; }, TFieldValues> | Promise<...>' is not assignable to type 'ResolverResult<{ username: string; email: string; name: string; role: string; opmcIds: string[]; password?: string | undefined; employeeId?: string | undefined; supervisorId?: string | undefined; assignedStoreId?: string | undefined; status?: string | undefined; }, { ...; }> | Promise<...>'.
          Type 'ResolverSuccess<TFieldValues>' is not assignable to type 'ResolverResult<{ username: string; email: string; name: string; role: string; opmcIds: string[]; password?: string | undefined; employeeId?: string | undefined; supervisorId?: string | undefined; assignedStoreId?: string | undefined; status?: string | undefined; }, { ...; }> | Promise<...>'.
            Type 'ResolverSuccess<TFieldValues>' is not assignable to type 'ResolverSuccess<{ username: string; email: string; name: string; role: string; opmcIds: string[]; password?: string | undefined; employeeId?: string | undefined; supervisorId?: string | undefined; assignedStoreId?: string | undefined; status?: string | undefined; }>'.
              Type 'TFieldValues' is not assignable to type '{ username: string; email: string; name: string; role: string; opmcIds: string[]; password?: string | undefined; employeeId?: string | undefined; supervisorId?: string | undefined; assignedStoreId?: string | undefined; status?: string | undefined; }'.
                Type 'FieldValues' is missing the following properties from type '{ username: string; email: string; name: string; role: string; opmcIds: string[]; password?: string | undefined; employeeId?: string | undefined; supervisorId?: string | undefined; assignedStoreId?: string | undefined; status?: string | undefined; }': username, email, name, role, opmcIds
src/app/admin/users/components/UserFormDialog.tsx(253,48): error TS2322: Type 'Control<{ username: string; email: string; name: string; role: string; opmcIds: string[]; password?: string | undefined; employeeId?: string | undefined; supervisorId?: string | undefined; assignedStoreId?: string | undefined; status?: string | undefined; }, any, TFieldValues>' is not assignable to type 'Control<{ username: string; email: string; name: string; role: string; opmcIds: string[]; password?: string | undefined; employeeId?: string | undefined; supervisorId?: string | undefined; assignedStoreId?: string | undefined; status?: string | undefined; }, any, { ...; }>'.
  The types of '_options.resolver' are incompatible between these types.
    Type 'Resolver<{ username: string; email: string; name: string; role: string; opmcIds: string[]; password?: string | undefined; employeeId?: string | undefined; supervisorId?: string | undefined; assignedStoreId?: string | undefined; status?: string | undefined; }, any, TFieldValues> | undefined' is not assignable to type 'Resolver<{ username: string; email: string; name: string; role: string; opmcIds: string[]; password?: string | undefined; employeeId?: string | undefined; supervisorId?: string | undefined; assignedStoreId?: string | undefined; status?: string | undefined; }, any, { ...; }> | undefined'.
      Type 'Resolver<{ username: string; email: string; name: string; role: string; opmcIds: string[]; password?: string | undefined; employeeId?: string | undefined; supervisorId?: string | undefined; assignedStoreId?: string | undefined; status?: string | undefined; }, any, TFieldValues>' is not assignable to type 'Resolver<{ username: string; email: string; name: string; role: string; opmcIds: string[]; password?: string | undefined; employeeId?: string | undefined; supervisorId?: string | undefined; assignedStoreId?: string | undefined; status?: string | undefined; }, any, { ...; }>'.
        Type 'ResolverResult<{ username: string; email: string; name: string; role: string; opmcIds: string[]; password?: string | undefined; employeeId?: string | undefined; supervisorId?: string | undefined; assignedStoreId?: string | undefined; status?: string | undefined; }, TFieldValues> | Promise<...>' is not assignable to type 'ResolverResult<{ username: string; email: string; name: string; role: string; opmcIds: string[]; password?: string | undefined; employeeId?: string | undefined; supervisorId?: string | undefined; assignedStoreId?: string | undefined; status?: string | undefined; }, { ...; }> | Promise<...>'.
          Type 'ResolverSuccess<TFieldValues>' is not assignable to type 'ResolverResult<{ username: string; email: string; name: string; role: string; opmcIds: string[]; password?: string | undefined; employeeId?: string | undefined; supervisorId?: string | undefined; assignedStoreId?: string | undefined; status?: string | undefined; }, { ...; }> | Promise<...>'.
            Type 'ResolverSuccess<TFieldValues>' is not assignable to type 'ResolverSuccess<{ username: string; email: string; name: string; role: string; opmcIds: string[]; password?: string | undefined; employeeId?: string | undefined; supervisorId?: string | undefined; assignedStoreId?: string | undefined; status?: string | undefined; }>'.
              Type 'TFieldValues' is not assignable to type '{ username: string; email: string; name: string; role: string; opmcIds: string[]; password?: string | undefined; employeeId?: string | undefined; supervisorId?: string | undefined; assignedStoreId?: string | undefined; status?: string | undefined; }'.
                Type 'FieldValues' is missing the following properties from type '{ username: string; email: string; name: string; role: string; opmcIds: string[]; password?: string | undefined; employeeId?: string | undefined; supervisorId?: string | undefined; assignedStoreId?: string | undefined; status?: string | undefined; }': username, email, name, role, opmcIds
src/app/admin/users/components/UserFormDialog.tsx(284,48): error TS2322: Type 'Control<{ username: string; email: string; name: string; role: string; opmcIds: string[]; password?: string | undefined; employeeId?: string | undefined; supervisorId?: string | undefined; assignedStoreId?: string | undefined; status?: string | undefined; }, any, TFieldValues>' is not assignable to type 'Control<{ username: string; email: string; name: string; role: string; opmcIds: string[]; password?: string | undefined; employeeId?: string | undefined; supervisorId?: string | undefined; assignedStoreId?: string | undefined; status?: string | undefined; }, any, { ...; }>'.
  The types of '_options.resolver' are incompatible between these types.
    Type 'Resolver<{ username: string; email: string; name: string; role: string; opmcIds: string[]; password?: string | undefined; employeeId?: string | undefined; supervisorId?: string | undefined; assignedStoreId?: string | undefined; status?: string | undefined; }, any, TFieldValues> | undefined' is not assignable to type 'Resolver<{ username: string; email: string; name: string; role: string; opmcIds: string[]; password?: string | undefined; employeeId?: string | undefined; supervisorId?: string | undefined; assignedStoreId?: string | undefined; status?: string | undefined; }, any, { ...; }> | undefined'.
      Type 'Resolver<{ username: string; email: string; name: string; role: string; opmcIds: string[]; password?: string | undefined; employeeId?: string | undefined; supervisorId?: string | undefined; assignedStoreId?: string | undefined; status?: string | undefined; }, any, TFieldValues>' is not assignable to type 'Resolver<{ username: string; email: string; name: string; role: string; opmcIds: string[]; password?: string | undefined; employeeId?: string | undefined; supervisorId?: string | undefined; assignedStoreId?: string | undefined; status?: string | undefined; }, any, { ...; }>'.
        Type 'ResolverResult<{ username: string; email: string; name: string; role: string; opmcIds: string[]; password?: string | undefined; employeeId?: string | undefined; supervisorId?: string | undefined; assignedStoreId?: string | undefined; status?: string | undefined; }, TFieldValues> | Promise<...>' is not assignable to type 'ResolverResult<{ username: string; email: string; name: string; role: string; opmcIds: string[]; password?: string | undefined; employeeId?: string | undefined; supervisorId?: string | undefined; assignedStoreId?: string | undefined; status?: string | undefined; }, { ...; }> | Promise<...>'.
          Type 'ResolverSuccess<TFieldValues>' is not assignable to type 'ResolverResult<{ username: string; email: string; name: string; role: string; opmcIds: string[]; password?: string | undefined; employeeId?: string | undefined; supervisorId?: string | undefined; assignedStoreId?: string | undefined; status?: string | undefined; }, { ...; }> | Promise<...>'.
            Type 'ResolverSuccess<TFieldValues>' is not assignable to type 'ResolverSuccess<{ username: string; email: string; name: string; role: string; opmcIds: string[]; password?: string | undefined; employeeId?: string | undefined; supervisorId?: string | undefined; assignedStoreId?: string | undefined; status?: string | undefined; }>'.
              Type 'TFieldValues' is not assignable to type '{ username: string; email: string; name: string; role: string; opmcIds: string[]; password?: string | undefined; employeeId?: string | undefined; supervisorId?: string | undefined; assignedStoreId?: string | undefined; status?: string | undefined; }'.
                Type 'FieldValues' is missing the following properties from type '{ username: string; email: string; name: string; role: string; opmcIds: string[]; password?: string | undefined; employeeId?: string | undefined; supervisorId?: string | undefined; assignedStoreId?: string | undefined; status?: string | undefined; }': username, email, name, role, opmcIds
src/app/admin/users/components/UserFormDialog.tsx(303,48): error TS2322: Type 'Control<{ username: string; email: string; name: string; role: string; opmcIds: string[]; password?: string | undefined; employeeId?: string | undefined; supervisorId?: string | undefined; assignedStoreId?: string | undefined; status?: string | undefined; }, any, TFieldValues>' is not assignable to type 'Control<{ username: string; email: string; name: string; role: string; opmcIds: string[]; password?: string | undefined; employeeId?: string | undefined; supervisorId?: string | undefined; assignedStoreId?: string | undefined; status?: string | undefined; }, any, { ...; }>'.
  The types of '_options.resolver' are incompatible between these types.
    Type 'Resolver<{ username: string; email: string; name: string; role: string; opmcIds: string[]; password?: string | undefined; employeeId?: string | undefined; supervisorId?: string | undefined; assignedStoreId?: string | undefined; status?: string | undefined; }, any, TFieldValues> | undefined' is not assignable to type 'Resolver<{ username: string; email: string; name: string; role: string; opmcIds: string[]; password?: string | undefined; employeeId?: string | undefined; supervisorId?: string | undefined; assignedStoreId?: string | undefined; status?: string | undefined; }, any, { ...; }> | undefined'.
      Type 'Resolver<{ username: string; email: string; name: string; role: string; opmcIds: string[]; password?: string | undefined; employeeId?: string | undefined; supervisorId?: string | undefined; assignedStoreId?: string | undefined; status?: string | undefined; }, any, TFieldValues>' is not assignable to type 'Resolver<{ username: string; email: string; name: string; role: string; opmcIds: string[]; password?: string | undefined; employeeId?: string | undefined; supervisorId?: string | undefined; assignedStoreId?: string | undefined; status?: string | undefined; }, any, { ...; }>'.
        Type 'ResolverResult<{ username: string; email: string; name: string; role: string; opmcIds: string[]; password?: string | undefined; employeeId?: string | undefined; supervisorId?: string | undefined; assignedStoreId?: string | undefined; status?: string | undefined; }, TFieldValues> | Promise<...>' is not assignable to type 'ResolverResult<{ username: string; email: string; name: string; role: string; opmcIds: string[]; password?: string | undefined; employeeId?: string | undefined; supervisorId?: string | undefined; assignedStoreId?: string | undefined; status?: string | undefined; }, { ...; }> | Promise<...>'.
          Type 'ResolverSuccess<TFieldValues>' is not assignable to type 'ResolverResult<{ username: string; email: string; name: string; role: string; opmcIds: string[]; password?: string | undefined; employeeId?: string | undefined; supervisorId?: string | undefined; assignedStoreId?: string | undefined; status?: string | undefined; }, { ...; }> | Promise<...>'.
            Type 'ResolverSuccess<TFieldValues>' is not assignable to type 'ResolverSuccess<{ username: string; email: string; name: string; role: string; opmcIds: string[]; password?: string | undefined; employeeId?: string | undefined; supervisorId?: string | undefined; assignedStoreId?: string | undefined; status?: string | undefined; }>'.
              Type 'TFieldValues' is not assignable to type '{ username: string; email: string; name: string; role: string; opmcIds: string[]; password?: string | undefined; employeeId?: string | undefined; supervisorId?: string | undefined; assignedStoreId?: string | undefined; status?: string | undefined; }'.
                Type 'FieldValues' is missing the following properties from type '{ username: string; email: string; name: string; role: string; opmcIds: string[]; password?: string | undefined; employeeId?: string | undefined; supervisorId?: string | undefined; assignedStoreId?: string | undefined; status?: string | undefined; }': username, email, name, role, opmcIds
src/app/admin/users/components/UserFormDialog.tsx(342,48): error TS2322: Type 'Control<{ username: string; email: string; name: string; role: string; opmcIds: string[]; password?: string | undefined; employeeId?: string | undefined; supervisorId?: string | undefined; assignedStoreId?: string | undefined; status?: string | undefined; }, any, TFieldValues>' is not assignable to type 'Control<{ username: string; email: string; name: string; role: string; opmcIds: string[]; password?: string | undefined; employeeId?: string | undefined; supervisorId?: string | undefined; assignedStoreId?: string | undefined; status?: string | undefined; }, any, { ...; }>'.
  The types of '_options.resolver' are incompatible between these types.
    Type 'Resolver<{ username: string; email: string; name: string; role: string; opmcIds: string[]; password?: string | undefined; employeeId?: string | undefined; supervisorId?: string | undefined; assignedStoreId?: string | undefined; status?: string | undefined; }, any, TFieldValues> | undefined' is not assignable to type 'Resolver<{ username: string; email: string; name: string; role: string; opmcIds: string[]; password?: string | undefined; employeeId?: string | undefined; supervisorId?: string | undefined; assignedStoreId?: string | undefined; status?: string | undefined; }, any, { ...; }> | undefined'.
      Type 'Resolver<{ username: string; email: string; name: string; role: string; opmcIds: string[]; password?: string | undefined; employeeId?: string | undefined; supervisorId?: string | undefined; assignedStoreId?: string | undefined; status?: string | undefined; }, any, TFieldValues>' is not assignable to type 'Resolver<{ username: string; email: string; name: string; role: string; opmcIds: string[]; password?: string | undefined; employeeId?: string | undefined; supervisorId?: string | undefined; assignedStoreId?: string | undefined; status?: string | undefined; }, any, { ...; }>'.
        Type 'ResolverResult<{ username: string; email: string; name: string; role: string; opmcIds: string[]; password?: string | undefined; employeeId?: string | undefined; supervisorId?: string | undefined; assignedStoreId?: string | undefined; status?: string | undefined; }, TFieldValues> | Promise<...>' is not assignable to type 'ResolverResult<{ username: string; email: string; name: string; role: string; opmcIds: string[]; password?: string | undefined; employeeId?: string | undefined; supervisorId?: string | undefined; assignedStoreId?: string | undefined; status?: string | undefined; }, { ...; }> | Promise<...>'.
          Type 'ResolverSuccess<TFieldValues>' is not assignable to type 'ResolverResult<{ username: string; email: string; name: string; role: string; opmcIds: string[]; password?: string | undefined; employeeId?: string | undefined; supervisorId?: string | undefined; assignedStoreId?: string | undefined; status?: string | undefined; }, { ...; }> | Promise<...>'.
            Type 'ResolverSuccess<TFieldValues>' is not assignable to type 'ResolverSuccess<{ username: string; email: string; name: string; role: string; opmcIds: string[]; password?: string | undefined; employeeId?: string | undefined; supervisorId?: string | undefined; assignedStoreId?: string | undefined; status?: string | undefined; }>'.
              Type 'TFieldValues' is not assignable to type '{ username: string; email: string; name: string; role: string; opmcIds: string[]; password?: string | undefined; employeeId?: string | undefined; supervisorId?: string | undefined; assignedStoreId?: string | undefined; status?: string | undefined; }'.
                Type 'FieldValues' is missing the following properties from type '{ username: string; email: string; name: string; role: string; opmcIds: string[]; password?: string | undefined; employeeId?: string | undefined; supervisorId?: string | undefined; assignedStoreId?: string | undefined; status?: string | undefined; }': username, email, name, role, opmcIds
src/app/admin/users/components/UserFormDialog.tsx(365,48): error TS2322: Type 'Control<{ username: string; email: string; name: string; role: string; opmcIds: string[]; password?: string | undefined; employeeId?: string | undefined; supervisorId?: string | undefined; assignedStoreId?: string | undefined; status?: string | undefined; }, any, TFieldValues>' is not assignable to type 'Control<{ username: string; email: string; name: string; role: string; opmcIds: string[]; password?: string | undefined; employeeId?: string | undefined; supervisorId?: string | undefined; assignedStoreId?: string | undefined; status?: string | undefined; }, any, { ...; }>'.
  The types of '_options.resolver' are incompatible between these types.
    Type 'Resolver<{ username: string; email: string; name: string; role: string; opmcIds: string[]; password?: string | undefined; employeeId?: string | undefined; supervisorId?: string | undefined; assignedStoreId?: string | undefined; status?: string | undefined; }, any, TFieldValues> | undefined' is not assignable to type 'Resolver<{ username: string; email: string; name: string; role: string; opmcIds: string[]; password?: string | undefined; employeeId?: string | undefined; supervisorId?: string | undefined; assignedStoreId?: string | undefined; status?: string | undefined; }, any, { ...; }> | undefined'.
      Type 'Resolver<{ username: string; email: string; name: string; role: string; opmcIds: string[]; password?: string | undefined; employeeId?: string | undefined; supervisorId?: string | undefined; assignedStoreId?: string | undefined; status?: string | undefined; }, any, TFieldValues>' is not assignable to type 'Resolver<{ username: string; email: string; name: string; role: string; opmcIds: string[]; password?: string | undefined; employeeId?: string | undefined; supervisorId?: string | undefined; assignedStoreId?: string | undefined; status?: string | undefined; }, any, { ...; }>'.
        Type 'ResolverResult<{ username: string; email: string; name: string; role: string; opmcIds: string[]; password?: string | undefined; employeeId?: string | undefined; supervisorId?: string | undefined; assignedStoreId?: string | undefined; status?: string | undefined; }, TFieldValues> | Promise<...>' is not assignable to type 'ResolverResult<{ username: string; email: string; name: string; role: string; opmcIds: string[]; password?: string | undefined; employeeId?: string | undefined; supervisorId?: string | undefined; assignedStoreId?: string | undefined; status?: string | undefined; }, { ...; }> | Promise<...>'.
          Type 'ResolverSuccess<TFieldValues>' is not assignable to type 'ResolverResult<{ username: string; email: string; name: string; role: string; opmcIds: string[]; password?: string | undefined; employeeId?: string | undefined; supervisorId?: string | undefined; assignedStoreId?: string | undefined; status?: string | undefined; }, { ...; }> | Promise<...>'.
            Type 'ResolverSuccess<TFieldValues>' is not assignable to type 'ResolverSuccess<{ username: string; email: string; name: string; role: string; opmcIds: string[]; password?: string | undefined; employeeId?: string | undefined; supervisorId?: string | undefined; assignedStoreId?: string | undefined; status?: string | undefined; }>'.
              Type 'TFieldValues' is not assignable to type '{ username: string; email: string; name: string; role: string; opmcIds: string[]; password?: string | undefined; employeeId?: string | undefined; supervisorId?: string | undefined; assignedStoreId?: string | undefined; status?: string | undefined; }'.
                Type 'FieldValues' is missing the following properties from type '{ username: string; email: string; name: string; role: string; opmcIds: string[]; password?: string | undefined; employeeId?: string | undefined; supervisorId?: string | undefined; assignedStoreId?: string | undefined; status?: string | undefined; }': username, email, name, role, opmcIds
src/app/api/banks/[bankId]/branches/[branchId]/route.ts(15,43): error TS2345: Argument of type 'unknown' is not assignable to parameter of type 'string'.
src/app/api/banks/[bankId]/branches/[branchId]/route.ts(23,36): error TS2345: Argument of type 'unknown' is not assignable to parameter of type 'string'.
src/app/api/banks/[bankId]/branches/route.ts(14,42): error TS2345: Argument of type 'unknown' is not assignable to parameter of type 'string'.
src/app/api/banks/[bankId]/branches/route.ts(20,43): error TS2345: Argument of type 'unknown' is not assignable to parameter of type 'string'.
src/app/api/banks/[bankId]/route.ts(15,41): error TS2345: Argument of type 'unknown' is not assignable to parameter of type 'string'.
src/app/api/banks/[bankId]/route.ts(23,34): error TS2345: Argument of type 'unknown' is not assignable to parameter of type 'string'.
src/app/api/contractor-portal/issues/[id]/accept/route.ts(19,74): error TS2345: Argument of type 'unknown' is not assignable to parameter of type 'string | undefined'.
src/app/api/contractor-portal/returns/[id]/accept/route.ts(18,9): error TS2345: Argument of type 'Record<string, unknown>' is not assignable to parameter of type 'Record<string, number>'.
  'string' index signatures are incompatible.
    Type 'unknown' is not assignable to type 'number'.
src/app/api/finance/ar/receipts/route.ts(27,23): error TS2352: Conversion of type 'Request' to type 'Record<string, unknown>' may be a mistake because neither type sufficiently overlaps with the other. If this was intentional, convert the expression to 'unknown' first.
  Index signature for type 'string' is missing in type 'Request'.
src/app/api/finance/ar/receipts/route.ts(27,61): error TS2339: Property 'id' does not exist on type '{}'.
src/app/api/gis/auto-plan/ai-optimize/route.ts(98,136): error TS2339: Property 'length' does not exist on type '{}'.
src/app/api/gis/process/route.ts(59,17): error TS1196: Catch clause variable type annotation must be 'any' or 'unknown' if specified.
src/app/api/health/route.ts(25,9): error TS18046: 'health.services' is of type 'unknown'.
src/app/api/health/route.ts(30,39): error TS2571: Object is of type 'unknown'.
src/app/api/health/route.ts(32,17): error TS18046: 'health.monitoring' is of type 'unknown'.
src/app/api/health/route.ts(43,9): error TS18046: 'health.services' is of type 'unknown'.
src/app/api/health/route.ts(50,9): error TS18046: 'health.services' is of type 'unknown'.
src/app/api/health/route.ts(53,9): error TS18046: 'health.services' is of type 'unknown'.
src/app/api/inventory/balance-sheet/route.ts(9,64): error TS2345: Argument of type '{ userId: string; }' is not assignable to parameter of type '{ contractorId: string; storeId: string; month: string; items: BalanceSheetItemInput[]; userId: string; }'.
  Type '{ userId: string; }' is missing the following properties from type '{ contractorId: string; storeId: string; month: string; items: BalanceSheetItemInput[]; userId: string; }': contractorId, storeId, month, items
src/app/api/inventory/cycle-counts/[id]/approve/route.ts(10,53): error TS2345: Argument of type 'unknown' is not assignable to parameter of type 'string'.
src/app/api/inventory/items/route.ts(52,50): error TS2345: Argument of type 'unknown[]' is not assignable to parameter of type 'Record<string, unknown>[]'.
  Type 'unknown' is not assignable to type 'Record<string, unknown>'.
src/app/api/inventory/requests/action/route.ts(18,9): error TS2322: Type 'Record<string, unknown>' is not assignable to type '"RETURN" | "APPROVE" | "REJECT" | "RELEASE" | "RECEIVE" | "ARM_APPROVE" | "STORES_MANAGER_APPROVE" | "PROCUREMENT_COMPLETE"'.
src/app/api/inventory/requests/action/route.ts(18,17): error TS2352: Conversion of type 'string' to type 'Record<string, unknown>' may be a mistake because neither type sufficiently overlaps with the other. If this was intentional, convert the expression to 'unknown' first.
src/app/api/inventory/serials/retire/route.ts(15,69): error TS2345: Argument of type 'Record<string, unknown>' is not assignable to parameter of type '"FAULTY" | "IN_STORE"'.
src/app/api/inventory/serials/retire/route.ts(15,69): error TS2352: Conversion of type 'string' to type 'Record<string, unknown>' may be a mistake because neither type sufficiently overlaps with the other. If this was intentional, convert the expression to 'unknown' first.
src/app/api/inventory/stock/route.ts(32,68): error TS2345: Argument of type 'Record<string, unknown>' is not assignable to parameter of type '{ itemId: string; quantity: string | number; }[]'.
  Type 'Record<string, unknown>' is missing the following properties from type '{ itemId: string; quantity: string | number; }[]': length, pop, push, concat, and 35 more.
src/app/api/inventory/stock/route.ts(32,68): error TS2352: Conversion of type 'unknown[]' to type 'Record<string, unknown>' may be a mistake because neither type sufficiently overlaps with the other. If this was intentional, convert the expression to 'unknown' first.
  Index signature for type 'string' is missing in type 'unknown[]'.
src/app/api/notifications/analytics/route.ts(18,21): error TS2352: Conversion of type 'string | null' to type 'Record<string, unknown>' may be a mistake because neither type sufficiently overlaps with the other. If this was intentional, convert the expression to 'unknown' first.
  Type 'string' is not comparable to type 'Record<string, unknown>'.
src/app/api/notifications/analytics/route.ts(20,71): error TS2345: Argument of type 'Record<string, unknown>' is not assignable to parameter of type '"24h" | "7d" | "30d" | "all"'.
src/app/api/notifications/push/route.ts(6,60): error TS2345: Argument of type 'Record<string, unknown>' is not assignable to parameter of type 'PushSubscriptionPayload'.
  Type 'Record<string, unknown>' is missing the following properties from type 'PushSubscriptionPayload': endpoint, keys
src/app/api/notifications/ws/route.ts(18,17): error TS2571: Object is of type 'unknown'.
src/app/api/payments/route.ts(78,17): error TS2322: Type '{}' is not assignable to type 'string'.
src/app/api/payments/route.ts(78,22): error TS2352: Conversion of type 'Payment' to type 'Record<string, unknown>' may be a mistake because neither type sufficiently overlaps with the other. If this was intentional, convert the expression to 'unknown' first.
  Index signature for type 'string' is missing in type 'Payment'.
src/app/api/payments/route.ts(80,25): error TS2352: Conversion of type 'Invoice' to type 'Record<string, unknown>' may be a mistake because neither type sufficiently overlaps with the other. If this was intentional, convert the expression to 'unknown' first.
  Index signature for type 'string' is missing in type 'Invoice'.
src/app/api/payments/route.ts(80,70): error TS2339: Property 'name' does not exist on type '{}'.
src/app/api/payments/route.ts(80,79): error TS2352: Conversion of type 'Invoice' to type 'Record<string, unknown>' may be a mistake because neither type sufficiently overlaps with the other. If this was intentional, convert the expression to 'unknown' first.
  Index signature for type 'string' is missing in type 'Invoice'.
src/app/api/payments/route.ts(81,17): error TS2322: Type '{}' is not assignable to type 'string'.
src/app/api/payments/route.ts(81,33): error TS2352: Conversion of type 'Invoice' to type 'Record<string, unknown>' may be a mistake because neither type sufficiently overlaps with the other. If this was intentional, convert the expression to 'unknown' first.
  Index signature for type 'string' is missing in type 'Invoice'.
src/app/api/payments/route.ts(82,17): error TS2322: Type '{} | undefined' is not assignable to type 'string | undefined'.
  Type '{}' is not assignable to type 'string'.
src/app/api/payments/route.ts(82,29): error TS2352: Conversion of type 'Invoice' to type 'Record<string, unknown>' may be a mistake because neither type sufficiently overlaps with the other. If this was intentional, convert the expression to 'unknown' first.
  Index signature for type 'string' is missing in type 'Invoice'.
src/app/api/projects/[id]/hse/route.ts(28,9): error TS2740: Type 'Record<string, unknown>' is missing the following properties from type 'HSEAttendeeInput[]': length, pop, push, concat, and 35 more.
src/app/api/projects/[id]/survey/sessions/route.ts(70,94): error TS2345: Argument of type 'Record<string, unknown>' is not assignable to parameter of type '"complete" | "abandon"'.
src/app/api/projects/[id]/survey/sessions/route.ts(70,94): error TS2352: Conversion of type 'string' to type 'Record<string, unknown>' may be a mistake because neither type sufficiently overlaps with the other. If this was intentional, convert the expression to 'unknown' first.
src/app/api/projects/[id]/surveys/route.ts(26,70): error TS2345: Argument of type 'Record<string, unknown>' is not assignable to parameter of type 'CreateSurveyRequestInput'.
  Type 'Record<string, unknown>' is missing the following properties from type 'CreateSurveyRequestInput': title, surveyType, createdById
src/app/api/projects/boq-rates/route.ts(44,65): error TS2345: Argument of type 'Record<string, unknown>' is not assignable to parameter of type 'SaveBOQRateInput'.
  Type 'Record<string, unknown>' is missing the following properties from type 'SaveBOQRateInput': itemCode, unitRate
src/app/api/projects/boq/route.ts(34,50): error TS2345: Argument of type 'Record<string, unknown>' is not assignable to parameter of type 'CreateBOQItemInput'.
  Type 'Record<string, unknown>' is missing the following properties from type 'CreateBOQItemInput': projectId, itemCode, description, unit, and 2 more.
src/app/api/projects/change-orders/route.ts(26,79): error TS2345: Argument of type 'Record<string, unknown>' is not assignable to parameter of type 'CreateChangeOrderInput'.
  Type 'Record<string, unknown>' is missing the following properties from type 'CreateChangeOrderInput': projectId, title
src/app/api/projects/change-orders/route.ts(51,72): error TS2345: Argument of type 'Record<string, unknown>' is not assignable to parameter of type 'string'.
src/app/api/projects/change-orders/route.ts(51,72): error TS2352: Conversion of type 'string | undefined' to type 'Record<string, unknown>' may be a mistake because neither type sufficiently overlaps with the other. If this was intentional, convert the expression to 'unknown' first.
  Type 'string' is not comparable to type 'Record<string, unknown>'.
src/app/api/projects/expenses/route.ts(14,54): error TS2345: Argument of type 'Record<string, unknown>' is not assignable to parameter of type 'CreateExpenseInput'.
  Type 'Record<string, unknown>' is missing the following properties from type 'CreateExpenseInput': projectId, type, amount
src/app/api/projects/goods-receipts/route.ts(38,64): error TS2345: Argument of type 'Record<string, unknown>' is not assignable to parameter of type 'CreateGoodsReceiptInput'.
  Type 'Record<string, unknown>' is missing the following properties from type 'CreateGoodsReceiptInput': poId, projectId, receivedById, items
src/app/api/projects/invoices/route.ts(33,67): error TS2345: Argument of type 'Record<string, unknown>' is not assignable to parameter of type 'CreateInvoiceInput'.
  Type 'Record<string, unknown>' is missing the following properties from type 'CreateInvoiceInput': projectId, title, items
src/app/api/projects/ir-ledger/route.ts(35,63): error TS2345: Argument of type '{ receivedById: string; }' is not assignable to parameter of type '{ irNumber: string; storeId: string; receivedById: string; items: { itemId: string; quantity: number; }[]; }'.
  Type '{ receivedById: string; }' is missing the following properties from type '{ irNumber: string; storeId: string; receivedById: string; items: { itemId: string; quantity: number; }[]; }': irNumber, storeId, items
src/app/api/projects/ir-return/route.ts(10,60): error TS2345: Argument of type '{ userId: string; }' is not assignable to parameter of type '{ projectId: string; storeId: string; batchId: string; itemId: string; quantity: number; userId: string; remarks?: string | undefined; contractorId?: string | undefined; }'.
  Type '{ userId: string; }' is missing the following properties from type '{ projectId: string; storeId: string; batchId: string; itemId: string; quantity: number; userId: string; remarks?: string | undefined; contractorId?: string | undefined; }': projectId, storeId, batchId, itemId, quantity
src/app/api/projects/ir-return/route.ts(15,57): error TS2345: Argument of type '{ userId: string; }' is not assignable to parameter of type '{ projectId: string; storeId: string; batchId: string; itemId: string; quantity: number; userId: string; gatepassNumber: string; remarks?: string | undefined; }'.
  Type '{ userId: string; }' is missing the following properties from type '{ projectId: string; storeId: string; batchId: string; itemId: string; quantity: number; userId: string; gatepassNumber: string; remarks?: string | undefined; }': projectId, storeId, batchId, itemId, and 2 more.
src/app/api/projects/ir-return/route.ts(21,61): error TS2345: Argument of type '{ userId: string; }' is not assignable to parameter of type '{ projectId: string; storeId: string; batchId: string; itemId: string; quantity: number; userId: string; remarks?: string | undefined; }'.
  Type '{ userId: string; }' is missing the following properties from type '{ projectId: string; storeId: string; batchId: string; itemId: string; quantity: number; userId: string; remarks?: string | undefined; }': projectId, storeId, batchId, itemId, quantity
src/app/api/projects/ir-transfer/route.ts(8,69): error TS2345: Argument of type '{ userId: string; }' is not assignable to parameter of type '{ sourceProjectId: string; destProjectId: string; storeId: string; batchId: string; itemId: string; quantity: number; userId: string; remarks?: string | undefined; }'.
  Type '{ userId: string; }' is missing the following properties from type '{ sourceProjectId: string; destProjectId: string; storeId: string; batchId: string; itemId: string; quantity: number; userId: string; remarks?: string | undefined; }': sourceProjectId, destProjectId, storeId, batchId, and 2 more.
src/app/api/projects/ir-wastage/route.ts(8,61): error TS2345: Argument of type '{ userId: string; }' is not assignable to parameter of type '{ projectId: string; storeId: string; batchId: string; itemId: string; quantity: number; userId: string; remarks?: string | undefined; contractorId?: string | undefined; }'.
  Type '{ userId: string; }' is missing the following properties from type '{ projectId: string; storeId: string; batchId: string; itemId: string; quantity: number; userId: string; remarks?: string | undefined; contractorId?: string | undefined; }': projectId, storeId, batchId, itemId, quantity
src/app/api/projects/milestones/route.ts(31,58): error TS2345: Argument of type 'Record<string, unknown>' is not assignable to parameter of type 'CreateMilestoneInput'.
  Type 'Record<string, unknown>' is missing the following properties from type 'CreateMilestoneInput': projectId, name, targetDate
src/app/api/projects/payment-vouchers/route.ts(28,63): error TS2345: Argument of type 'Record<string, unknown>' is not assignable to parameter of type 'CreatePVInput'.
  Type 'Record<string, unknown>' is missing the following properties from type 'CreatePVInput': projectId, title, payeeName, amount
src/app/api/projects/permits/route.ts(25,52): error TS2345: Argument of type 'Record<string, unknown>' is not assignable to parameter of type 'CreatePermitInput'.
  Type 'Record<string, unknown>' is missing the following properties from type 'CreatePermitInput': projectId, permitTypeId
src/app/api/projects/purchase-orders/route.ts(32,66): error TS2345: Argument of type 'Record<string, unknown>' is not assignable to parameter of type 'CreatePurchaseOrderInput'.
  Type 'Record<string, unknown>' is missing the following properties from type 'CreatePurchaseOrderInput': projectId, vendorId, title, items
src/app/api/projects/requisitions/route.ts(37,62): error TS2345: Argument of type 'Record<string, unknown>' is not assignable to parameter of type 'CreateRequisitionInput'.
  Type 'Record<string, unknown>' is missing the following properties from type 'CreateRequisitionInput': projectId, title, requestedById, items
src/app/api/projects/tasks/route.ts(32,48): error TS2345: Argument of type 'Record<string, unknown>' is not assignable to parameter of type 'CreateTaskInput'.
  Type 'Record<string, unknown>' is missing the following properties from type 'CreateTaskInput': projectId, name
src/app/api/public/invoices/[id]/route.ts(265,21): error TS2322: Type '{}' is not assignable to type 'string'.
src/app/api/service-orders/bridge-sync/route.ts(39,144): error TS2339: Property 'trim' does not exist on type 'never'.
src/app/api/service-orders/bridge-sync/route.ts(40,38): error TS2339: Property 'trim' does not exist on type 'never'.
src/app/api/staff/route.ts(17,54): error TS2345: Argument of type 'Record<string, unknown>' is not assignable to parameter of type 'CreateStaffInput'.
  Type 'Record<string, unknown>' is missing the following properties from type 'CreateStaffInput': name, employeeId, designation
src/app/api/stores/route.ts(35,54): error TS2345: Argument of type 'Record<string, unknown>' is not assignable to parameter of type '{ name: string; type: string; location?: string | undefined; managerId?: string | undefined; opmcIds?: string[] | undefined; }'.
  Type 'Record<string, unknown>' is missing the following properties from type '{ name: string; type: string; location?: string | undefined; managerId?: string | undefined; opmcIds?: string[] | undefined; }': name, type
src/app/api/tax-configs/route.ts(20,66): error TS2345: Argument of type 'Record<string, unknown>' is not assignable to parameter of type 'CreateTaxConfigInput'.
  Type 'Record<string, unknown>' is missing the following properties from type 'CreateTaxConfigInput': tax_name, tax_type, tax_rate_percent, effective_from_date
src/app/api/team-members/public/route.ts(25,48): error TS2345: Argument of type 'Record<string, unknown>' is not assignable to parameter of type 'ErrorCode | undefined'.
src/app/api/team-members/public/route.ts(25,48): error TS2352: Conversion of type 'undefined' to type 'Record<string, unknown>' may be a mistake because neither type sufficiently overlaps with the other. If this was intentional, convert the expression to 'unknown' first.
src/app/api/team-members/public/route.ts(48,48): error TS2345: Argument of type 'Record<string, unknown>' is not assignable to parameter of type 'ErrorCode | undefined'.
src/app/api/team-members/public/route.ts(48,48): error TS2352: Conversion of type 'undefined' to type 'Record<string, unknown>' may be a mistake because neither type sufficiently overlaps with the other. If this was intentional, convert the expression to 'unknown' first.
src/app/api/users/route.ts(28,66): error TS2345: Argument of type 'Record<string, unknown>' is not assignable to parameter of type 'CreateUserData'.
  Type 'Record<string, unknown>' is missing the following properties from type 'CreateUserData': username, email, role
src/app/api/users/route.ts(55,70): error TS2345: Argument of type 'Record<string, unknown>' is not assignable to parameter of type 'UpdateUserData'.
  Type 'Record<string, unknown>' is missing the following properties from type 'UpdateUserData': username, email, role
src/app/api/vehicles/[id]/rental-summary/route.ts(77,71): error TS2345: Argument of type 'RequestBody' is not assignable to parameter of type 'Record<string, unknown>'.
  Index signature for type 'string' is missing in type 'RequestBody'.
src/app/api/vehicles/route.ts(39,47): error TS2345: Argument of type 'Record<string, unknown>' is not assignable to parameter of type 'CreateVehicleDTO'.
  Type 'Record<string, unknown>' is missing the following properties from type 'CreateVehicleDTO': registration_number, chassis_number, engine_number, make, and 9 more.
src/app/api/vendors/route.ts(20,57): error TS2345: Argument of type 'Record<string, unknown>' is not assignable to parameter of type 'CreateVendorInput'.
  Property 'name' is missing in type 'Record<string, unknown>' but required in type 'CreateVendorInput'.
src/app/contractor-registration/[token]/page.tsx(150,55): error TS2345: Argument of type '(values: PublicRegistrationSchema) => Promise<void>' is not assignable to parameter of type 'SubmitHandler<TFieldValues>'.
  Types of parameters 'values' and 'data' are incompatible.
    Type 'TFieldValues' is not assignable to type '{ name: string; nic: string; address: string; contactNumber: string; bankName: string; bankAccountNumber: string; nicFrontUrl: string; nicBackUrl: string; photoUrl: string; bankPassbookUrl: string; ... 16 more ...; gramaCertUrl?: string | ... 1 more ... | undefined; }'.
      Type 'FieldValues' is missing the following properties from type '{ name: string; nic: string; address: string; contactNumber: string; bankName: string; bankAccountNumber: string; nicFrontUrl: string; nicBackUrl: string; photoUrl: string; bankPassbookUrl: string; ... 16 more ...; gramaCertUrl?: string | ... 1 more ... | undefined; }': name, nic, address, contactNumber, and 9 more.
src/app/contractor-registration/components/Step4TeamSelection.tsx(21,9): error TS2322: Type 'Record<string, unknown>' is not assignable to type '"teams" | `teams.${number}.members`'.
src/app/contractor-registration/components/Step4TeamSelection.tsx(21,15): error TS2352: Conversion of type 'string' to type 'Record<string, unknown>' may be a mistake because neither type sufficiently overlaps with the other. If this was intentional, convert the expression to 'unknown' first.
src/app/contractor-registration/components/Step4TeamSelection.tsx(35,43): error TS2345: Argument of type '{ name: string; nic: string; passportPhotoUrl: string; }' is not assignable to parameter of type '{ name: string; opmcId: string | null; members: { name: string; designation: string; nic: string; passportPhotoUrl: string; contactNumber?: string | undefined; address?: string | undefined; ... 5 more ...; tshirtSize?: string | undefined; }[]; id?: string | undefined; sltCode?: string | ... 1 more ... | undefined; s...'.
  Type '{ name: string; nic: string; passportPhotoUrl: string; }' is missing the following properties from type '{ name: string; opmcId: string | null; members: { name: string; designation: string; nic: string; passportPhotoUrl: string; contactNumber?: string | undefined; address?: string | undefined; ... 5 more ...; tshirtSize?: string | undefined; }[]; id?: string | undefined; sltCode?: string | ... 1 more ... | undefined; s...': opmcId, members
src/app/contractor-registration/components/Step4TeamSelection.tsx(44,26): error TS2322: Type 'unknown' is not assignable to type 'Key | null | undefined'.
src/app/contractor-registration/components/Step4TeamSelection.tsx(49,37): error TS2322: Type 'Record<string, unknown>' is not assignable to type '"id" | "name" | "contactNumber" | "email" | "address" | "type" | "bankBranch" | "status" | "bankName" | "opmcId" | "nic" | "registrationNumber" | "brNumber" | "photoUrl" | "nicFrontUrl" | ... 33 more ... | `teams.${number}.storeIds.${number}`'.
src/app/contractor-registration/components/Step4TeamSelection.tsx(49,43): error TS2352: Conversion of type 'string' to type 'Record<string, unknown>' may be a mistake because neither type sufficiently overlaps with the other. If this was intentional, convert the expression to 'unknown' first.
src/app/contractor-registration/components/Step4TeamSelection.tsx(53,59): error TS2322: Type '{ placeholder: string; className: string; onChange: (...event: any[]) => void; onBlur: Noop; value: string | number | boolean | string[] | { name: string; opmcId: string | null; members: { name: string; ... 10 more ...; tshirtSize?: string | undefined; }[]; id?: string | undefined; sltCode?: string | ... 1 more ... ...' is not assignable to type 'InputHTMLAttributes<HTMLInputElement>'.
  Types of property 'value' are incompatible.
    Type 'string | number | boolean | string[] | { name: string; opmcId: string | null; members: { name: string; designation: string; nic: string; passportPhotoUrl: string; contactNumber?: string | undefined; ... 6 more ...; tshirtSize?: string | undefined; }[]; id?: string | undefined; sltCode?: string | ... 1 more ... | und...' is not assignable to type 'string | number | readonly string[] | undefined'.
      Type 'null' is not assignable to type 'string | number | readonly string[] | undefined'.
src/app/contractor-registration/components/Step4TeamSelection.tsx(59,37): error TS2322: Type 'Record<string, unknown>' is not assignable to type '"id" | "name" | "contactNumber" | "email" | "address" | "type" | "bankBranch" | "status" | "bankName" | "opmcId" | "nic" | "registrationNumber" | "brNumber" | "photoUrl" | "nicFrontUrl" | ... 33 more ... | `teams.${number}.storeIds.${number}`'.
src/app/contractor-registration/components/Step4TeamSelection.tsx(59,43): error TS2352: Conversion of type 'string' to type 'Record<string, unknown>' may be a mistake because neither type sufficiently overlaps with the other. If this was intentional, convert the expression to 'unknown' first.
src/app/contractor-registration/components/Step4TeamSelection.tsx(63,59): error TS2322: Type '{ placeholder: string; className: string; onChange: (...event: any[]) => void; onBlur: Noop; value: string | number | boolean | string[] | { name: string; opmcId: string | null; members: { name: string; ... 10 more ...; tshirtSize?: string | undefined; }[]; id?: string | undefined; sltCode?: string | ... 1 more ... ...' is not assignable to type 'InputHTMLAttributes<HTMLInputElement>'.
  Types of property 'value' are incompatible.
    Type 'string | number | boolean | string[] | { name: string; opmcId: string | null; members: { name: string; designation: string; nic: string; passportPhotoUrl: string; contactNumber?: string | undefined; ... 6 more ...; tshirtSize?: string | undefined; }[]; id?: string | undefined; sltCode?: string | ... 1 more ... | und...' is not assignable to type 'string | number | readonly string[] | undefined'.
      Type 'null' is not assignable to type 'string | number | readonly string[] | undefined'.
src/app/contractor-registration/components/Step4TeamSelection.tsx(69,37): error TS2322: Type 'Record<string, unknown>' is not assignable to type '"id" | "name" | "contactNumber" | "email" | "address" | "type" | "bankBranch" | "status" | "bankName" | "opmcId" | "nic" | "registrationNumber" | "brNumber" | "photoUrl" | "nicFrontUrl" | ... 33 more ... | `teams.${number}.storeIds.${number}`'.
src/app/contractor-registration/components/Step4TeamSelection.tsx(69,43): error TS2352: Conversion of type 'string' to type 'Record<string, unknown>' may be a mistake because neither type sufficiently overlaps with the other. If this was intentional, convert the expression to 'unknown' first.
src/app/contractor-registration/components/Step4TeamSelection.tsx(73,59): error TS2322: Type '{ placeholder: string; className: string; onChange: (...event: any[]) => void; onBlur: Noop; value: string | number | boolean | string[] | { name: string; opmcId: string | null; members: { name: string; ... 10 more ...; tshirtSize?: string | undefined; }[]; id?: string | undefined; sltCode?: string | ... 1 more ... ...' is not assignable to type 'InputHTMLAttributes<HTMLInputElement>'.
  Types of property 'value' are incompatible.
    Type 'string | number | boolean | string[] | { name: string; opmcId: string | null; members: { name: string; designation: string; nic: string; passportPhotoUrl: string; contactNumber?: string | undefined; ... 6 more ...; tshirtSize?: string | undefined; }[]; id?: string | undefined; sltCode?: string | ... 1 more ... | und...' is not assignable to type 'string | number | readonly string[] | undefined'.
      Type 'null' is not assignable to type 'string | number | readonly string[] | undefined'.
src/app/contractor-registration/components/Step4TeamSelection.tsx(85,41): error TS2322: Type 'unknown' is not assignable to type 'string | null | undefined'.
src/app/contractor/sods/page.tsx(231,58): error TS2339: Property 'map' does not exist on type '{}'.
src/app/contractor/sods/page.tsx(234,49): error TS2362: The left-hand side of an arithmetic operation must be of type 'any', 'number', 'bigint' or an enum type.
src/app/contractor/sods/page.tsx(266,58): error TS2339: Property 'map' does not exist on type '{}'.
src/app/contractors/management/page.tsx(122,46): error TS2345: Argument of type 'Record<string, unknown>' is not assignable to parameter of type '{ name: string; contactNumber: string; nic: string; teams: { name: string; opmcId: string | null; members: { name: string; designation: string; nic: string; passportPhotoUrl: string; contactNumber?: string | undefined; ... 6 more ...; tshirtSize?: string | undefined; }[]; id?: string | undefined; sltCode?: string | ...'.
  Type 'Record<string, unknown>' is missing the following properties from type '{ name: string; contactNumber: string; nic: string; teams: { name: string; opmcId: string | null; members: { name: string; designation: string; nic: string; passportPhotoUrl: string; contactNumber?: string | undefined; ... 6 more ...; tshirtSize?: string | undefined; }[]; id?: string | undefined; sltCode?: string | ...': name, contactNumber, nic, teams
src/app/contractors/management/page.tsx(386,99): error TS7053: Element implicitly has an 'any' type because expression of type '0' can't be used to index type '{}'.
  Property '0' does not exist on type '{}'.
src/app/contractors/management/page.tsx(386,100): error TS2352: Conversion of type 'Contractor' to type 'Record<string, unknown>' may be a mistake because neither type sufficiently overlaps with the other. If this was intentional, convert the expression to 'unknown' first.
  Index signature for type 'string' is missing in type 'Contractor'.
src/app/finance/bank-reconciliation/page.tsx(14,65): error TS2345: Argument of type 'null' is not assignable to parameter of type 'Record<string, unknown> | (() => Record<string, unknown>)'.
src/app/finance/bank-reconciliation/page.tsx(111,77): error TS2322: Type 'unknown' is not assignable to type 'ReactNode'.
src/app/finance/bank-reconciliation/page.tsx(125,77): error TS2322: Type 'unknown' is not assignable to type 'ReactNode'.
src/app/finance/bank-reconciliation/page.tsx(132,18): error TS18046: 'result.matchedCount' is of type 'unknown'.
src/app/finance/bank-reconciliation/page.tsx(148,28): error TS18046: 'result.matches' is of type 'unknown'.
src/app/finance/bank-reconciliation/page.tsx(150,74): error TS18046: 'm.statementRow' is of type 'unknown'.
src/app/finance/bank-reconciliation/page.tsx(151,58): error TS18046: 'm.statementRow' is of type 'unknown'.
src/app/finance/bank-reconciliation/page.tsx(152,111): error TS18046: 'm.statementRow' is of type 'unknown'.
src/app/finance/bank-reconciliation/page.tsx(155,35): error TS2322: Type 'unknown' is not assignable to type 'ReactNode'.
src/app/finance/banks/page.tsx(50,35): error TS2339: Property 'message' does not exist on type '{}'.
src/app/finance/banks/page.tsx(50,78): error TS2339: Property 'message' does not exist on type '{}'.
src/app/finance/billing/page.tsx(129,69): error TS2322: Type 'unknown' is not assignable to type 'Key | null | undefined'.
src/app/finance/billing/page.tsx(129,80): error TS2322: Type 'unknown' is not assignable to type 'string'.
src/app/finance/billing/page.tsx(129,93): error TS2322: Type 'unknown' is not assignable to type 'ReactNode'.
src/app/finance/billing/page.tsx(188,69): error TS2322: Type 'unknown' is not assignable to type 'Key | null | undefined'.
src/app/finance/billing/page.tsx(189,122): error TS2322: Type 'unknown' is not assignable to type 'ReactNode'.
src/app/finance/billing/page.tsx(190,120): error TS2769: No overload matches this call.
  Overload 1 of 4, '(value: string | number | Date): Date', gave the following error.
    Argument of type 'unknown' is not assignable to parameter of type 'string | number | Date'.
  Overload 2 of 4, '(value: string | number): Date', gave the following error.
    Argument of type 'unknown' is not assignable to parameter of type 'string | number'.
src/app/finance/billing/page.tsx(191,134): error TS2345: Argument of type '{}' is not assignable to parameter of type 'number'.
src/app/finance/chart-of-accounts/page.tsx(72,25): error TS2345: Argument of type '{}' is not assignable to parameter of type 'string | number | bigint | boolean | (() => ReactNode) | ReactElement<unknown, string | JSXElementConstructor<any>> | Iterable<ReactNode> | ReactPortal | Promise<...> | null | undefined'.
src/app/finance/chart-of-accounts/page.tsx(286,65): error TS2322: Type '(val: Record<string, unknown>) => void' is not assignable to type '(value: string) => void'.
  Types of parameters 'val' and 'value' are incompatible.
    Type 'string' is not assignable to type 'Record<string, unknown>'.
src/app/finance/chart-of-accounts/page.tsx(286,125): error TS2345: Argument of type 'Record<string, unknown>' is not assignable to parameter of type 'SetStateAction<"ASSET" | "LIABILITY" | "EQUITY" | "REVENUE" | "EXPENSE">'.
src/app/finance/cost-allocation/page.tsx(102,25): error TS2345: Argument of type 'unknown' is not assignable to parameter of type 'string | number | bigint | boolean | (() => ReactNode) | ReactElement<unknown, string | JSXElementConstructor<any>> | Iterable<ReactNode> | ReactPortal | Promise<...> | null | undefined'.
src/app/finance/cost-allocation/page.tsx(409,98): error TS2345: Argument of type 'string' is not assignable to parameter of type 'Record<string, unknown>'.
src/app/finance/cost-allocation/page.tsx(418,98): error TS2345: Argument of type 'string' is not assignable to parameter of type 'Record<string, unknown>'.
src/app/finance/cost-allocation/page.tsx(427,98): error TS2345: Argument of type 'string' is not assignable to parameter of type 'Record<string, unknown>'.
src/app/finance/general-ledger/page.tsx(31,25): error TS2339: Property 'map' does not exist on type '{}'.
src/app/finance/invoices/page.tsx(136,57): error TS2322: Type 'unknown' is not assignable to type 'Key | null | undefined'.
src/app/finance/invoices/page.tsx(137,111): error TS2322: Type 'unknown' is not assignable to type 'ReactNode'.
src/app/finance/invoices/page.tsx(138,131): error TS2339: Property 'name' does not exist on type '{}'.
src/app/finance/invoices/page.tsx(139,125): error TS2345: Argument of type 'unknown' is not assignable to parameter of type 'number'.
src/app/finance/invoices/page.tsx(140,139): error TS2345: Argument of type 'unknown' is not assignable to parameter of type 'number'.
src/app/finance/invoices/page.tsx(141,111): error TS2345: Argument of type 'unknown' is not assignable to parameter of type 'string'.
src/app/finance/invoices/page.tsx(146,98): error TS2345: Argument of type 'unknown' is not assignable to parameter of type 'string'.
src/app/finance/invoices/page.tsx(147,107): error TS18046: 'invoice.totalAmount' is of type 'unknown'.
src/app/finance/invoices/page.tsx(148,80): error TS18046: 'invoice.totalAmount' is of type 'unknown'.
src/app/finance/invoices/page.tsx(151,70): error TS18046: 'invoice.totalAmount' is of type 'unknown'.
src/app/finance/ld-penalties/page.tsx(84,11): error TS2740: Type '{}' is missing the following properties from type 'Project[]': length, pop, push, concat, and 35 more.
src/app/finance/osp-account/advances/page.tsx(128,31): error TS2322: Type 'unknown' is not assignable to type 'Key | null | undefined'.
src/app/finance/osp-account/advances/page.tsx(129,76): error TS2322: Type 'unknown' is not assignable to type 'ReactNode'.
src/app/finance/osp-account/advances/page.tsx(130,64): error TS2322: Type '{}' is not assignable to type 'ReactNode'.
src/app/finance/osp-account/advances/page.tsx(131,65): error TS18046: 'adv.amount' is of type 'unknown'.
src/app/finance/osp-account/advances/page.tsx(132,65): error TS18046: 'adv.vatAmount' is of type 'unknown'.
src/app/finance/osp-account/advances/page.tsx(133,79): error TS18046: 'adv.totalAmount' is of type 'unknown'.
src/app/finance/osp-account/advances/page.tsx(141,33): error TS2322: Type 'unknown' is not assignable to type 'ReactNode'.
src/app/finance/osp-account/advances/page.tsx(147,64): error TS2345: Argument of type 'unknown' is not assignable to parameter of type 'string'.
src/app/finance/osp-account/fleet/page.tsx(192,33): error TS2322: Type 'unknown' is not assignable to type 'Key | null | undefined'.
src/app/finance/osp-account/fleet/page.tsx(193,78): error TS2322: Type 'unknown' is not assignable to type 'ReactNode'.
src/app/finance/osp-account/fleet/page.tsx(194,66): error TS2322: Type '{}' is not assignable to type 'ReactNode'.
src/app/finance/osp-account/fleet/page.tsx(195,84): error TS2322: Type 'unknown' is not assignable to type 'ReactNode'.
src/app/finance/osp-account/fleet/page.tsx(196,81): error TS18046: 'p.amount' is of type 'unknown'.
src/app/finance/osp-account/fleet/page.tsx(203,35): error TS2322: Type 'unknown' is not assignable to type 'ReactNode'.
src/app/finance/osp-account/fleet/page.tsx(209,72): error TS2345: Argument of type 'unknown' is not assignable to parameter of type 'string'.
src/app/finance/osp-account/fleet/page.tsx(241,33): error TS2322: Type 'unknown' is not assignable to type 'Key | null | undefined'.
src/app/finance/osp-account/fleet/page.tsx(242,78): error TS2322: Type 'unknown' is not assignable to type 'ReactNode'.
src/app/finance/osp-account/fleet/page.tsx(243,66): error TS2322: Type 'unknown' is not assignable to type 'ReactNode'.
src/app/finance/osp-account/fleet/page.tsx(244,81): error TS18046: 'd.actualDeposit' is of type 'unknown'.
src/app/finance/osp-account/fleet/page.tsx(251,35): error TS2322: Type 'unknown' is not assignable to type 'ReactNode'.
src/app/finance/osp-account/fleet/page.tsx(257,70): error TS2345: Argument of type 'unknown' is not assignable to parameter of type 'string'.
src/app/finance/osp-account/ious/page.tsx(126,31): error TS2322: Type 'unknown' is not assignable to type 'Key | null | undefined'.
src/app/finance/osp-account/ious/page.tsx(127,76): error TS2322: Type 'unknown' is not assignable to type 'ReactNode'.
src/app/finance/osp-account/ious/page.tsx(128,64): error TS2322: Type 'unknown' is not assignable to type 'ReactNode'.
src/app/finance/osp-account/ious/page.tsx(129,79): error TS18046: 'iou.amount' is of type 'unknown'.
src/app/finance/osp-account/ious/page.tsx(130,82): error TS2322: Type '{}' is not assignable to type 'ReactNode'.
src/app/finance/osp-account/ious/page.tsx(137,33): error TS2322: Type 'unknown' is not assignable to type 'ReactNode'.
src/app/finance/osp-account/ious/page.tsx(143,64): error TS2345: Argument of type 'unknown' is not assignable to parameter of type 'string'.
src/app/finance/osp-account/rents/page.tsx(129,31): error TS2322: Type 'unknown' is not assignable to type 'Key | null | undefined'.
src/app/finance/osp-account/rents/page.tsx(130,76): error TS2322: Type 'unknown' is not assignable to type 'ReactNode'.
src/app/finance/osp-account/rents/page.tsx(131,64): error TS2322: Type '{}' is not assignable to type 'ReactNode'.
src/app/finance/osp-account/rents/page.tsx(132,82): error TS2322: Type 'unknown' is not assignable to type 'ReactNode'.
src/app/finance/osp-account/rents/page.tsx(133,64): error TS2322: Type 'unknown' is not assignable to type 'ReactNode'.
src/app/finance/osp-account/rents/page.tsx(134,79): error TS18046: 'rent.amount' is of type 'unknown'.
src/app/finance/osp-account/rents/page.tsx(141,33): error TS2322: Type 'unknown' is not assignable to type 'ReactNode'.
src/app/finance/osp-account/rents/page.tsx(147,64): error TS2345: Argument of type 'unknown' is not assignable to parameter of type 'string'.
src/app/finance/payments/page.tsx(114,11): error TS2740: Type '{}' is missing the following properties from type 'Project[]': length, pop, push, concat, and 35 more.
src/app/inventory/admin/balance-sheet/page.tsx(20,75): error TS2345: Argument of type 'null' is not assignable to parameter of type 'Record<string, unknown> | (() => Record<string, unknown>)'.
src/app/inventory/admin/balance-sheet/page.tsx(110,61): error TS2322: Type 'unknown' is not assignable to type 'Key | null | undefined'.
src/app/inventory/admin/balance-sheet/page.tsx(110,72): error TS2322: Type 'unknown' is not assignable to type 'string'.
src/app/inventory/admin/balance-sheet/page.tsx(110,105): error TS2322: Type 'unknown' is not assignable to type 'ReactNode'.
src/app/inventory/admin/balance-sheet/page.tsx(124,61): error TS2322: Type 'unknown' is not assignable to type 'Key | null | undefined'.
src/app/inventory/admin/balance-sheet/page.tsx(124,72): error TS2322: Type 'unknown' is not assignable to type 'string'.
src/app/inventory/admin/balance-sheet/page.tsx(124,105): error TS2322: Type 'unknown' is not assignable to type 'ReactNode'.
src/app/inventory/admin/balance-sheet/page.tsx(171,46): error TS18046: 'reportData.items' is of type 'unknown'.
src/app/inventory/admin/balance-sheet/page.tsx(178,49): error TS18046: 'reportData.items' is of type 'unknown'.
src/app/inventory/admin/balance-sheet/page.tsx(179,63): error TS2322: Type 'unknown' is not assignable to type 'Key | null | undefined'.
src/app/inventory/admin/balance-sheet/page.tsx(180,105): error TS2322: Type 'unknown' is not assignable to type 'ReactNode'.
src/app/inventory/admin/balance-sheet/page.tsx(181,87): error TS2322: Type 'unknown' is not assignable to type 'ReactNode'.
src/app/inventory/admin/balance-sheet/page.tsx(181,149): error TS2322: Type 'unknown' is not assignable to type 'ReactNode'.
src/app/inventory/admin/balance-sheet/page.tsx(182,113): error TS2322: Type 'unknown' is not assignable to type 'ReactNode'.
src/app/inventory/admin/balance-sheet/page.tsx(183,126): error TS2322: Type 'unknown' is not assignable to type 'ReactNode'.
src/app/inventory/admin/balance-sheet/page.tsx(184,125): error TS2322: Type 'unknown' is not assignable to type 'ReactNode'.
src/app/inventory/admin/balance-sheet/page.tsx(185,115): error TS2322: Type 'unknown' is not assignable to type 'ReactNode'.
src/app/inventory/admin/balance-sheet/page.tsx(186,115): error TS2322: Type 'unknown' is not assignable to type 'ReactNode'.
src/app/inventory/admin/balance-sheet/page.tsx(187,165): error TS18046: 'item.closing' is of type 'unknown'.
src/app/inventory/admin/initial/page.tsx(73,50): error TS18046: 'stock.quantity' is of type 'unknown'.
src/app/inventory/admin/initial/page.tsx(166,53): error TS2322: Type 'unknown' is not assignable to type 'Key | null | undefined'.
src/app/inventory/admin/initial/page.tsx(166,68): error TS2322: Type 'unknown' is not assignable to type 'string | number | readonly string[] | undefined'.
src/app/inventory/admin/initial/page.tsx(166,85): error TS2322: Type 'unknown' is not assignable to type 'ReactNode'.
src/app/inventory/admin/initial/page.tsx(222,65): error TS2322: Type 'unknown' is not assignable to type 'ReactNode'.
src/app/inventory/admin/issue/page.tsx(72,25): error TS2345: Argument of type 'unknown' is not assignable to parameter of type 'string | number | bigint | boolean | (() => ReactNode) | ReactElement<unknown, string | JSXElementConstructor<any>> | Iterable<ReactNode> | ReactPortal | Promise<...> | null | undefined'.
src/app/inventory/admin/issue/page.tsx(151,49): error TS2322: Type 'unknown' is not assignable to type 'Key | null | undefined'.
src/app/inventory/admin/issue/page.tsx(151,60): error TS2322: Type 'unknown' is not assignable to type 'string'.
src/app/inventory/admin/issue/page.tsx(151,73): error TS2322: Type 'unknown' is not assignable to type 'ReactNode'.
src/app/inventory/admin/issue/page.tsx(165,49): error TS2322: Type 'unknown' is not assignable to type 'Key | null | undefined'.
src/app/inventory/admin/issue/page.tsx(165,60): error TS2322: Type 'unknown' is not assignable to type 'string'.
src/app/inventory/admin/issue/page.tsx(165,73): error TS2322: Type 'unknown' is not assignable to type 'ReactNode'.
src/app/inventory/admin/issue/page.tsx(232,113): error TS2339: Property 'includes' does not exist on type '{}'.
src/app/inventory/admin/issue/page.tsx(235,65): error TS2322: Type 'unknown' is not assignable to type 'Key | null | undefined'.
src/app/inventory/admin/issue/page.tsx(235,79): error TS2322: Type 'unknown' is not assignable to type 'string'.
src/app/inventory/admin/issue/page.tsx(236,57): error TS2322: Type 'unknown' is not assignable to type 'ReactNode'.
src/app/inventory/admin/issue/page.tsx(236,71): error TS2322: Type 'unknown' is not assignable to type 'ReactNode'.
src/app/inventory/approvals/page.tsx(274,75): error TS2345: Argument of type 'Record<string, unknown>' is not assignable to parameter of type 'SetStateAction<"AREA_MANAGER" | "OSP_MANAGER" | "STORES_MANAGER" | "STORES_ASSISTANT" | "SUB_STORE_RECEIVE">'.
src/app/inventory/approvals/page.tsx(274,75): error TS2352: Conversion of type 'string' to type 'Record<string, unknown>' may be a mistake because neither type sufficiently overlaps with the other. If this was intentional, convert the expression to 'unknown' first.
src/app/inventory/audit/page.tsx(606,114): error TS2322: Type 'unknown' is not assignable to type 'ReactNode'.
src/app/inventory/audit/page.tsx(607,106): error TS2322: Type 'unknown' is not assignable to type 'ReactNode'.
src/app/inventory/audit/page.tsx(608,113): error TS2322: Type 'unknown' is not assignable to type 'ReactNode'.
src/app/inventory/audit/page.tsx(609,113): error TS2322: Type 'unknown' is not assignable to type 'ReactNode'.
src/app/inventory/audit/page.tsx(610,113): error TS2322: Type 'unknown' is not assignable to type 'ReactNode'.
src/app/inventory/audit/page.tsx(611,123): error TS2322: Type 'unknown' is not assignable to type 'ReactNode'.
src/app/inventory/audit/page.tsx(612,122): error TS2322: Type 'unknown' is not assignable to type 'ReactNode'.
src/app/inventory/audit/page.tsx(613,114): error TS18046: 'row.varianceQuantity' is of type 'unknown'.
src/app/inventory/audit/page.tsx(613,159): error TS18046: 'row.varianceQuantity' is of type 'unknown'.
src/app/inventory/audit/page.tsx(614,61): error TS2322: Type 'unknown' is not assignable to type 'ReactNode'.
src/app/inventory/audit/page.tsx(614,62): error TS18046: 'row.varianceQuantity' is of type 'unknown'.
src/app/inventory/audit/page.tsx(616,114): error TS18046: 'row.varianceValueLkr' is of type 'unknown'.
src/app/inventory/audit/page.tsx(626,65): error TS2322: Type 'unknown' is not assignable to type 'ReactNode'.
src/app/inventory/audit/page.tsx(676,91): error TS2322: Type 'unknown' is not assignable to type 'ReactNode'.
src/app/inventory/audit/page.tsx(677,121): error TS2322: Type 'unknown' is not assignable to type 'ReactNode'.
src/app/inventory/audit/page.tsx(689,65): error TS2322: Type 'unknown' is not assignable to type 'ReactNode'.
src/app/inventory/audit/page.tsx(708,102): error TS2322: Type 'unknown' is not assignable to type 'ReactNode'.
src/app/inventory/audit/page.tsx(712,105): error TS2322: Type 'unknown' is not assignable to type 'ReactNode'.
src/app/inventory/audit/page.tsx(716,106): error TS2322: Type 'unknown' is not assignable to type 'ReactNode'.
src/app/inventory/audit/page.tsx(720,106): error TS2322: Type 'unknown' is not assignable to type 'ReactNode'.
src/app/inventory/audit/page.tsx(740,102): error TS2322: Type 'unknown' is not assignable to type 'ReactNode'.
src/app/inventory/audit/page.tsx(744,105): error TS2322: Type 'unknown' is not assignable to type 'ReactNode'.
src/app/inventory/audit/page.tsx(748,106): error TS2322: Type 'unknown' is not assignable to type 'ReactNode'.
src/app/inventory/audit/page.tsx(752,106): error TS2322: Type 'unknown' is not assignable to type 'ReactNode'.
src/app/inventory/grn/page.tsx(615,121): error TS2345: Argument of type 'Record<string, unknown>' is not assignable to parameter of type 'string'.
src/app/inventory/grn/page.tsx(615,121): error TS2352: Conversion of type 'number' to type 'Record<string, unknown>' may be a mistake because neither type sufficiently overlaps with the other. If this was intentional, convert the expression to 'unknown' first.
src/app/inventory/items/hooks/useItemOperations.ts(23,64): error TS2345: Argument of type 'unknown' is not assignable to parameter of type 'string | number | bigint | boolean | (() => ReactNode) | ReactElement<unknown, string | JSXElementConstructor<any>> | Iterable<ReactNode> | ReactPortal | Promise<...> | null | undefined'.
src/app/inventory/items/hooks/useItemOperations.ts(36,64): error TS2345: Argument of type 'unknown' is not assignable to parameter of type 'string | number | bigint | boolean | (() => ReactNode) | ReactElement<unknown, string | JSXElementConstructor<any>> | Iterable<ReactNode> | ReactPortal | Promise<...> | null | undefined'.
src/app/inventory/items/hooks/useItemOperations.ts(49,64): error TS2345: Argument of type 'unknown' is not assignable to parameter of type 'string | number | bigint | boolean | (() => ReactNode) | ReactElement<unknown, string | JSXElementConstructor<any>> | Iterable<ReactNode> | ReactPortal | Promise<...> | null | undefined'.
src/app/inventory/items/hooks/useItemOperations.ts(62,64): error TS2345: Argument of type 'unknown' is not assignable to parameter of type 'string | number | bigint | boolean | (() => ReactNode) | ReactElement<unknown, string | JSXElementConstructor<any>> | Iterable<ReactNode> | ReactPortal | Promise<...> | null | undefined'.
src/app/inventory/items/page.tsx(96,64): error TS2322: Type 'ItemFormValues' is not assignable to type 'Record<string, unknown>'.
  Index signature for type 'string' is missing in type 'ItemFormValues'.
src/app/inventory/stores/components/StoreFormDialog.tsx(39,9): error TS2322: Type 'Record<string, unknown>' is not assignable to type 'Resolver<{ name: string; type: "MAIN" | "SUB"; opmcIds: string[]; location?: string | undefined; managerId?: string | null | undefined; }, any, { name: string; type: "MAIN" | "SUB"; opmcIds: string[]; location?: string | undefined; managerId?: string | ... 1 more ... | undefined; }>'.
  Type 'Record<string, unknown>' provides no match for the signature '(values: { name: string; type: "MAIN" | "SUB"; opmcIds: string[]; location?: string | undefined; managerId?: string | null | undefined; }, context: any, options: ResolverOptions<{ name: string; type: "MAIN" | "SUB"; opmcIds: string[]; location?: string | undefined; managerId?: string | ... 1 more ... | undefined; }>): ResolverResult<...> | Promise<...>'.
src/app/inventory/stores/components/StoreFormDialog.tsx(39,19): error TS2352: Conversion of type 'Resolver<{ name: string; type: "MAIN" | "SUB"; location?: string | undefined; managerId?: string | null | undefined; opmcIds?: string[] | undefined; }, unknown, { name: string; type: "MAIN" | "SUB"; opmcIds: string[]; location?: string | undefined; managerId?: string | ... 1 more ... | undefined; }>' to type 'Record<string, unknown>' may be a mistake because neither type sufficiently overlaps with the other. If this was intentional, convert the expression to 'unknown' first.
  Index signature for type 'string' is missing in type 'Resolver<{ name: string; type: "MAIN" | "SUB"; location?: string | undefined; managerId?: string | null | undefined; opmcIds?: string[] | undefined; }, unknown, { name: string; type: "MAIN" | "SUB"; opmcIds: string[]; location?: string | undefined; managerId?: string | ... 1 more ... | undefined; }>'.
src/app/inventory/stores/components/StoreFormDialog.tsx(85,75): error TS2345: Argument of type '(values: { name: string; type: "MAIN" | "SUB"; opmcIds: string[]; location?: string | undefined; managerId?: string | null | undefined; }) => Promise<void>' is not assignable to parameter of type 'SubmitHandler<TFieldValues>'.
  Types of parameters 'values' and 'data' are incompatible.
    Type 'TFieldValues' is not assignable to type '{ name: string; type: "MAIN" | "SUB"; opmcIds: string[]; location?: string | undefined; managerId?: string | null | undefined; }'.
      Type 'FieldValues' is missing the following properties from type '{ name: string; type: "MAIN" | "SUB"; opmcIds: string[]; location?: string | undefined; managerId?: string | null | undefined; }': name, type, opmcIds
src/app/inventory/stores/components/StoreFormDialog.tsx(86,40): error TS2322: Type 'Control<{ name: string; type: "MAIN" | "SUB"; opmcIds: string[]; location?: string | undefined; managerId?: string | null | undefined; }, any, TFieldValues>' is not assignable to type 'Control<{ name: string; type: "MAIN" | "SUB"; opmcIds: string[]; location?: string | undefined; managerId?: string | null | undefined; }, any, { name: string; type: "MAIN" | "SUB"; opmcIds: string[]; location?: string | undefined; managerId?: string | ... 1 more ... | undefined; }>'.
  The types of '_options.resolver' are incompatible between these types.
    Type 'Resolver<{ name: string; type: "MAIN" | "SUB"; opmcIds: string[]; location?: string | undefined; managerId?: string | null | undefined; }, any, TFieldValues> | undefined' is not assignable to type 'Resolver<{ name: string; type: "MAIN" | "SUB"; opmcIds: string[]; location?: string | undefined; managerId?: string | null | undefined; }, any, { name: string; type: "MAIN" | "SUB"; opmcIds: string[]; location?: string | undefined; managerId?: string | ... 1 more ... | undefined; }> | undefined'.
      Type 'Resolver<{ name: string; type: "MAIN" | "SUB"; opmcIds: string[]; location?: string | undefined; managerId?: string | null | undefined; }, any, TFieldValues>' is not assignable to type 'Resolver<{ name: string; type: "MAIN" | "SUB"; opmcIds: string[]; location?: string | undefined; managerId?: string | null | undefined; }, any, { name: string; type: "MAIN" | "SUB"; opmcIds: string[]; location?: string | undefined; managerId?: string | ... 1 more ... | undefined; }>'.
        Type 'ResolverResult<{ name: string; type: "MAIN" | "SUB"; opmcIds: string[]; location?: string | undefined; managerId?: string | null | undefined; }, TFieldValues> | Promise<...>' is not assignable to type 'ResolverResult<{ name: string; type: "MAIN" | "SUB"; opmcIds: string[]; location?: string | undefined; managerId?: string | null | undefined; }, { name: string; type: "MAIN" | "SUB"; opmcIds: string[]; location?: string | undefined; managerId?: string | ... 1 more ... | undefined; }> | Promise<...>'.
          Type 'ResolverSuccess<TFieldValues>' is not assignable to type 'ResolverResult<{ name: string; type: "MAIN" | "SUB"; opmcIds: string[]; location?: string | undefined; managerId?: string | null | undefined; }, { name: string; type: "MAIN" | "SUB"; opmcIds: string[]; location?: string | undefined; managerId?: string | ... 1 more ... | undefined; }> | Promise<...>'.
            Type 'ResolverSuccess<TFieldValues>' is not assignable to type 'ResolverSuccess<{ name: string; type: "MAIN" | "SUB"; opmcIds: string[]; location?: string | undefined; managerId?: string | null | undefined; }>'.
              Type 'TFieldValues' is not assignable to type '{ name: string; type: "MAIN" | "SUB"; opmcIds: string[]; location?: string | undefined; managerId?: string | null | undefined; }'.
                Type 'FieldValues' is missing the following properties from type '{ name: string; type: "MAIN" | "SUB"; opmcIds: string[]; location?: string | undefined; managerId?: string | null | undefined; }': name, type, opmcIds
src/app/inventory/stores/components/StoreFormDialog.tsx(95,44): error TS2322: Type 'Control<{ name: string; type: "MAIN" | "SUB"; opmcIds: string[]; location?: string | undefined; managerId?: string | null | undefined; }, any, TFieldValues>' is not assignable to type 'Control<{ name: string; type: "MAIN" | "SUB"; opmcIds: string[]; location?: string | undefined; managerId?: string | null | undefined; }, any, { name: string; type: "MAIN" | "SUB"; opmcIds: string[]; location?: string | undefined; managerId?: string | ... 1 more ... | undefined; }>'.
  The types of '_options.resolver' are incompatible between these types.
    Type 'Resolver<{ name: string; type: "MAIN" | "SUB"; opmcIds: string[]; location?: string | undefined; managerId?: string | null | undefined; }, any, TFieldValues> | undefined' is not assignable to type 'Resolver<{ name: string; type: "MAIN" | "SUB"; opmcIds: string[]; location?: string | undefined; managerId?: string | null | undefined; }, any, { name: string; type: "MAIN" | "SUB"; opmcIds: string[]; location?: string | undefined; managerId?: string | ... 1 more ... | undefined; }> | undefined'.
      Type 'Resolver<{ name: string; type: "MAIN" | "SUB"; opmcIds: string[]; location?: string | undefined; managerId?: string | null | undefined; }, any, TFieldValues>' is not assignable to type 'Resolver<{ name: string; type: "MAIN" | "SUB"; opmcIds: string[]; location?: string | undefined; managerId?: string | null | undefined; }, any, { name: string; type: "MAIN" | "SUB"; opmcIds: string[]; location?: string | undefined; managerId?: string | ... 1 more ... | undefined; }>'.
        Type 'ResolverResult<{ name: string; type: "MAIN" | "SUB"; opmcIds: string[]; location?: string | undefined; managerId?: string | null | undefined; }, TFieldValues> | Promise<...>' is not assignable to type 'ResolverResult<{ name: string; type: "MAIN" | "SUB"; opmcIds: string[]; location?: string | undefined; managerId?: string | null | undefined; }, { name: string; type: "MAIN" | "SUB"; opmcIds: string[]; location?: string | undefined; managerId?: string | ... 1 more ... | undefined; }> | Promise<...>'.
          Type 'ResolverSuccess<TFieldValues>' is not assignable to type 'ResolverResult<{ name: string; type: "MAIN" | "SUB"; opmcIds: string[]; location?: string | undefined; managerId?: string | null | undefined; }, { name: string; type: "MAIN" | "SUB"; opmcIds: string[]; location?: string | undefined; managerId?: string | ... 1 more ... | undefined; }> | Promise<...>'.
            Type 'ResolverSuccess<TFieldValues>' is not assignable to type 'ResolverSuccess<{ name: string; type: "MAIN" | "SUB"; opmcIds: string[]; location?: string | undefined; managerId?: string | null | undefined; }>'.
              Type 'TFieldValues' is not assignable to type '{ name: string; type: "MAIN" | "SUB"; opmcIds: string[]; location?: string | undefined; managerId?: string | null | undefined; }'.
                Type 'FieldValues' is missing the following properties from type '{ name: string; type: "MAIN" | "SUB"; opmcIds: string[]; location?: string | undefined; managerId?: string | null | undefined; }': name, type, opmcIds
src/app/inventory/stores/components/StoreFormDialog.tsx(107,44): error TS2322: Type 'Control<{ name: string; type: "MAIN" | "SUB"; opmcIds: string[]; location?: string | undefined; managerId?: string | null | undefined; }, any, TFieldValues>' is not assignable to type 'Control<{ name: string; type: "MAIN" | "SUB"; opmcIds: string[]; location?: string | undefined; managerId?: string | null | undefined; }, any, { name: string; type: "MAIN" | "SUB"; opmcIds: string[]; location?: string | undefined; managerId?: string | ... 1 more ... | undefined; }>'.
  The types of '_options.resolver' are incompatible between these types.
    Type 'Resolver<{ name: string; type: "MAIN" | "SUB"; opmcIds: string[]; location?: string | undefined; managerId?: string | null | undefined; }, any, TFieldValues> | undefined' is not assignable to type 'Resolver<{ name: string; type: "MAIN" | "SUB"; opmcIds: string[]; location?: string | undefined; managerId?: string | null | undefined; }, any, { name: string; type: "MAIN" | "SUB"; opmcIds: string[]; location?: string | undefined; managerId?: string | ... 1 more ... | undefined; }> | undefined'.
      Type 'Resolver<{ name: string; type: "MAIN" | "SUB"; opmcIds: string[]; location?: string | undefined; managerId?: string | null | undefined; }, any, TFieldValues>' is not assignable to type 'Resolver<{ name: string; type: "MAIN" | "SUB"; opmcIds: string[]; location?: string | undefined; managerId?: string | null | undefined; }, any, { name: string; type: "MAIN" | "SUB"; opmcIds: string[]; location?: string | undefined; managerId?: string | ... 1 more ... | undefined; }>'.
        Type 'ResolverResult<{ name: string; type: "MAIN" | "SUB"; opmcIds: string[]; location?: string | undefined; managerId?: string | null | undefined; }, TFieldValues> | Promise<...>' is not assignable to type 'ResolverResult<{ name: string; type: "MAIN" | "SUB"; opmcIds: string[]; location?: string | undefined; managerId?: string | null | undefined; }, { name: string; type: "MAIN" | "SUB"; opmcIds: string[]; location?: string | undefined; managerId?: string | ... 1 more ... | undefined; }> | Promise<...>'.
          Type 'ResolverSuccess<TFieldValues>' is not assignable to type 'ResolverResult<{ name: string; type: "MAIN" | "SUB"; opmcIds: string[]; location?: string | undefined; managerId?: string | null | undefined; }, { name: string; type: "MAIN" | "SUB"; opmcIds: string[]; location?: string | undefined; managerId?: string | ... 1 more ... | undefined; }> | Promise<...>'.
            Type 'ResolverSuccess<TFieldValues>' is not assignable to type 'ResolverSuccess<{ name: string; type: "MAIN" | "SUB"; opmcIds: string[]; location?: string | undefined; managerId?: string | null | undefined; }>'.
              Type 'TFieldValues' is not assignable to type '{ name: string; type: "MAIN" | "SUB"; opmcIds: string[]; location?: string | undefined; managerId?: string | null | undefined; }'.
                Type 'FieldValues' is missing the following properties from type '{ name: string; type: "MAIN" | "SUB"; opmcIds: string[]; location?: string | undefined; managerId?: string | null | undefined; }': name, type, opmcIds
src/app/inventory/stores/components/StoreFormDialog.tsx(115,40): error TS2322: Type 'Control<{ name: string; type: "MAIN" | "SUB"; opmcIds: string[]; location?: string | undefined; managerId?: string | null | undefined; }, any, TFieldValues>' is not assignable to type 'Control<{ name: string; type: "MAIN" | "SUB"; opmcIds: string[]; location?: string | undefined; managerId?: string | null | undefined; }, any, { name: string; type: "MAIN" | "SUB"; opmcIds: string[]; location?: string | undefined; managerId?: string | ... 1 more ... | undefined; }>'.
  The types of '_options.resolver' are incompatible between these types.
    Type 'Resolver<{ name: string; type: "MAIN" | "SUB"; opmcIds: string[]; location?: string | undefined; managerId?: string | null | undefined; }, any, TFieldValues> | undefined' is not assignable to type 'Resolver<{ name: string; type: "MAIN" | "SUB"; opmcIds: string[]; location?: string | undefined; managerId?: string | null | undefined; }, any, { name: string; type: "MAIN" | "SUB"; opmcIds: string[]; location?: string | undefined; managerId?: string | ... 1 more ... | undefined; }> | undefined'.
      Type 'Resolver<{ name: string; type: "MAIN" | "SUB"; opmcIds: string[]; location?: string | undefined; managerId?: string | null | undefined; }, any, TFieldValues>' is not assignable to type 'Resolver<{ name: string; type: "MAIN" | "SUB"; opmcIds: string[]; location?: string | undefined; managerId?: string | null | undefined; }, any, { name: string; type: "MAIN" | "SUB"; opmcIds: string[]; location?: string | undefined; managerId?: string | ... 1 more ... | undefined; }>'.
        Type 'ResolverResult<{ name: string; type: "MAIN" | "SUB"; opmcIds: string[]; location?: string | undefined; managerId?: string | null | undefined; }, TFieldValues> | Promise<...>' is not assignable to type 'ResolverResult<{ name: string; type: "MAIN" | "SUB"; opmcIds: string[]; location?: string | undefined; managerId?: string | null | undefined; }, { name: string; type: "MAIN" | "SUB"; opmcIds: string[]; location?: string | undefined; managerId?: string | ... 1 more ... | undefined; }> | Promise<...>'.
          Type 'ResolverSuccess<TFieldValues>' is not assignable to type 'ResolverResult<{ name: string; type: "MAIN" | "SUB"; opmcIds: string[]; location?: string | undefined; managerId?: string | null | undefined; }, { name: string; type: "MAIN" | "SUB"; opmcIds: string[]; location?: string | undefined; managerId?: string | ... 1 more ... | undefined; }> | Promise<...>'.
            Type 'ResolverSuccess<TFieldValues>' is not assignable to type 'ResolverSuccess<{ name: string; type: "MAIN" | "SUB"; opmcIds: string[]; location?: string | undefined; managerId?: string | null | undefined; }>'.
              Type 'TFieldValues' is not assignable to type '{ name: string; type: "MAIN" | "SUB"; opmcIds: string[]; location?: string | undefined; managerId?: string | null | undefined; }'.
                Type 'FieldValues' is missing the following properties from type '{ name: string; type: "MAIN" | "SUB"; opmcIds: string[]; location?: string | undefined; managerId?: string | null | undefined; }': name, type, opmcIds
src/app/inventory/stores/components/StoreFormDialog.tsx(128,61): error TS2322: Type 'unknown' is not assignable to type 'Key | null | undefined'.
src/app/inventory/stores/components/StoreFormDialog.tsx(128,75): error TS2322: Type 'unknown' is not assignable to type 'string'.
src/app/inventory/stores/components/StoreFormDialog.tsx(128,121): error TS2322: Type 'unknown' is not assignable to type 'ReactNode'.
src/app/inventory/stores/components/StoreFormDialog.tsx(128,134): error TS2322: Type 'unknown' is not assignable to type 'ReactNode'.
src/app/inventory/stores/components/StoreFormDialog.tsx(143,45): error TS2322: Type 'unknown' is not assignable to type 'Key | null | undefined'.
src/app/inventory/stores/components/StoreFormDialog.tsx(144,71): error TS2345: Argument of type 'unknown' is not assignable to parameter of type 'string'.
src/app/inventory/stores/components/StoreFormDialog.tsx(145,183): error TS2345: Argument of type 'unknown' is not assignable to parameter of type 'string'.
src/app/inventory/stores/components/StoreFormDialog.tsx(148,145): error TS2345: Argument of type 'unknown' is not assignable to parameter of type 'string'.
src/app/inventory/stores/components/StoreFormDialog.tsx(148,191): error TS2322: Type 'unknown' is not assignable to type 'ReactNode'.
src/app/inventory/stores/components/StoreFormDialog.tsx(149,118): error TS2345: Argument of type 'unknown' is not assignable to parameter of type 'string'.
src/app/inventory/stores/components/StoreFormDialog.tsx(149,167): error TS2322: Type 'unknown' is not assignable to type 'ReactNode'.
src/app/inventory/stores/components/StoreFormDialog.tsx(151,77): error TS2345: Argument of type 'unknown' is not assignable to parameter of type 'string'.
src/app/inventory/stores/hooks/useStoreOperations.ts(23,64): error TS2345: Argument of type 'unknown' is not assignable to parameter of type 'string | number | bigint | boolean | (() => ReactNode) | ReactElement<unknown, string | JSXElementConstructor<any>> | Iterable<ReactNode> | ReactPortal | Promise<...> | null | undefined'.
src/app/inventory/stores/hooks/useStoreOperations.ts(36,64): error TS2345: Argument of type 'unknown' is not assignable to parameter of type 'string | number | bigint | boolean | (() => ReactNode) | ReactElement<unknown, string | JSXElementConstructor<any>> | Iterable<ReactNode> | ReactPortal | Promise<...> | null | undefined'.
src/app/inventory/stores/page.tsx(93,65): error TS2322: Type 'StoreFormValues' is not assignable to type 'Record<string, unknown>'.
  Index signature for type 'string' is missing in type 'StoreFormValues'.
src/app/inventory/stores/page.tsx(234,21): error TS2322: Type 'User[]' is not assignable to type 'Record<string, unknown>[]'.
  Type 'User' is not assignable to type 'Record<string, unknown>'.
    Index signature for type 'string' is missing in type 'User'.
src/app/inventory/stores/page.tsx(235,21): error TS2322: Type 'OPMC[]' is not assignable to type 'Record<string, unknown>[]'.
  Type 'OPMC' is not assignable to type 'Record<string, unknown>'.
    Index signature for type 'string' is missing in type 'OPMC'.
src/app/invoices/bom-sheets/page.tsx(127,28): error TS18046: 'selectedProj.projectCode' is of type 'unknown'.
src/app/invoices/bom-sheets/page.tsx(808,66): error TS2322: Type 'unknown' is not assignable to type 'Key | null | undefined'.
src/app/invoices/bom-sheets/page.tsx(810,120): error TS2322: Type 'unknown' is not assignable to type 'ReactNode'.
src/app/invoices/bom-sheets/page.tsx(811,126): error TS2322: Type 'unknown' is not assignable to type 'ReactNode'.
src/app/invoices/bom-sheets/page.tsx(811,172): error TS2345: Argument of type 'unknown' is not assignable to parameter of type 'number'.
src/app/invoices/bom-sheets/page.tsx(813,132): error TS18046: 'item.quantity' is of type 'unknown'.
src/app/invoices/bom-sheets/page.tsx(813,148): error TS18046: 'item.unitPrice' is of type 'unknown'.
src/app/invoices/bom-sheets/page.tsx(977,69): error TS2769: No overload matches this call.
  Overload 1 of 2, '(predicate: (value: ClientInvoiceSOD, index: number, array: ClientInvoiceSOD[]) => value is ClientInvoiceSOD, thisArg?: any): ClientInvoiceSOD[]', gave the following error.
    Argument of type '(sod: Record<string, unknown>) => unknown' is not assignable to parameter of type '(value: ClientInvoiceSOD, index: number, array: ClientInvoiceSOD[]) => value is ClientInvoiceSOD'.
      Types of parameters 'sod' and 'value' are incompatible.
        Type 'ClientInvoiceSOD' is not assignable to type 'Record<string, unknown>'.
          Index signature for type 'string' is missing in type 'ClientInvoiceSOD'.
  Overload 2 of 2, '(predicate: (value: ClientInvoiceSOD, index: number, array: ClientInvoiceSOD[]) => unknown, thisArg?: any): ClientInvoiceSOD[]', gave the following error.
    Argument of type '(sod: Record<string, unknown>) => unknown' is not assignable to parameter of type '(value: ClientInvoiceSOD, index: number, array: ClientInvoiceSOD[]) => unknown'.
      Types of parameters 'sod' and 'value' are incompatible.
        Type 'ClientInvoiceSOD' is not assignable to type 'Record<string, unknown>'.
          Index signature for type 'string' is missing in type 'ClientInvoiceSOD'.
src/app/invoices/bom-sheets/page.tsx(978,66): error TS2345: Argument of type '(sod: Record<string, unknown>) => JSX.Element' is not assignable to parameter of type '(value: ClientInvoiceSOD, index: number, array: ClientInvoiceSOD[]) => Element'.
  Types of parameters 'sod' and 'value' are incompatible.
    Type 'ClientInvoiceSOD' is not assignable to type 'Record<string, unknown>'.
      Index signature for type 'string' is missing in type 'ClientInvoiceSOD'.
src/app/invoices/bom-sheets/page.tsx(979,70): error TS2322: Type 'unknown' is not assignable to type 'Key | null | undefined'.
src/app/invoices/bom-sheets/page.tsx(981,134): error TS2322: Type 'unknown' is not assignable to type 'ReactNode'.
src/app/invoices/bom-sheets/page.tsx(983,83): error TS2322: Type 'unknown' is not assignable to type 'ReactNode'.
src/app/invoices/bom-sheets/page.tsx(983,105): error TS2322: Type '{}' is not assignable to type 'ReactNode'.
src/app/invoices/bom-sheets/page.tsx(997,105): error TS2339: Property 'map' does not exist on type '{}'.
src/app/invoices/bom-sheets/page.tsx(998,94): error TS2362: The left-hand side of an arithmetic operation must be of type 'any', 'number', 'bigint' or an enum type.
src/app/invoices/bom-sheets/page.tsx(998,118): error TS2363: The right-hand side of an arithmetic operation must be of type 'any', 'number', 'bigint' or an enum type.
src/app/invoices/bom-sheets/page.tsx(1001,89): error TS2322: Type 'unknown' is not assignable to type 'Key | null | undefined'.
src/app/invoices/bom-sheets/page.tsx(1002,122): error TS2322: Type 'unknown' is not assignable to type 'ReactNode'.
src/app/invoices/bom-sheets/page.tsx(1002,195): error TS2322: Type 'unknown' is not assignable to type 'ReactNode'.
src/app/invoices/bom-sheets/page.tsx(1003,134): error TS2322: Type '{}' is not assignable to type 'ReactNode'.
src/app/invoices/bom-sheets/page.tsx(1003,156): error TS2322: Type 'unknown' is not assignable to type 'ReactNode'.
src/app/invoices/bom-sheets/page.tsx(1004,134): error TS2322: Type '{}' is not assignable to type 'ReactNode'.
src/app/invoices/bom-sheets/page.tsx(1004,154): error TS2322: Type 'unknown' is not assignable to type 'ReactNode'.
src/app/invoices/bom-sheets/page.tsx(1070,45): error TS2322: Type 'unknown' is not assignable to type 'Key | null | undefined'.
src/app/invoices/bom-sheets/page.tsx(1070,56): error TS2322: Type 'unknown' is not assignable to type 'string | number | readonly string[] | undefined'.
src/app/invoices/bom-sheets/page.tsx(1071,41): error TS2322: Type 'unknown' is not assignable to type 'ReactNode'.
src/app/invoices/bom-sheets/page.tsx(1071,59): error TS2322: Type 'unknown' is not assignable to type 'ReactNode'.
src/app/invoices/delay-sheets/page.tsx(130,52): error TS2345: Argument of type 'DelayedOrder[]' is not assignable to parameter of type 'Record<string, unknown>[]'.
  Type 'DelayedOrder' is not assignable to type 'Record<string, unknown>'.
    Index signature for type 'string' is missing in type 'DelayedOrder'.
src/app/presentation/page.tsx(73,14): error TS2352: Conversion of type 'Window & typeof globalThis' to type 'Record<string, unknown>' may be a mistake because neither type sufficiently overlaps with the other. If this was intentional, convert the expression to 'unknown' first.
  Index signature for type 'string' is missing in type 'Window & typeof globalThis'.
src/app/presentation/page.tsx(80,29): error TS2352: Conversion of type 'Window & typeof globalThis' to type 'Record<string, unknown>' may be a mistake because neither type sufficiently overlaps with the other. If this was intentional, convert the expression to 'unknown' first.
  Index signature for type 'string' is missing in type 'Window & typeof globalThis'.
src/app/presentation/page.tsx(82,22): error TS2352: Conversion of type 'Window & typeof globalThis' to type 'Record<string, unknown>' may be a mistake because neither type sufficiently overlaps with the other. If this was intentional, convert the expression to 'unknown' first.
  Index signature for type 'string' is missing in type 'Window & typeof globalThis'.
src/app/procurement/approvals/page.tsx(107,36): error TS2538: Type 'unknown' cannot be used as an index type.
src/app/projects/[id]/page.tsx(80,5): error TS2322: Type '({ project }: ProjectOverviewProps) => Element' is not assignable to type 'AnyTabComponent'.
  Type '({ project }: ProjectOverviewProps) => Element' is not assignable to type 'FunctionComponent<Record<string, unknown>>'.
    Types of parameters '__0' and 'props' are incompatible.
      Property 'project' is missing in type 'Record<string, unknown>' but required in type 'ProjectOverviewProps'.
src/app/projects/[id]/page.tsx(80,32): error TS2322: Type '({ project }: ProjectWorkflowTrackerProps) => Element' is not assignable to type 'AnyTabComponent'.
  Type '({ project }: ProjectWorkflowTrackerProps) => Element' is not assignable to type 'FunctionComponent<Record<string, unknown>>'.
    Types of parameters '__0' and 'props' are incompatible.
      Property 'project' is missing in type 'Record<string, unknown>' but required in type 'ProjectWorkflowTrackerProps'.
src/app/projects/[id]/page.tsx(80,77): error TS2322: Type '({ project }: ProjectPermitsProps) => Element' is not assignable to type 'AnyTabComponent'.
  Type '({ project }: ProjectPermitsProps) => Element' is not assignable to type 'FunctionComponent<Record<string, unknown>>'.
    Types of parameters '__0' and 'props' are incompatible.
      Property 'project' is missing in type 'Record<string, unknown>' but required in type 'ProjectPermitsProps'.
src/app/projects/[id]/page.tsx(81,5): error TS2322: Type '({ project }: ProjectGISRouteProps) => Element' is not assignable to type 'AnyTabComponent'.
  Type '({ project }: ProjectGISRouteProps) => Element' is not assignable to type 'FunctionComponent<Record<string, unknown>>'.
    Types of parameters '__0' and 'props' are incompatible.
      Property 'project' is missing in type 'Record<string, unknown>' but required in type 'ProjectGISRouteProps'.
src/app/projects/[id]/page.tsx(81,27): error TS2322: Type '({ project, refreshProject }: ProjectSurveyProps) => Element' is not assignable to type 'AnyTabComponent'.
  Type '({ project, refreshProject }: ProjectSurveyProps) => Element' is not assignable to type 'FunctionComponent<Record<string, unknown>>'.
    Types of parameters '__0' and 'props' are incompatible.
      Property 'project' is missing in type 'Record<string, unknown>' but required in type 'ProjectSurveyProps'.
src/app/projects/[id]/page.tsx(81,50): error TS2322: Type '({ project }: ProjectOTDRProps) => Element' is not assignable to type 'AnyTabComponent'.
  Type '({ project }: ProjectOTDRProps) => Element' is not assignable to type 'FunctionComponent<Record<string, unknown>>'.
    Types of parameters '__0' and 'props' are incompatible.
      Property 'project' is missing in type 'Record<string, unknown>' but required in type 'ProjectOTDRProps'.
src/app/projects/[id]/page.tsx(81,69): error TS2322: Type '({ project }: ProjectHSEProps) => Element' is not assignable to type 'AnyTabComponent'.
  Type '({ project }: ProjectHSEProps) => Element' is not assignable to type 'FunctionComponent<Record<string, unknown>>'.
    Types of parameters '__0' and 'props' are incompatible.
      Property 'project' is missing in type 'Record<string, unknown>' but required in type 'ProjectHSEProps'.
src/app/projects/[id]/page.tsx(82,5): error TS2322: Type '({ project }: ProjectContractorPerformanceProps) => Element' is not assignable to type 'AnyTabComponent'.
  Type '({ project }: ProjectContractorPerformanceProps) => Element' is not assignable to type 'FunctionComponent<Record<string, unknown>>'.
    Types of parameters '__0' and 'props' are incompatible.
      Property 'project' is missing in type 'Record<string, unknown>' but required in type 'ProjectContractorPerformanceProps'.
src/app/projects/[id]/page.tsx(82,54): error TS2322: Type '({ project }: ProjectEVMProps) => Element' is not assignable to type 'AnyTabComponent'.
  Type '({ project }: ProjectEVMProps) => Element' is not assignable to type 'FunctionComponent<Record<string, unknown>>'.
    Types of parameters '__0' and 'props' are incompatible.
      Property 'project' is missing in type 'Record<string, unknown>' but required in type 'ProjectEVMProps'.
src/app/projects/[id]/page.tsx(82,71): error TS2322: Type '({ project }: ProjectAssetRegisterProps) => Element' is not assignable to type 'AnyTabComponent'.
  Type '({ project }: ProjectAssetRegisterProps) => Element' is not assignable to type 'FunctionComponent<Record<string, unknown>>'.
    Types of parameters '__0' and 'props' are incompatible.
      Property 'project' is missing in type 'Record<string, unknown>' but required in type 'ProjectAssetRegisterProps'.
src/app/projects/[id]/page.tsx(83,5): error TS2322: Type '({ project }: ProjectVariationOrdersProps) => Element' is not assignable to type 'AnyTabComponent'.
  Type '({ project }: ProjectVariationOrdersProps) => Element' is not assignable to type 'FunctionComponent<Record<string, unknown>>'.
    Types of parameters '__0' and 'props' are incompatible.
      Property 'project' is missing in type 'Record<string, unknown>' but required in type 'ProjectVariationOrdersProps'.
src/app/projects/[id]/page.tsx(83,41): error TS2322: Type '({ project, refreshProject }: ProjectBOQProps) => Element' is not assignable to type 'AnyTabComponent'.
  Type '({ project, refreshProject }: ProjectBOQProps) => Element' is not assignable to type 'FunctionComponent<Record<string, unknown>>'.
    Types of parameters '__0' and 'props' are incompatible.
      Type 'Record<string, unknown>' is missing the following properties from type 'ProjectBOQProps': project, refreshProject
src/app/projects/[id]/page.tsx(83,58): error TS2322: Type '({ project, refreshProject }: ProjectMaterialIssuesProps) => Element' is not assignable to type 'AnyTabComponent'.
  Type '({ project, refreshProject }: ProjectMaterialIssuesProps) => Element' is not assignable to type 'FunctionComponent<Record<string, unknown>>'.
    Types of parameters '__0' and 'props' are incompatible.
      Type 'Record<string, unknown>' is missing the following properties from type 'ProjectMaterialIssuesProps': project, refreshProject
src/app/projects/[id]/page.tsx(84,5): error TS2322: Type '({ project, refreshProject }: ProjectMilestonesProps) => Element' is not assignable to type 'AnyTabComponent'.
  Type '({ project, refreshProject }: ProjectMilestonesProps) => Element' is not assignable to type 'FunctionComponent<Record<string, unknown>>'.
    Types of parameters '__0' and 'props' are incompatible.
      Type 'Record<string, unknown>' is missing the following properties from type 'ProjectMilestonesProps': project, refreshProject
src/app/projects/[id]/page.tsx(84,36): error TS2322: Type '({ project, refreshProject }: ProjectExpensesProps) => Element' is not assignable to type 'AnyTabComponent'.
  Type '({ project, refreshProject }: ProjectExpensesProps) => Element' is not assignable to type 'FunctionComponent<Record<string, unknown>>'.
    Types of parameters '__0' and 'props' are incompatible.
      Type 'Record<string, unknown>' is missing the following properties from type 'ProjectExpensesProps': project, refreshProject
src/app/projects/[id]/page.tsx(84,63): error TS2322: Type '({ project, refreshProject }: ProjectTasksProps) => Element' is not assignable to type 'AnyTabComponent'.
  Type '({ project, refreshProject }: ProjectTasksProps) => Element' is not assignable to type 'FunctionComponent<Record<string, unknown>>'.
    Types of parameters '__0' and 'props' are incompatible.
      Type 'Record<string, unknown>' is missing the following properties from type 'ProjectTasksProps': project, refreshProject
src/app/projects/[id]/page.tsx(85,5): error TS2322: Type '({ project }: ProjectResourcesProps) => Element' is not assignable to type 'AnyTabComponent'.
  Type '({ project }: ProjectResourcesProps) => Element' is not assignable to type 'FunctionComponent<Record<string, unknown>>'.
    Types of parameters '__0' and 'props' are incompatible.
      Property 'project' is missing in type 'Record<string, unknown>' but required in type 'ProjectResourcesProps'.
src/app/projects/[id]/page.tsx(85,34): error TS2322: Type '({ project }: ProjectDocumentsProps) => Element' is not assignable to type 'AnyTabComponent'.
  Type '({ project }: ProjectDocumentsProps) => Element' is not assignable to type 'FunctionComponent<Record<string, unknown>>'.
    Types of parameters '__0' and 'props' are incompatible.
      Property 'project' is missing in type 'Record<string, unknown>' but required in type 'ProjectDocumentsProps'.
src/app/projects/[id]/page.tsx(85,63): error TS2322: Type '({ project }: ProjectApprovalsProps) => Element' is not assignable to type 'AnyTabComponent'.
  Type '({ project }: ProjectApprovalsProps) => Element' is not assignable to type 'FunctionComponent<Record<string, unknown>>'.
    Types of parameters '__0' and 'props' are incompatible.
      Property 'project' is missing in type 'Record<string, unknown>' but required in type 'ProjectApprovalsProps'.
src/app/projects/[id]/page.tsx(86,5): error TS2322: Type '({ project }: ProjectRisksProps) => Element' is not assignable to type 'AnyTabComponent'.
  Type '({ project }: ProjectRisksProps) => Element' is not assignable to type 'FunctionComponent<Record<string, unknown>>'.
    Types of parameters '__0' and 'props' are incompatible.
      Property 'project' is missing in type 'Record<string, unknown>' but required in type 'ProjectRisksProps'.
src/app/projects/[id]/page.tsx(86,26): error TS2322: Type '({ project }: ProjectQAProps) => Element' is not assignable to type 'AnyTabComponent'.
  Type '({ project }: ProjectQAProps) => Element' is not assignable to type 'FunctionComponent<Record<string, unknown>>'.
    Types of parameters '__0' and 'props' are incompatible.
      Property 'project' is missing in type 'Record<string, unknown>' but required in type 'ProjectQAProps'.
src/app/projects/[id]/page.tsx(86,41): error TS2322: Type '({ project }: ProjectContractorsProps) => Element' is not assignable to type 'AnyTabComponent'.
  Type '({ project }: ProjectContractorsProps) => Element' is not assignable to type 'FunctionComponent<Record<string, unknown>>'.
    Types of parameters '__0' and 'props' are incompatible.
      Property 'project' is missing in type 'Record<string, unknown>' but required in type 'ProjectContractorsProps'.
src/app/projects/[id]/page.tsx(86,73): error TS2322: Type '({ project }: ProjectCommissioningProps) => Element' is not assignable to type 'AnyTabComponent'.
  Type '({ project }: ProjectCommissioningProps) => Element' is not assignable to type 'FunctionComponent<Record<string, unknown>>'.
    Types of parameters '__0' and 'props' are incompatible.
      Property 'project' is missing in type 'Record<string, unknown>' but required in type 'ProjectCommissioningProps'.
src/app/projects/[id]/page.tsx(87,5): error TS2322: Type '({ project }: ProjectKPIsProps) => Element' is not assignable to type 'AnyTabComponent'.
  Type '({ project }: ProjectKPIsProps) => Element' is not assignable to type 'FunctionComponent<Record<string, unknown>>'.
    Types of parameters '__0' and 'props' are incompatible.
      Property 'project' is missing in type 'Record<string, unknown>' but required in type 'ProjectKPIsProps'.
src/app/projects/[id]/page.tsx(87,24): error TS2322: Type '({ project, refreshProject }: ProjectProcurementProps) => Element' is not assignable to type 'AnyTabComponent'.
  Type '({ project, refreshProject }: ProjectProcurementProps) => Element' is not assignable to type 'FunctionComponent<Record<string, unknown>>'.
    Types of parameters '__0' and 'props' are incompatible.
      Type 'Record<string, unknown>' is missing the following properties from type 'ProjectProcurementProps': project, refreshProject
src/app/projects/[id]/page.tsx(87,57): error TS2322: Type '({ project, refreshProject }: ProjectFinanceProps) => Element' is not assignable to type 'AnyTabComponent'.
  Type '({ project, refreshProject }: ProjectFinanceProps) => Element' is not assignable to type 'FunctionComponent<Record<string, unknown>>'.
    Types of parameters '__0' and 'props' are incompatible.
      Type 'Record<string, unknown>' is missing the following properties from type 'ProjectFinanceProps': project, refreshProject
src/app/projects/[id]/page.tsx(87,82): error TS2322: Type '({ project, refreshProject }: ProjectClosureProps) => Element' is not assignable to type 'AnyTabComponent'.
  Type '({ project, refreshProject }: ProjectClosureProps) => Element' is not assignable to type 'FunctionComponent<Record<string, unknown>>'.
    Types of parameters '__0' and 'props' are incompatible.
      Type 'Record<string, unknown>' is missing the following properties from type 'ProjectClosureProps': project, refreshProject
src/app/projects/[id]/page.tsx(88,5): error TS2322: Type '({ project }: ProjectFieldTasksProps) => Element' is not assignable to type 'AnyTabComponent'.
  Type '({ project }: ProjectFieldTasksProps) => Element' is not assignable to type 'FunctionComponent<Record<string, unknown>>'.
    Types of parameters '__0' and 'props' are incompatible.
      Property 'project' is missing in type 'Record<string, unknown>' but required in type 'ProjectFieldTasksProps'.
src/app/projects/[id]/page.tsx(88,68): error TS2322: Type '({ projectId }: Props) => Element' is not assignable to type 'AnyTabComponent'.
  Type '({ projectId }: Props) => Element' is not assignable to type 'FunctionComponent<Record<string, unknown>>'.
    Types of parameters '__0' and 'props' are incompatible.
      Property 'projectId' is missing in type 'Record<string, unknown>' but required in type 'Props'.
src/app/projects/[id]/page.tsx(89,5): error TS2322: Type '({ projectId }: Props) => Element' is not assignable to type 'AnyTabComponent'.
  Type '({ projectId }: Props) => Element' is not assignable to type 'FunctionComponent<Record<string, unknown>>'.
    Types of parameters '__0' and 'props' are incompatible.
      Property 'projectId' is missing in type 'Record<string, unknown>' but required in type 'Props'.
src/app/projects/[id]/page.tsx(89,22): error TS2322: Type '({ projectId }: Props) => Element' is not assignable to type 'AnyTabComponent'.
  Type '({ projectId }: Props) => Element' is not assignable to type 'FunctionComponent<Record<string, unknown>>'.
    Types of parameters '__0' and 'props' are incompatible.
      Property 'projectId' is missing in type 'Record<string, unknown>' but required in type 'Props'.
src/app/projects/[id]/page.tsx(90,5): error TS2322: Type '({ project }: ProjectBudgetTrackingProps) => Element' is not assignable to type 'AnyTabComponent'.
  Type '({ project }: ProjectBudgetTrackingProps) => Element' is not assignable to type 'FunctionComponent<Record<string, unknown>>'.
    Types of parameters '__0' and 'props' are incompatible.
      Property 'project' is missing in type 'Record<string, unknown>' but required in type 'ProjectBudgetTrackingProps'.
src/app/projects/[id]/page.tsx(90,36): error TS2322: Type '({ project }: ProjectChangeRequestsProps) => Element' is not assignable to type 'AnyTabComponent'.
  Type '({ project }: ProjectChangeRequestsProps) => Element' is not assignable to type 'FunctionComponent<Record<string, unknown>>'.
    Types of parameters '__0' and 'props' are incompatible.
      Property 'project' is missing in type 'Record<string, unknown>' but required in type 'ProjectChangeRequestsProps'.
src/app/projects/[id]/page.tsx(91,5): error TS2322: Type '({ project }: ProjectGISAuditProps) => Element' is not assignable to type 'AnyTabComponent'.
  Type '({ project }: ProjectGISAuditProps) => Element' is not assignable to type 'FunctionComponent<Record<string, unknown>>'.
    Types of parameters '__0' and 'props' are incompatible.
      Property 'project' is missing in type 'Record<string, unknown>' but required in type 'ProjectGISAuditProps'.
src/app/projects/[id]/page.tsx(91,35): error TS2322: Type '({ project }: ProjectAsBuiltProps) => Element' is not assignable to type 'AnyTabComponent'.
  Type '({ project }: ProjectAsBuiltProps) => Element' is not assignable to type 'FunctionComponent<Record<string, unknown>>'.
    Types of parameters '__0' and 'props' are incompatible.
      Property 'project' is missing in type 'Record<string, unknown>' but required in type 'ProjectAsBuiltProps'.
src/app/projects/[id]/page.tsx(380,63): error TS2322: Type 'Project' is not assignable to type 'Record<string, unknown>'.
  Index signature for type 'string' is missing in type 'Project'.
src/app/projects/dashboards/ir-audit/page.tsx(1408,28): error TS2322: Type 'unknown' is not assignable to type 'Key | null | undefined'.
src/app/projects/dashboards/ir-audit/page.tsx(1417,110): error TS2322: Type 'unknown' is not assignable to type 'ReactNode'.
src/app/projects/dashboards/ir-audit/page.tsx(1418,100): error TS2769: No overload matches this call.
  Overload 1 of 4, '(value: string | number | Date): Date', gave the following error.
    Argument of type 'unknown' is not assignable to parameter of type 'string | number | Date'.
  Overload 2 of 4, '(value: string | number): Date', gave the following error.
    Argument of type 'unknown' is not assignable to parameter of type 'string | number'.
src/app/projects/dashboards/ir-audit/page.tsx(1422,86): error TS2322: Type 'unknown' is not assignable to type 'ReactNode'.
src/app/projects/dashboards/ir-audit/page.tsx(1423,81): error TS2322: Type 'unknown' is not assignable to type 'ReactNode'.
src/app/projects/dashboards/ir-audit/page.tsx(1427,102): error TS2322: Type 'unknown' is not assignable to type 'ReactNode'.
src/app/projects/dashboards/ir-audit/page.tsx(1428,29): error TS2322: Type 'unknown' is not assignable to type 'ReactNode'.
src/app/projects/dashboards/ir-audit/page.tsx(1429,106): error TS2322: Type '{}' is not assignable to type 'ReactNode'.
src/app/projects/dashboards/ir-audit/page.tsx(1431,29): error TS2322: Type 'unknown' is not assignable to type 'ReactNode'.
src/app/projects/dashboards/ir-audit/page.tsx(1433,40): error TS2322: Type '{}' is not assignable to type 'ReactNode'.
src/app/service-orders/page.tsx(351,87): error TS2322: Type '{}' is not assignable to type 'number'.
src/app/vehicles/[id]/rental-summary/page.tsx(287,13): error TS2322: Type '{}' is not assignable to type 'string'.
src/app/vehicles/[id]/rental-summary/page.tsx(288,13): error TS2322: Type '{}' is not assignable to type 'string'.
src/app/vehicles/[id]/rental-summary/page.tsx(289,13): error TS2322: Type '{}' is not assignable to type 'string'.
src/app/vehicles/[id]/rental-summary/page.tsx(290,64): error TS2769: No overload matches this call.
  Overload 1 of 4, '(value: string | number | Date): Date', gave the following error.
    Argument of type '{}' is not assignable to parameter of type 'string | number | Date'.
  Overload 2 of 4, '(value: string | number): Date', gave the following error.
    Argument of type '{}' is not assignable to parameter of type 'string | number'.
src/app/vehicles/[id]/rental-summary/page.tsx(291,60): error TS2769: No overload matches this call.
  Overload 1 of 4, '(value: string | number | Date): Date', gave the following error.
    Argument of type '{}' is not assignable to parameter of type 'string | number | Date'.
  Overload 2 of 4, '(value: string | number): Date', gave the following error.
    Argument of type '{}' is not assignable to parameter of type 'string | number'.
src/app/vehicles/[id]/rental-summary/page.tsx(295,13): error TS2322: Type '{}' is not assignable to type 'string'.
src/app/vehicles/[id]/rental-summary/page.tsx(296,13): error TS2322: Type '{}' is not assignable to type 'string'.
src/app/vehicles/[id]/rental-summary/page.tsx(303,13): error TS2322: Type '{}' is not assignable to type 'string'.
src/app/vehicles/[id]/rental-summary/page.tsx(304,13): error TS2322: Type '{}' is not assignable to type 'string'.
src/app/vehicles/[id]/rental-summary/page.tsx(305,13): error TS2322: Type '{}' is not assignable to type 'string'.
src/app/vehicles/[id]/rental-summary/page.tsx(306,13): error TS2322: Type '{}' is not assignable to type 'string'.
src/app/vehicles/[id]/rental-summary/page.tsx(307,13): error TS2322: Type '{}' is not assignable to type 'string'.
src/app/vehicles/[id]/rental-summary/page.tsx(308,13): error TS2322: Type '{}' is not assignable to type 'string'.
src/app/vehicles/[id]/rental-summary/page.tsx(672,23): error TS2322: Type 'Record<string, unknown>' is not assignable to type '"default" | "secondary" | "destructive" | "outline" | null | undefined'.
src/app/vehicles/[id]/rental-summary/page.tsx(672,32): error TS2352: Conversion of type 'string' to type 'Record<string, unknown>' may be a mistake because neither type sufficiently overlaps with the other. If this was intentional, convert the expression to 'unknown' first.
src/components/ErrorBoundary.tsx(152,26): error TS2345: Argument of type 'unknown' is not assignable to parameter of type 'Record<string, unknown>'.
src/components/gis/GISMapView.tsx(273,27): error TS2345: Argument of type 'AutoPlanResult | null' is not assignable to parameter of type 'Record<string, unknown>'.
  Type 'null' is not assignable to type 'Record<string, unknown>'.
src/components/gis/GISMapView.tsx(277,33): error TS2345: Argument of type 'AutoPlanResult | null' is not assignable to parameter of type 'Record<string, unknown>'.
  Type 'null' is not assignable to type 'Record<string, unknown>'.
src/components/gis/GISMapView.tsx(1169,58): error TS2345: Argument of type 'GISCableSegmentData' is not assignable to parameter of type 'Record<string, unknown>'.
  Index signature for type 'string' is missing in type 'GISCableSegmentData'.
src/components/gis/GISMapView.tsx(1181,44): error TS2345: Argument of type 'GISRouteData' is not assignable to parameter of type 'Record<string, unknown>'.
  Index signature for type 'string' is missing in type 'GISRouteData'.
src/components/gis/GISMapView.tsx(1205,53): error TS2345: Argument of type 'GISRouteData' is not assignable to parameter of type 'Record<string, unknown>'.
  Index signature for type 'string' is missing in type 'GISRouteData'.
src/components/gis/GISMapView.tsx(1227,41): error TS2345: Argument of type 'GISPoleData' is not assignable to parameter of type 'Record<string, unknown>'.
  Index signature for type 'string' is missing in type 'GISPoleData'.
src/components/gis/GISMapView.tsx(1303,35): error TS2345: Argument of type 'GISClosureData' is not assignable to parameter of type 'Record<string, unknown>'.
  Index signature for type 'string' is missing in type 'GISClosureData'.
src/components/gis/GISMapView.tsx(1354,44): error TS2345: Argument of type 'GISChamberData' is not assignable to parameter of type 'Record<string, unknown>'.
  Index signature for type 'string' is missing in type 'GISChamberData'.
src/components/gis/GISMapView.tsx(1365,43): error TS2345: Argument of type 'GISRoadSegmentData' is not assignable to parameter of type 'Record<string, unknown>'.
  Index signature for type 'string' is missing in type 'GISRoadSegmentData'.
src/components/gis/GISMapView.tsx(1383,52): error TS2345: Argument of type 'GISAssetData' is not assignable to parameter of type 'Record<string, unknown>'.
  Index signature for type 'string' is missing in type 'GISAssetData'.
src/components/gis/GISMapView.tsx(1411,44): error TS2345: Argument of type 'PlannedClosure' is not assignable to parameter of type 'Record<string, unknown>'.
  Index signature for type 'string' is missing in type 'PlannedClosure'.
src/components/gis/GISMapView.tsx(1412,42): error TS2345: Argument of type 'PlannedClosure' is not assignable to parameter of type 'Record<string, unknown>'.
  Index signature for type 'string' is missing in type 'PlannedClosure'.
src/components/gis/GISMapView.tsx(1441,48): error TS2345: Argument of type 'PlannedPole' is not assignable to parameter of type 'Record<string, unknown>'.
  Index signature for type 'string' is missing in type 'PlannedPole'.
src/components/gis/GISMapView.tsx(1467,49): error TS2345: Argument of type 'PlannedCable' is not assignable to parameter of type 'Record<string, unknown>'.
  Index signature for type 'string' is missing in type 'PlannedCable'.
src/components/gis/NationalInfraMap.tsx(142,37): error TS2339: Property 'find' does not exist on type '{}'.
src/components/gis/NationalInfraMap.tsx(142,86): error TS2339: Property 'coordinates' does not exist on type '{}'.
src/components/gis/NationalInfraMap.tsx(160,27): error TS2339: Property 'filter' does not exist on type '{}'.
src/components/gis/NationalInfraMap.tsx(160,78): error TS2339: Property 'type' does not exist on type '{}'.
src/components/gis/NationalInfraMap.tsx(160,113): error TS2339: Property 'layer' does not exist on type '{}'.
src/components/gis/NationalInfraMap.tsx(160,136): error TS2339: Property 'Layer' does not exist on type '{}'.
src/components/gis/NationalInfraMap.tsx(308,31): error TS2339: Property 'flatMap' does not exist on type '{}'.
src/components/gis/NationalInfraMap.tsx(312,42): error TS2339: Property 'layer' does not exist on type '{}'.
src/components/gis/NationalInfraMap.tsx(312,57): error TS2339: Property 'Layer' does not exist on type '{}'.
src/components/gis/NationalInfraMap.tsx(312,72): error TS2339: Property 'LAYER' does not exist on type '{}'.
src/components/gis/NationalInfraMap.tsx(312,87): error TS2339: Property 'layerType' does not exist on type '{}'.
src/components/gis/NationalInfraMap.tsx(315,26): error TS2339: Property 'type' does not exist on type '{}'.
src/components/gis/NationalInfraMap.tsx(315,70): error TS2339: Property 'coordinates' does not exist on type '{}'.
src/components/gis/NationalInfraMap.tsx(316,57): error TS2339: Property 'coordinates' does not exist on type '{}'.
src/components/gis/NationalInfraMap.tsx(322,32): error TS2339: Property 'cable_type' does not exist on type '{}'.
src/components/gis/NationalInfraMap.tsx(322,104): error TS2339: Property 'cable_type' does not exist on type '{}'.
src/components/gis/NationalInfraMap.tsx(323,32): error TS2339: Property 'fiber_count' does not exist on type '{}'.
src/components/gis/NationalInfraMap.tsx(323,106): error TS2339: Property 'fiber_count' does not exist on type '{}'.
src/components/gis/NationalInfraMap.tsx(324,32): error TS2339: Property 'installation_method' does not exist on type '{}'.
src/components/gis/NationalInfraMap.tsx(324,114): error TS2339: Property 'installation_method' does not exist on type '{}'.
src/components/gis/NationalInfraMap.tsx(325,32): error TS2339: Property 'length' does not exist on type '{}'.
src/components/gis/NationalInfraMap.tsx(325,112): error TS2339: Property 'length' does not exist on type '{}'.
src/components/gis/NationalInfraMap.tsx(332,26): error TS2339: Property 'type' does not exist on type '{}'.
src/components/gis/NationalInfraMap.tsx(332,75): error TS2339: Property 'coordinates' does not exist on type '{}'.
src/components/gis/NationalInfraMap.tsx(333,31): error TS2339: Property 'coordinates' does not exist on type '{}'.
src/components/gis/NationalInfraMap.tsx(334,27): error TS2322: Type '[unknown, unknown][]' is not assignable to type '[number, number][]'.
  Type '[unknown, unknown]' is not assignable to type '[number, number]'.
    Type at position 0 in source is not compatible with type at position 0 in target.
      Type 'unknown' is not assignable to type 'number'.
src/components/gis/NationalInfraMap.tsx(340,34): error TS2339: Property 'cable_type' does not exist on type '{}'.
src/components/gis/NationalInfraMap.tsx(340,106): error TS2339: Property 'cable_type' does not exist on type '{}'.
src/components/gis/NationalInfraMap.tsx(341,34): error TS2339: Property 'fiber_count' does not exist on type '{}'.
src/components/gis/NationalInfraMap.tsx(341,108): error TS2339: Property 'fiber_count' does not exist on type '{}'.
src/components/gis/NationalInfraMap.tsx(349,26): error TS2339: Property 'type' does not exist on type '{}'.
src/components/gis/NationalInfraMap.tsx(349,65): error TS2339: Property 'coordinates' does not exist on type '{}'.
src/components/gis/NationalInfraMap.tsx(350,36): error TS2339: Property 'coordinates' does not exist on type '{}'.
src/components/gis/NationalInfraMap.tsx(351,36): error TS2339: Property 'coordinates' does not exist on type '{}'.
src/components/gis/NationalInfraMap.tsx(386,32): error TS2339: Property 'pole_number' does not exist on type '{}'.
src/components/gis/NationalInfraMap.tsx(386,102): error TS2339: Property 'pole_number' does not exist on type '{}'.
src/components/gis/NationalInfraMap.tsx(387,32): error TS2339: Property 'pole_type' does not exist on type '{}'.
src/components/gis/NationalInfraMap.tsx(387,102): error TS2339: Property 'pole_type' does not exist on type '{}'.
src/components/gis/NationalInfraMap.tsx(388,32): error TS2339: Property 'height' does not exist on type '{}'.
src/components/gis/NationalInfraMap.tsx(388,101): error TS2339: Property 'height' does not exist on type '{}'.
src/components/gis/NationalInfraMap.tsx(389,32): error TS2339: Property 'capacity' does not exist on type '{}'.
src/components/gis/NationalInfraMap.tsx(389,105): error TS2339: Property 'capacity' does not exist on type '{}'.
src/components/gis/utils/mapAuditor.ts(32,29): error TS2339: Property 'length' does not exist on type '{}'.
src/components/gis/utils/mapAuditor.ts(33,16): error TS7053: Element implicitly has an 'any' type because expression of type 'number' can't be used to index type '{}'.
  No index signature with a parameter of type 'number' was found on type '{}'.
src/components/gis/utils/mapAuditor.ts(34,35): error TS2339: Property 'length' does not exist on type '{}'.
src/components/gis/utils/mapAuditor.ts(35,18): error TS7053: Element implicitly has an 'any' type because expression of type 'number' can't be used to index type '{}'.
  No index signature with a parameter of type 'number' was found on type '{}'.
src/components/gis/utils/mapAuditor.ts(40,25): error TS2488: Type '{}' must have a '[Symbol.iterator]()' method that returns an iterator.
src/components/gis/utils/mapAuditor.ts(60,21): error TS2488: Type '{}' must have a '[Symbol.iterator]()' method that returns an iterator.
src/components/gis/utils/mapAuditor.ts(70,23): error TS2488: Type '{}' must have a '[Symbol.iterator]()' method that returns an iterator.
src/components/gis/utils/mapAuditor.ts(74,23): error TS2488: Type '{}' must have a '[Symbol.iterator]()' method that returns an iterator.
src/components/gis/utils/mapAuditor.ts(131,33): error TS2339: Property 'filter' does not exist on type '{}'.
src/components/gis/utils/mapAuditor.ts(132,37): error TS2339: Property 'filter' does not exist on type '{}'.
src/components/gis/utils/mapAuditor.ts(151,13): error TS2339: Property 'length' does not exist on type '{}'.
src/components/gis/utils/mapAuditor.ts(160,23): error TS2488: Type '{}' must have a '[Symbol.iterator]()' method that returns an iterator.
src/components/gis/utils/mapAuditor.ts(176,14): error TS2339: Property 'length' does not exist on type '{}'.
src/components/gis/utils/mapAuditor.ts(177,32): error TS2339: Property 'reduce' does not exist on type '{}'.
src/components/gis/utils/mapAuditor.ts(177,84): error TS2365: Operator '+' cannot be applied to types 'number' and '{}'.
src/components/gis/utils/mapAuditor.ts(180,37): error TS2339: Property 'length' does not exist on type '{}'.
src/components/gis/utils/mapPopups.ts(9,141): error TS2339: Property 'toFixed' does not exist on type '{}'.
src/components/gis/utils/mapPopups.ts(19,248): error TS2339: Property 'toFixed' does not exist on type '{}'.
src/components/gis/utils/mapPopups.ts(43,379): error TS2339: Property 'toFixed' does not exist on type '{}'.
src/components/gis/utils/mapPopups.ts(63,386): error TS18046: 'cable.length' is of type 'unknown'.
src/components/helpdesk/AssetList.tsx(1756,28): error TS2322: Type 'unknown' is not assignable to type 'Key | null | undefined'.
src/components/helpdesk/AssetList.tsx(1759,30): error TS18046: 'log.transactionType' is of type 'unknown'.
src/components/helpdesk/AssetList.tsx(1760,126): error TS2339: Property 'name' does not exist on type '{}'.
src/components/helpdesk/AssetList.tsx(1762,27): error TS2322: Type 'unknown' is not assignable to type 'ReactNode'.
src/components/helpdesk/AssetList.tsx(1762,146): error TS2322: Type '{}' is not assignable to type 'ReactNode'.
src/components/helpdesk/AssetList.tsx(1763,27): error TS2322: Type 'unknown' is not assignable to type 'ReactNode'.
src/components/helpdesk/AssetList.tsx(1763,142): error TS2322: Type '{}' is not assignable to type 'ReactNode'.
src/components/helpdesk/AssetList.tsx(1766,95): error TS2769: No overload matches this call.
  Overload 1 of 4, '(value: string | number | Date): Date', gave the following error.
    Argument of type 'unknown' is not assignable to parameter of type 'string | number | Date'.
  Overload 2 of 4, '(value: string | number): Date', gave the following error.
    Argument of type 'unknown' is not assignable to parameter of type 'string | number'.
src/components/helpdesk/AssetList.tsx(1767,113): error TS2339: Property 'name' does not exist on type '{}'.
src/components/helpdesk/AssetList.tsx(1767,138): error TS2339: Property 'username' does not exist on type '{}'.
src/components/helpdesk/AssetList.tsx(1824,28): error TS2322: Type 'unknown' is not assignable to type 'Key | null | undefined'.
src/components/helpdesk/AssetList.tsx(1827,108): error TS2322: Type 'unknown' is not assignable to type 'ReactNode'.
src/components/helpdesk/AssetList.tsx(1828,29): error TS2322: Type 'unknown' is not assignable to type 'ReactNode'.
src/components/helpdesk/AssetList.tsx(1828,171): error TS2322: Type '{}' is not assignable to type 'ReactNode'.
src/components/helpdesk/AssetList.tsx(1830,27): error TS2322: Type 'unknown' is not assignable to type 'ReactNode'.
src/components/helpdesk/AssetList.tsx(1830,106): error TS2322: Type '{}' is not assignable to type 'ReactNode'.
src/components/helpdesk/AssetList.tsx(1838,31): error TS2322: Type 'unknown' is not assignable to type 'string | undefined'.
src/components/helpdesk/AssetList.tsx(1840,56): error TS2345: Argument of type 'unknown' is not assignable to parameter of type 'string'.
src/components/helpdesk/AssetList.tsx(1863,33): error TS2322: Type '{}' is not assignable to type 'string'.
src/components/helpdesk/AssetList.tsx(1865,58): error TS2345: Argument of type 'unknown' is not assignable to parameter of type 'string'.
src/components/helpdesk/AssetList.tsx(1888,61): error TS2345: Argument of type 'unknown' is not assignable to parameter of type 'string'.
src/components/helpdesk/AssetList.tsx(2053,28): error TS2322: Type '{}' is not assignable to type 'Key | null | undefined'.
src/components/helpdesk/AssetList.tsx(2061,105): error TS2322: Type 'unknown' is not assignable to type 'ReactNode'.
src/components/helpdesk/AssetList.tsx(2063,41): error TS2769: No overload matches this call.
  Overload 1 of 4, '(value: string | number | Date): Date', gave the following error.
    Argument of type 'unknown' is not assignable to parameter of type 'string | number | Date'.
  Overload 2 of 4, '(value: string | number): Date', gave the following error.
    Argument of type 'unknown' is not assignable to parameter of type 'string | number'.
src/components/helpdesk/AssetList.tsx(2068,29): error TS2322: Type 'unknown' is not assignable to type 'ReactNode'.
src/components/helpdesk/AssetList.tsx(2071,54): error TS2339: Property 'remarks' does not exist on type '{}'.
src/components/helpdesk/AssetList.tsx(2071,76): error TS2339: Property 'condition' does not exist on type '{}'.
src/components/helpdesk/AssetList.tsx(2073,43): error TS2339: Property 'condition' does not exist on type '{}'.
src/components/helpdesk/AssetList.tsx(2073,132): error TS2339: Property 'condition' does not exist on type '{}'.
src/components/helpdesk/AssetList.tsx(2074,43): error TS2339: Property 'remarks' does not exist on type '{}'.
src/components/helpdesk/AssetList.tsx(2074,149): error TS2339: Property 'remarks' does not exist on type '{}'.
src/components/helpdesk/AssetList.tsx(2081,84): error TS2339: Property 'name' does not exist on type '{}'.
src/components/helpdesk/AssetList.tsx(2082,43): error TS2339: Property 'username' does not exist on type '{}'.
src/components/helpdesk/AssetList.tsx(2082,74): error TS2339: Property 'username' does not exist on type '{}'.
src/components/modals/order-action/useOrderAction.ts(85,87): error TS2339: Property 'id' does not exist on type '{}'.
src/components/modals/order-action/useOrderAction.ts(200,57): error TS2339: Property 'toUpperCase' does not exist on type '{}'.
src/components/modals/order-action/useOrderAction.ts(201,57): error TS2339: Property 'toUpperCase' does not exist on type '{}'.
src/components/modals/order-action/useOrderAction.ts(202,57): error TS2339: Property 'toUpperCase' does not exist on type '{}'.
src/components/modals/order-action/useOrderAction.ts(203,57): error TS2339: Property 'toUpperCase' does not exist on type '{}'.
src/components/modals/order-action/useOrderAction.ts(260,33): error TS2322: Type '{}' is not assignable to type 'string'.
src/components/modals/order-action/useOrderAction.ts(323,53): error TS2339: Property 'toUpperCase' does not exist on type '{}'.
src/components/modals/order-action/useOrderAction.ts(324,53): error TS2339: Property 'toUpperCase' does not exist on type '{}'.
src/components/modals/order-action/useOrderAction.ts(325,53): error TS2339: Property 'toUpperCase' does not exist on type '{}'.
src/components/modals/order-action/useOrderAction.ts(326,53): error TS2339: Property 'toUpperCase' does not exist on type '{}'.
src/components/modals/order-action/useOrderAction.ts(387,29): error TS2322: Type '{}' is not assignable to type 'string'.
src/components/projects/ProjectAssetRegister.tsx(83,27): error TS2322: Type 'unknown' is not assignable to type 'Key | null | undefined'.
src/components/projects/ProjectAssetRegister.tsx(84,69): error TS2345: Argument of type 'unknown' is not assignable to parameter of type 'string'.
src/components/projects/ProjectAssetRegister.tsx(84,105): error TS2339: Property 'replace' does not exist on type '{}'.
src/components/projects/ProjectAssetRegister.tsx(85,60): error TS2322: Type '{}' is not assignable to type 'ReactNode'.
src/components/projects/ProjectAssetRegister.tsx(86,54): error TS2322: Type 'unknown' is not assignable to type 'ReactNode'.
src/components/projects/ProjectAssetRegister.tsx(87,124): error TS2322: Type 'unknown' is not assignable to type 'ReactNode'.
src/components/projects/ProjectAssetRegister.tsx(88,90): error TS2339: Property 'replace' does not exist on type '{}'.
src/components/projects/ProjectAssetRegister.tsx(93,94): error TS2345: Argument of type 'unknown' is not assignable to parameter of type 'string'.
src/components/projects/ProjectBOQ.tsx(23,77): error TS2345: Argument of type 'null' is not assignable to parameter of type 'Record<string, unknown> | (() => Record<string, unknown>)'.
src/components/projects/ProjectBOQ.tsx(49,50): error TS2339: Property 'filter' does not exist on type '{}'.
src/components/projects/ProjectBOQ.tsx(50,45): error TS2339: Property 'filter' does not exist on type '{}'.
src/components/projects/ProjectBOQ.tsx(51,109): error TS18046: 'i.amount' is of type 'unknown'.
src/components/projects/ProjectBOQ.tsx(52,99): error TS18046: 'i.amount' is of type 'unknown'.
src/components/projects/ProjectBOQ.tsx(56,25): error TS2339: Property 'filter' does not exist on type '{}'.
src/components/projects/ProjectBOQ.tsx(63,13): error TS2322: Type 'unknown' is not assignable to type 'string'.
src/components/projects/ProjectBOQ.tsx(64,13): error TS2322: Type 'unknown' is not assignable to type 'string'.
src/components/projects/ProjectBOQ.tsx(65,13): error TS2322: Type 'unknown' is not assignable to type 'string'.
src/components/projects/ProjectBOQ.tsx(66,23): error TS18046: 'item.quantity' is of type 'unknown'.
src/components/projects/ProjectBOQ.tsx(67,23): error TS18046: 'item.unitRate' is of type 'unknown'.
src/components/projects/ProjectBOQ.tsx(68,13): error TS2322: Type '{}' is not assignable to type 'string'.
src/components/projects/ProjectBOQ.tsx(74,24): error TS2345: Argument of type 'null' is not assignable to parameter of type 'SetStateAction<Record<string, unknown>>'.
src/components/projects/ProjectBOQ.tsx(176,36): error TS2339: Property 'reduce' does not exist on type '{}'.
src/components/projects/ProjectBOQ.tsx(176,97): error TS18046: 'item.amount' is of type 'unknown'.
src/components/projects/ProjectBOQ.tsx(177,38): error TS2339: Property 'reduce' does not exist on type '{}'.
src/components/projects/ProjectBOQ.tsx(177,99): error TS18046: 'item.actualCost' is of type 'unknown'.
src/components/projects/ProjectBOQ.tsx(223,88): error TS2339: Property 'length' does not exist on type '{}'.
src/components/projects/ProjectBOQ.tsx(265,36): error TS2339: Property 'length' does not exist on type '{}'.
src/components/projects/ProjectBOQ.tsx(307,41): error TS2322: Type 'unknown' is not assignable to type 'Key | null | undefined'.
src/components/projects/ProjectBOQ.tsx(309,45): error TS2322: Type 'unknown' is not assignable to type 'ReactNode'.
src/components/projects/ProjectBOQ.tsx(311,108): error TS2322: Type 'unknown' is not assignable to type 'string | undefined'.
src/components/projects/ProjectBOQ.tsx(312,45): error TS2322: Type 'unknown' is not assignable to type 'ReactNode'.
src/components/projects/ProjectBOQ.tsx(313,45): error TS2322: Type 'unknown' is not assignable to type 'ReactNode'.
src/components/projects/ProjectBOQ.tsx(314,96): error TS2322: Type '{}' is not assignable to type 'string'.
src/components/projects/ProjectBOQ.tsx(314,117): error TS2322: Type '{}' is not assignable to type 'ReactNode'.
src/components/projects/ProjectBOQ.tsx(319,49): error TS2322: Type 'unknown' is not assignable to type 'ReactNode'.
src/components/projects/ProjectBOQ.tsx(340,45): error TS2322: Type 'unknown' is not assignable to type 'ReactNode'.
src/components/projects/ProjectBOQ.tsx(343,45): error TS2322: Type 'unknown' is not assignable to type 'ReactNode'.
src/components/projects/ProjectBOQ.tsx(346,61): error TS2345: Argument of type 'unknown' is not assignable to parameter of type 'number'.
src/components/projects/ProjectBOQ.tsx(349,61): error TS2345: Argument of type 'unknown' is not assignable to parameter of type 'number'.
src/components/projects/ProjectBOQ.tsx(352,46): error TS18046: 'item.actualCost' is of type 'unknown'.
src/components/projects/ProjectBOQ.tsx(353,66): error TS18046: 'item.actualCost' is of type 'unknown'.
src/components/projects/ProjectBOQ.tsx(353,84): error TS18046: 'item.amount' is of type 'unknown'.
src/components/projects/ProjectBOQ.tsx(354,69): error TS2345: Argument of type 'unknown' is not assignable to parameter of type 'number'.
src/components/projects/ProjectBOQ.tsx(363,135): error TS2345: Argument of type 'unknown' is not assignable to parameter of type 'string'.
src/components/projects/ProjectBOQ.tsx(387,125): error TS18046: 'i.amount' is of type 'unknown'.
src/components/projects/ProjectBOQ.tsx(390,125): error TS18046: 'i.actualCost' is of type 'unknown'.
src/components/projects/ProjectDocuments.tsx(210,64): error TS2322: Type 'ForwardRefExoticComponent<Omit<LucideProps, "ref"> & RefAttributes<SVGSVGElement>>' is not assignable to type 'Record<string, unknown>'.
  Index signature for type 'string' is missing in type 'ForwardRefExoticComponent<Omit<LucideProps, "ref"> & RefAttributes<SVGSVGElement>>'.
src/components/projects/ProjectDocuments.tsx(211,69): error TS2322: Type 'ForwardRefExoticComponent<Omit<LucideProps, "ref"> & RefAttributes<SVGSVGElement>>' is not assignable to type 'Record<string, unknown>'.
  Index signature for type 'string' is missing in type 'ForwardRefExoticComponent<Omit<LucideProps, "ref"> & RefAttributes<SVGSVGElement>>'.
src/components/projects/ProjectDocuments.tsx(212,67): error TS2322: Type 'ForwardRefExoticComponent<Omit<LucideProps, "ref"> & RefAttributes<SVGSVGElement>>' is not assignable to type 'Record<string, unknown>'.
  Index signature for type 'string' is missing in type 'ForwardRefExoticComponent<Omit<LucideProps, "ref"> & RefAttributes<SVGSVGElement>>'.
src/components/projects/ProjectDocuments.tsx(213,63): error TS2322: Type 'ForwardRefExoticComponent<Omit<LucideProps, "ref"> & RefAttributes<SVGSVGElement>>' is not assignable to type 'Record<string, unknown>'.
  Index signature for type 'string' is missing in type 'ForwardRefExoticComponent<Omit<LucideProps, "ref"> & RefAttributes<SVGSVGElement>>'.
src/components/projects/ProjectDocuments.tsx(221,18): error TS2604: JSX element type 'Icon' does not have any construct or call signatures.
src/components/projects/ProjectDocuments.tsx(221,18): error TS2786: 'Icon' cannot be used as a JSX component.
  Its type 'Record<string, unknown>' is not a valid JSX element type.
src/components/projects/ProjectEVM.tsx(12,59): error TS2345: Argument of type 'null' is not assignable to parameter of type 'Record<string, unknown> | (() => Record<string, unknown>)'.
src/components/projects/ProjectEVM.tsx(57,67): error TS2345: Argument of type 'unknown' is not assignable to parameter of type 'string'.
src/components/projects/ProjectEVM.tsx(60,70): error TS2322: Type 'unknown' is not assignable to type 'ReactNode'.
src/components/projects/ProjectEVM.tsx(61,51): error TS2322: Type '{}' is not assignable to type 'ReactNode'.
src/components/projects/ProjectEVM.tsx(74,81): error TS2345: Argument of type 'unknown' is not assignable to parameter of type 'number'.
src/components/projects/ProjectEVM.tsx(75,79): error TS2345: Argument of type 'unknown' is not assignable to parameter of type 'number'.
src/components/projects/ProjectEVM.tsx(83,82): error TS2345: Argument of type 'unknown' is not assignable to parameter of type 'number'.
src/components/projects/ProjectEVM.tsx(84,79): error TS2345: Argument of type 'unknown' is not assignable to parameter of type 'number'.
src/components/projects/ProjectEVM.tsx(92,80): error TS2345: Argument of type 'unknown' is not assignable to parameter of type 'number'.
src/components/projects/ProjectEVM.tsx(93,79): error TS2345: Argument of type 'unknown' is not assignable to parameter of type 'number'.
src/components/projects/ProjectEVM.tsx(104,32): error TS2345: Argument of type 'unknown' is not assignable to parameter of type 'number'.
src/components/projects/ProjectEVM.tsx(105,72): error TS2365: Operator '>=' cannot be applied to types '{}' and 'number'.
src/components/projects/ProjectEVM.tsx(114,32): error TS2345: Argument of type 'unknown' is not assignable to parameter of type 'number'.
src/components/projects/ProjectEVM.tsx(115,72): error TS2365: Operator '>=' cannot be applied to types '{}' and 'number'.
src/components/projects/ProjectEVM.tsx(123,53): error TS2365: Operator '>=' cannot be applied to types '{}' and 'number'.
src/components/projects/ProjectEVM.tsx(124,35): error TS2345: Argument of type '{}' is not assignable to parameter of type 'number'.
src/components/projects/ProjectEVM.tsx(132,53): error TS2365: Operator '>=' cannot be applied to types '{}' and 'number'.
src/components/projects/ProjectEVM.tsx(133,35): error TS2345: Argument of type '{}' is not assignable to parameter of type 'number'.
src/components/projects/ProjectEVM.tsx(147,68): error TS2345: Argument of type '{}' is not assignable to parameter of type 'number'.
src/components/projects/ProjectEVM.tsx(152,68): error TS2345: Argument of type '{}' is not assignable to parameter of type 'number'.
src/components/projects/ProjectEVM.tsx(157,54): error TS2365: Operator '>=' cannot be applied to types '{}' and 'number'.
src/components/projects/ProjectEVM.tsx(158,37): error TS2345: Argument of type '{}' is not assignable to parameter of type 'number'.
src/components/projects/ProjectEVM.tsx(184,27): error TS2322: Type 'unknown' is not assignable to type 'Key | null | undefined'.
src/components/projects/ProjectEVM.tsx(185,57): error TS2322: Type 'unknown' is not assignable to type 'ReactNode'.
src/components/projects/ProjectEVM.tsx(186,72): error TS2345: Argument of type 'unknown' is not assignable to parameter of type 'number'.
src/components/projects/ProjectEVM.tsx(187,72): error TS2345: Argument of type 'unknown' is not assignable to parameter of type 'number'.
src/components/projects/ProjectEVM.tsx(188,72): error TS2345: Argument of type 'unknown' is not assignable to parameter of type 'number'.
src/components/projects/ProjectEVM.tsx(189,64): error TS2339: Property 'toFixed' does not exist on type '{}'.
src/components/projects/ProjectEVM.tsx(190,64): error TS2339: Property 'toFixed' does not exist on type '{}'.
src/components/projects/ProjectExpenses.tsx(27,31): error TS2339: Property 'length' does not exist on type '{}'.
src/components/projects/ProjectExpenses.tsx(28,25): error TS2345: Argument of type '{}' is not assignable to parameter of type 'SetStateAction<Record<string, unknown>[]>'.
src/components/projects/ProjectExpenses.tsx(115,97): error TS18046: 'item.amount' is of type 'unknown'.
src/components/projects/ProjectExpenses.tsx(152,41): error TS2322: Type 'unknown' is not assignable to type 'Key | null | undefined'.
src/components/projects/ProjectExpenses.tsx(154,55): error TS2769: No overload matches this call.
  Overload 1 of 4, '(value: string | number | Date): Date', gave the following error.
    Argument of type 'unknown' is not assignable to parameter of type 'string | number | Date'.
  Overload 2 of 4, '(value: string | number): Date', gave the following error.
    Argument of type 'unknown' is not assignable to parameter of type 'string | number'.
src/components/projects/ProjectExpenses.tsx(157,70): error TS2322: Type 'unknown' is not assignable to type 'ReactNode'.
src/components/projects/ProjectExpenses.tsx(160,45): error TS2322: Type 'unknown' is not assignable to type 'ReactNode'.
src/components/projects/ProjectExpenses.tsx(161,45): error TS2322: Type 'unknown' is not assignable to type 'ReactNode'.
src/components/projects/ProjectExpenses.tsx(162,94): error TS2322: Type '{}' is not assignable to type 'ReactNode'.
src/components/projects/ProjectExpenses.tsx(166,45): error TS2322: Type '{}' is not assignable to type 'ReactNode'.
src/components/projects/ProjectExpenses.tsx(169,61): error TS2345: Argument of type 'unknown' is not assignable to parameter of type 'number'.
src/components/projects/ProjectExpenses.tsx(175,77): error TS2345: Argument of type 'unknown' is not assignable to parameter of type 'string'.
src/components/projects/ProjectGISRoute.tsx(85,21): error TS2322: Type '{}' is not assignable to type 'string'.
src/components/projects/ProjectGISRoute.tsx(157,23): error TS2322: Type 'unknown' is not assignable to type 'Key | null | undefined'.
src/components/projects/ProjectGISRoute.tsx(163,70): error TS2322: Type 'unknown' is not assignable to type 'ReactNode'.
src/components/projects/ProjectGISRoute.tsx(164,75): error TS2322: Type 'unknown' is not assignable to type 'ReactNode'.
src/components/projects/ProjectGISRoute.tsx(168,40): error TS2322: Type 'unknown' is not assignable to type 'ReactNode'.
src/components/projects/ProjectGISRoute.tsx(169,83): error TS2362: The left-hand side of an arithmetic operation must be of type 'any', 'number', 'bigint' or an enum type.
src/components/projects/ProjectGISRoute.tsx(176,120): error TS2339: Property 'length' does not exist on type '{}'.
src/components/projects/ProjectGISRoute.tsx(180,99): error TS2339: Property 'length' does not exist on type '{}'.
src/components/projects/ProjectGISRoute.tsx(184,100): error TS2339: Property 'length' does not exist on type '{}'.
src/components/projects/ProjectGISRoute.tsx(188,104): error TS2339: Property 'length' does not exist on type '{}'.
src/components/projects/ProjectGISRoute.tsx(193,67): error TS2362: The left-hand side of an arithmetic operation must be of type 'any', 'number', 'bigint' or an enum type.
src/components/projects/ProjectGISRoute.tsx(193,87): error TS2363: The right-hand side of an arithmetic operation must be of type 'any', 'number', 'bigint' or an enum type.
src/components/projects/ProjectGISRoute.tsx(199,100): error TS2345: Argument of type 'unknown' is not assignable to parameter of type 'string'.
src/components/projects/ProjectGISRoute.tsx(205,54): error TS2339: Property 'length' does not exist on type '{}'.
src/components/projects/ProjectGISRoute.tsx(214,73): error TS2345: Argument of type 'unknown' is not assignable to parameter of type 'string'.
src/components/projects/ProjectGISRoute.tsx(215,64): error TS2538: Type 'unknown' cannot be used as an index type.
src/components/projects/ProjectGISRoute.tsx(218,55): error TS2538: Type 'unknown' cannot be used as an index type.
src/components/projects/ProjectGISRoute.tsx(222,39): error TS2538: Type 'unknown' cannot be used as an index type.
src/components/projects/ProjectGISRoute.tsx(225,50): error TS2538: Type 'unknown' cannot be used as an index type.
src/components/projects/ProjectGISRoute.tsx(275,57): error TS2322: Type 'unknown' is not assignable to type 'Key | null | undefined'.
src/components/projects/ProjectGISRoute.tsx(275,71): error TS2322: Type 'unknown' is not assignable to type 'string'.
src/components/projects/ProjectGISRoute.tsx(276,49): error TS2322: Type 'unknown' is not assignable to type 'ReactNode'.
src/components/projects/ProjectGISRoute.tsx(276,63): error TS2322: Type 'unknown' is not assignable to type 'ReactNode'.
src/components/projects/ProjectHSE.tsx(37,62): error TS2322: Type 'ForwardRefExoticComponent<Omit<LucideProps, "ref"> & RefAttributes<SVGSVGElement>>' is not assignable to type 'Record<string, unknown>'.
  Index signature for type 'string' is missing in type 'ForwardRefExoticComponent<Omit<LucideProps, "ref"> & RefAttributes<SVGSVGElement>>'.
src/components/projects/ProjectHSE.tsx(37,83): error TS2322: Type 'ForwardRefExoticComponent<Omit<LucideProps, "ref"> & RefAttributes<SVGSVGElement>>' is not assignable to type 'Record<string, unknown>'.
  Index signature for type 'string' is missing in type 'ForwardRefExoticComponent<Omit<LucideProps, "ref"> & RefAttributes<SVGSVGElement>>'.
src/components/projects/ProjectHSE.tsx(37,108): error TS2322: Type 'ForwardRefExoticComponent<Omit<LucideProps, "ref"> & RefAttributes<SVGSVGElement>>' is not assignable to type 'Record<string, unknown>'.
  Index signature for type 'string' is missing in type 'ForwardRefExoticComponent<Omit<LucideProps, "ref"> & RefAttributes<SVGSVGElement>>'.
src/components/projects/ProjectHSE.tsx(37,134): error TS2322: Type 'ForwardRefExoticComponent<Omit<LucideProps, "ref"> & RefAttributes<SVGSVGElement>>' is not assignable to type 'Record<string, unknown>'.
  Index signature for type 'string' is missing in type 'ForwardRefExoticComponent<Omit<LucideProps, "ref"> & RefAttributes<SVGSVGElement>>'.
src/components/projects/ProjectHSE.tsx(37,153): error TS2322: Type 'ForwardRefExoticComponent<Omit<LucideProps, "ref"> & RefAttributes<SVGSVGElement>>' is not assignable to type 'Record<string, unknown>'.
  Index signature for type 'string' is missing in type 'ForwardRefExoticComponent<Omit<LucideProps, "ref"> & RefAttributes<SVGSVGElement>>'.
src/components/projects/ProjectHSE.tsx(37,175): error TS2322: Type 'ForwardRefExoticComponent<Omit<LucideProps, "ref"> & RefAttributes<SVGSVGElement>>' is not assignable to type 'Record<string, unknown>'.
  Index signature for type 'string' is missing in type 'ForwardRefExoticComponent<Omit<LucideProps, "ref"> & RefAttributes<SVGSVGElement>>'.
src/components/projects/ProjectHSE.tsx(39,13): error TS2604: JSX element type 'Icon' does not have any construct or call signatures.
src/components/projects/ProjectHSE.tsx(39,13): error TS2786: 'Icon' cannot be used as a JSX component.
  Its type 'Record<string, unknown>' is not a valid JSX element type.
src/components/projects/ProjectHSE.tsx(101,27): error TS2322: Type 'unknown' is not assignable to type 'Key | null | undefined'.
src/components/projects/ProjectHSE.tsx(102,86): error TS2345: Argument of type 'unknown' is not assignable to parameter of type 'string'.
src/components/projects/ProjectHSE.tsx(102,113): error TS2339: Property 'replace' does not exist on type '{}'.
src/components/projects/ProjectHSE.tsx(103,54): error TS2322: Type 'unknown' is not assignable to type 'ReactNode'.
src/components/projects/ProjectHSE.tsx(104,40): error TS2769: No overload matches this call.
  Overload 1 of 4, '(value: string | number | Date): Date', gave the following error.
    Argument of type 'unknown' is not assignable to parameter of type 'string | number | Date'.
  Overload 2 of 4, '(value: string | number): Date', gave the following error.
    Argument of type 'unknown' is not assignable to parameter of type 'string | number'.
src/components/projects/ProjectHSE.tsx(105,48): error TS2345: Argument of type 'unknown' is not assignable to parameter of type 'string'.
src/components/projects/ProjectHSE.tsx(106,55): error TS2322: Type 'unknown' is not assignable to type 'ReactNode'.
src/components/projects/ProjectMilestones.tsx(21,77): error TS2345: Argument of type 'null' is not assignable to parameter of type 'Record<string, unknown> | (() => Record<string, unknown>)'.
src/components/projects/ProjectMilestones.tsx(31,24): error TS2345: Argument of type 'null' is not assignable to parameter of type 'SetStateAction<Record<string, unknown>>'.
src/components/projects/ProjectMilestones.tsx(44,13): error TS2322: Type 'unknown' is not assignable to type 'string'.
src/components/projects/ProjectMilestones.tsx(45,13): error TS2322: Type '{}' is not assignable to type 'string'.
src/components/projects/ProjectMilestones.tsx(46,52): error TS2769: No overload matches this call.
  Overload 1 of 4, '(value: string | number | Date): Date', gave the following error.
    Argument of type '{}' is not assignable to parameter of type 'string | number | Date'.
  Overload 2 of 4, '(value: string | number): Date', gave the following error.
    Argument of type '{}' is not assignable to parameter of type 'string | number'.
src/components/projects/ProjectMilestones.tsx(47,13): error TS2322: Type 'unknown' is not assignable to type 'string'.
src/components/projects/ProjectMilestones.tsx(102,34): error TS2488: Type '{}' must have a '[Symbol.iterator]()' method that returns an iterator.
src/components/projects/ProjectMilestones.tsx(103,47): error TS2769: No overload matches this call.
  Overload 1 of 4, '(value: string | number | Date): Date', gave the following error.
    Argument of type '{}' is not assignable to parameter of type 'string | number | Date'.
  Overload 2 of 4, '(value: string | number): Date', gave the following error.
    Argument of type '{}' is not assignable to parameter of type 'string | number'.
src/components/projects/ProjectMilestones.tsx(104,47): error TS2769: No overload matches this call.
  Overload 1 of 4, '(value: string | number | Date): Date', gave the following error.
    Argument of type '{}' is not assignable to parameter of type 'string | number | Date'.
  Overload 2 of 4, '(value: string | number): Date', gave the following error.
    Argument of type '{}' is not assignable to parameter of type 'string | number'.
src/components/projects/ProjectMilestones.tsx(124,31): error TS2322: Type 'unknown' is not assignable to type 'Key | null | undefined'.
src/components/projects/ProjectMilestones.tsx(131,86): error TS2322: Type 'unknown' is not assignable to type 'ReactNode'.
src/components/projects/ProjectMilestones.tsx(132,92): error TS2345: Argument of type 'unknown' is not assignable to parameter of type 'string'.
src/components/projects/ProjectMilestones.tsx(133,46): error TS18046: 'milestone.status' is of type 'unknown'.
src/components/projects/ProjectMilestones.tsx(136,84): error TS2322: Type 'unknown' is not assignable to type 'ReactNode'.
src/components/projects/ProjectMilestones.tsx(140,63): error TS2769: No overload matches this call.
  Overload 1 of 4, '(value: string | number | Date): Date', gave the following error.
    Argument of type 'unknown' is not assignable to parameter of type 'string | number | Date'.
  Overload 2 of 4, '(value: string | number): Date', gave the following error.
    Argument of type 'unknown' is not assignable to parameter of type 'string | number'.
src/components/projects/ProjectMilestones.tsx(142,41): error TS2322: Type 'unknown' is not assignable to type 'ReactNode'.
src/components/projects/ProjectMilestones.tsx(145,70): error TS2769: No overload matches this call.
  Overload 1 of 4, '(value: string | number | Date): Date', gave the following error.
    Argument of type '{}' is not assignable to parameter of type 'string | number | Date'.
  Overload 2 of 4, '(value: string | number): Date', gave the following error.
    Argument of type '{}' is not assignable to parameter of type 'string | number'.
src/components/projects/ProjectMilestones.tsx(154,99): error TS2345: Argument of type 'unknown' is not assignable to parameter of type 'string'.
src/components/projects/ProjectOTDR.tsx(34,19): error TS2322: Type 'unknown' is not assignable to type 'string | undefined'.
src/components/projects/ProjectOTDR.tsx(34,42): error TS2604: JSX element type 'Icon' does not have any construct or call signatures.
src/components/projects/ProjectOTDR.tsx(34,42): error TS2786: 'Icon' cannot be used as a JSX component.
  Its type 'unknown' is not a valid JSX element type.
src/components/projects/ProjectOTDR.tsx(62,27): error TS2322: Type 'unknown' is not assignable to type 'Key | null | undefined'.
src/components/projects/ProjectOTDR.tsx(63,60): error TS2322: Type 'unknown' is not assignable to type 'ReactNode'.
src/components/projects/ProjectOTDR.tsx(64,40): error TS2769: No overload matches this call.
  Overload 1 of 4, '(value: string | number | Date): Date', gave the following error.
    Argument of type 'unknown' is not assignable to parameter of type 'string | number | Date'.
  Overload 2 of 4, '(value: string | number): Date', gave the following error.
    Argument of type 'unknown' is not assignable to parameter of type 'string | number'.
src/components/projects/ProjectOTDR.tsx(65,30): error TS2322: Type '{}' is not assignable to type 'ReactNode'.
src/components/projects/ProjectOTDR.tsx(67,70): error TS2339: Property 'toFixed' does not exist on type '{}'.
src/components/projects/ProjectOTDR.tsx(68,59): error TS2365: Operator '>' cannot be applied to types '{}' and 'number'.
src/components/projects/ProjectOTDR.tsx(69,57): error TS2339: Property 'toFixed' does not exist on type '{}'.
src/components/projects/ProjectOTDR.tsx(71,54): error TS2339: Property 'toFixed' does not exist on type '{}'.
src/components/projects/ProjectOTDR.tsx(72,64): error TS2345: Argument of type '{}' is not assignable to parameter of type 'string'.
src/components/projects/ProjectOTDR.tsx(73,69): error TS2339: Property 'replace' does not exist on type '{}'.
src/components/projects/ProjectOverview.tsx(19,49): error TS18046: 'project.actualCost' is of type 'unknown'.
src/components/projects/ProjectOverview.tsx(19,70): error TS2363: The right-hand side of an arithmetic operation must be of type 'any', 'number', 'bigint' or an enum type.
src/components/projects/ProjectOverview.tsx(22,53): error TS2339: Property 'filter' does not exist on type '{}'.
src/components/projects/ProjectOverview.tsx(23,49): error TS2339: Property 'length' does not exist on type '{}'.
src/components/projects/ProjectOverview.tsx(36,92): error TS2345: Argument of type 'unknown' is not assignable to parameter of type 'number'.
src/components/projects/ProjectOverview.tsx(46,92): error TS2345: Argument of type 'unknown' is not assignable to parameter of type 'number'.
src/components/projects/ProjectOverview.tsx(62,76): error TS2322: Type 'unknown' is not assignable to type 'ReactNode'.
src/components/projects/ProjectOverview.tsx(94,33): error TS2322: Type '{}' is not assignable to type 'ReactNode'.
src/components/projects/ProjectOverview.tsx(102,76): error TS2322: Type '{}' is not assignable to type 'ReactNode'.
src/components/projects/ProjectOverview.tsx(106,76): error TS2322: Type '{}' is not assignable to type 'ReactNode'.
src/components/projects/ProjectOverview.tsx(110,91): error TS2339: Property 'region' does not exist on type '{}'.
src/components/projects/ProjectOverview.tsx(114,91): error TS2339: Property 'province' does not exist on type '{}'.
src/components/projects/ProjectOverview.tsx(128,75): error TS2339: Property 'length' does not exist on type '{}'.
src/components/projects/ProjectOverview.tsx(129,56): error TS2339: Property 'slice' does not exist on type '{}'.
src/components/projects/ProjectOverview.tsx(130,46): error TS2322: Type 'unknown' is not assignable to type 'Key | null | undefined'.
src/components/projects/ProjectOverview.tsx(133,99): error TS2322: Type 'unknown' is not assignable to type 'ReactNode'.
src/components/projects/ProjectOverview.tsx(134,102): error TS2769: No overload matches this call.
  Overload 1 of 4, '(value: string | number | Date): Date', gave the following error.
    Argument of type 'unknown' is not assignable to parameter of type 'string | number | Date'.
  Overload 2 of 4, '(value: string | number): Date', gave the following error.
    Argument of type 'unknown' is not assignable to parameter of type 'string | number'.
src/components/projects/ProjectOverview.tsx(137,49): error TS2322: Type 'unknown' is not assignable to type 'ReactNode'.
src/components/projects/ProjectOverview.tsx(159,71): error TS2339: Property 'reduce' does not exist on type '{}'.
src/components/projects/ProjectOverview.tsx(159,125): error TS18046: 'i.amount' is of type 'unknown'.
src/components/projects/ProjectOverview.tsx(165,71): error TS2339: Property 'reduce' does not exist on type '{}'.
src/components/projects/ProjectOverview.tsx(165,125): error TS18046: 'i.amount' is of type 'unknown'.
src/components/projects/ProjectOverview.tsx(171,53): error TS2345: Argument of type 'unknown' is not assignable to parameter of type 'number'.
src/components/projects/ProjectOverview.tsx(182,84): error TS18046: 'project.actualCost' is of type 'unknown'.
src/components/projects/ProjectOverview.tsx(182,105): error TS2363: The right-hand side of an arithmetic operation must be of type 'any', 'number', 'bigint' or an enum type.
src/components/projects/ProjectOverview.tsx(183,69): error TS2362: The left-hand side of an arithmetic operation must be of type 'any', 'number', 'bigint' or an enum type.
src/components/projects/ProjectOverview.tsx(183,93): error TS18046: 'project.actualCost' is of type 'unknown'.
src/components/projects/ProjectPermits.tsx(56,58): error TS2322: Type 'ForwardRefExoticComponent<Omit<LucideProps, "ref"> & RefAttributes<SVGSVGElement>>' is not assignable to type 'Record<string, unknown>'.
  Index signature for type 'string' is missing in type 'ForwardRefExoticComponent<Omit<LucideProps, "ref"> & RefAttributes<SVGSVGElement>>'.
src/components/projects/ProjectPermits.tsx(57,60): error TS2322: Type 'ForwardRefExoticComponent<Omit<LucideProps, "ref"> & RefAttributes<SVGSVGElement>>' is not assignable to type 'Record<string, unknown>'.
  Index signature for type 'string' is missing in type 'ForwardRefExoticComponent<Omit<LucideProps, "ref"> & RefAttributes<SVGSVGElement>>'.
src/components/projects/ProjectPermits.tsx(58,61): error TS2322: Type 'ForwardRefExoticComponent<Omit<LucideProps, "ref"> & RefAttributes<SVGSVGElement>>' is not assignable to type 'Record<string, unknown>'.
  Index signature for type 'string' is missing in type 'ForwardRefExoticComponent<Omit<LucideProps, "ref"> & RefAttributes<SVGSVGElement>>'.
src/components/projects/ProjectPermits.tsx(59,57): error TS2322: Type 'ForwardRefExoticComponent<Omit<LucideProps, "ref"> & RefAttributes<SVGSVGElement>>' is not assignable to type 'Record<string, unknown>'.
  Index signature for type 'string' is missing in type 'ForwardRefExoticComponent<Omit<LucideProps, "ref"> & RefAttributes<SVGSVGElement>>'.
src/components/projects/ProjectPermits.tsx(60,62): error TS2322: Type 'ForwardRefExoticComponent<Omit<LucideProps, "ref"> & RefAttributes<SVGSVGElement>>' is not assignable to type 'Record<string, unknown>'.
  Index signature for type 'string' is missing in type 'ForwardRefExoticComponent<Omit<LucideProps, "ref"> & RefAttributes<SVGSVGElement>>'.
src/components/projects/ProjectPermits.tsx(63,42): error TS2604: JSX element type 'Icon' does not have any construct or call signatures.
src/components/projects/ProjectPermits.tsx(63,42): error TS2786: 'Icon' cannot be used as a JSX component.
  Its type 'Record<string, unknown>' is not a valid JSX element type.
src/components/projects/ProjectPermits.tsx(93,107): error TS2345: Argument of type 'unknown' is not assignable to parameter of type 'string'.
src/components/projects/ProjectPermits.tsx(113,27): error TS2322: Type 'unknown' is not assignable to type 'Key | null | undefined'.
src/components/projects/ProjectPermits.tsx(114,74): error TS2339: Property 'name' does not exist on type '{}'.
src/components/projects/ProjectPermits.tsx(115,50): error TS2339: Property 'authority' does not exist on type '{}'.
src/components/projects/ProjectPermits.tsx(116,30): error TS2322: Type '{}' is not assignable to type 'ReactNode'.
src/components/projects/ProjectPermits.tsx(117,46): error TS2345: Argument of type 'unknown' is not assignable to parameter of type 'string'.
src/components/projects/ProjectPermits.tsx(118,65): error TS2769: No overload matches this call.
  Overload 1 of 4, '(value: string | number | Date): Date', gave the following error.
    Argument of type '{}' is not assignable to parameter of type 'string | number | Date'.
  Overload 2 of 4, '(value: string | number): Date', gave the following error.
    Argument of type '{}' is not assignable to parameter of type 'string | number'.
src/components/projects/ProjectPermits.tsx(121,58): error TS2345: Argument of type '{}' is not assignable to parameter of type 'string'.
src/components/projects/ProjectPermits.tsx(122,35): error TS2769: No overload matches this call.
  Overload 1 of 4, '(value: string | number | Date): Date', gave the following error.
    Argument of type '{}' is not assignable to parameter of type 'string | number | Date'.
  Overload 2 of 4, '(value: string | number): Date', gave the following error.
    Argument of type '{}' is not assignable to parameter of type 'string | number'.
src/components/projects/ProjectPermits.tsx(150,33): error TS2322: Type 'unknown' is not assignable to type 'Key | null | undefined'.
src/components/projects/ProjectPermits.tsx(150,45): error TS2322: Type 'unknown' is not assignable to type 'string'.
src/components/projects/ProjectPermits.tsx(150,59): error TS2322: Type 'unknown' is not assignable to type 'ReactNode'.
src/components/projects/ProjectPermits.tsx(150,85): error TS2339: Property 'shortName' does not exist on type '{}'.
src/components/projects/ProjectVariationOrders.tsx(42,85): error TS2365: Operator '+' cannot be applied to types 'number' and '{}'.
src/components/projects/ProjectVariationOrders.tsx(86,27): error TS2322: Type 'unknown' is not assignable to type 'Key | null | undefined'.
src/components/projects/ProjectVariationOrders.tsx(87,83): error TS18046: 'vo.id' is of type 'unknown'.
src/components/projects/ProjectVariationOrders.tsx(88,54): error TS2322: Type 'unknown' is not assignable to type 'ReactNode'.
src/components/projects/ProjectVariationOrders.tsx(89,55): error TS2322: Type '{}' is not assignable to type 'ReactNode'.
src/components/projects/ProjectVariationOrders.tsx(90,41): error TS18046: 'vo.costImpact' is of type 'unknown'.
src/components/projects/ProjectVariationOrders.tsx(91,22): error TS18046: 'vo.costImpact' is of type 'unknown'.
src/components/projects/ProjectVariationOrders.tsx(91,68): error TS2345: Argument of type '{}' is not assignable to parameter of type 'number'.
src/components/projects/ProjectVariationOrders.tsx(97,21): error TS2322: Type 'unknown' is not assignable to type 'ReactNode'.
src/components/projects/ProjectVariationOrders.tsx(98,55): error TS2769: No overload matches this call.
  Overload 1 of 4, '(value: string | number | Date): Date', gave the following error.
    Argument of type '{}' is not assignable to parameter of type 'string | number | Date'.
  Overload 2 of 4, '(value: string | number): Date', gave the following error.
    Argument of type '{}' is not assignable to parameter of type 'string | number'.
src/hooks/useContractorRegistration.ts(33,9): error TS2322: Type 'Record<string, unknown>' is not assignable to type 'Resolver<{ name: string; nic: string; address: string; contactNumber: string; bankName: string; bankAccountNumber: string; nicFrontUrl: string; nicBackUrl: string; photoUrl: string; bankPassbookUrl: string; ... 16 more ...; gramaCertUrl?: string | ... 1 more ... | undefined; }, any, { ...; }>'.
  Type 'Record<string, unknown>' provides no match for the signature '(values: { name: string; nic: string; address: string; contactNumber: string; bankName: string; bankAccountNumber: string; nicFrontUrl: string; nicBackUrl: string; photoUrl: string; bankPassbookUrl: string; ... 16 more ...; gramaCertUrl?: string | ... 1 more ... | undefined; }, context: any, options: ResolverOptions<...>): ResolverResult<...> | Promise<...>'.
src/hooks/useContractorRegistration.ts(33,19): error TS2352: Conversion of type 'Resolver<{ name: string; nic: string; address: string; contactNumber: string; bankName: string; bankAccountNumber: string; nicFrontUrl: string; nicBackUrl: string; photoUrl: string; bankPassbookUrl: string; ... 16 more ...; gramaCertUrl?: string | ... 1 more ... | undefined; }, unknown, { ...; }>' to type 'Record<string, unknown>' may be a mistake because neither type sufficiently overlaps with the other. If this was intentional, convert the expression to 'unknown' first.
  Index signature for type 'string' is missing in type 'Resolver<{ name: string; nic: string; address: string; contactNumber: string; bankName: string; bankAccountNumber: string; nicFrontUrl: string; nicBackUrl: string; photoUrl: string; bankPassbookUrl: string; ... 16 more ...; gramaCertUrl?: string | ... 1 more ... | undefined; }, unknown, { ...; }>'.
src/lib/api-handler.ts(320,25): error TS2322: Type 'unknown' is not assignable to type 'Record<string, unknown> | undefined'.
src/lib/api-handler.ts(321,25): error TS2322: Type 'unknown' is not assignable to type 'Record<string, unknown> | undefined'.
src/lib/events/other-handlers.ts(8,71): error TS2345: Argument of type 'unknown' is not assignable to parameter of type '{ id: string; requestNr: string; fromStoreName: string; opmcId?: string | undefined; type: string; }'.
src/lib/events/other-handlers.ts(18,75): error TS2345: Argument of type 'unknown' is not assignable to parameter of type '{ id: string; requestNr: string; }'.
src/lib/events/other-handlers.ts(28,75): error TS2345: Argument of type 'unknown' is not assignable to parameter of type '{ id: string; requestNr: string; requestedById: string; }'.
src/lib/events/other-handlers.ts(38,60): error TS2345: Argument of type 'unknown' is not assignable to parameter of type 'string'.
src/lib/events/other-handlers.ts(48,72): error TS2345: Argument of type 'unknown' is not assignable to parameter of type '{ id: string; name: string; siteOfficeStaffId: string | null; opmcId: string | null; }'.
src/lib/events/other-handlers.ts(58,74): error TS2345: Argument of type 'unknown' is not assignable to parameter of type '{ id: string; name: string; siteOfficeStaffId: string | null; opmcId: string | null; }'.
src/lib/events/sod-handlers.ts(18,51): error TS2345: Argument of type 'unknown' is not assignable to parameter of type 'string'.
src/lib/events/sod-handlers.ts(29,30): error TS2322: Type 'unknown' is not assignable to type 'Exact<string | undefined, string | undefined>'.
src/lib/events/sod-handlers.ts(37,25): error TS2322: Type 'unknown' is not assignable to type 'string'.
src/lib/events/sod-handlers.ts(39,61): error TS2339: Property 'materialUsage' does not exist on type '{ id: string; address: string | null; createdAt: Date; updatedAt: Date; status: string; invoiceId: string | null; contractorId: string | null; opmcId: string; photoUrls: string[]; ... 57 more ...; projectInvoiceId: string | null; }'.
src/lib/events/sod-handlers.ts(39,84): error TS2339: Property 'materialUsage' does not exist on type '{ id: string; address: string | null; createdAt: Date; updatedAt: Date; status: string; invoiceId: string | null; contractorId: string | null; opmcId: string; photoUrls: string[]; ... 57 more ...; projectInvoiceId: string | null; }'.
src/lib/events/sod-handlers.ts(40,41): error TS2339: Property 'collectedCPEs' does not exist on type '{ id: string; address: string | null; createdAt: Date; updatedAt: Date; status: string; invoiceId: string | null; contractorId: string | null; opmcId: string; photoUrls: string[]; ... 57 more ...; projectInvoiceId: string | null; }'.
src/lib/events/sod-handlers.ts(55,21): error TS2322: Type 'unknown' is not assignable to type 'string'.
src/lib/events/sod-handlers.ts(56,21): error TS2322: Type 'unknown' is not assignable to type 'string'.
src/lib/events/sod-handlers.ts(57,21): error TS2322: Type 'unknown' is not assignable to type 'string'.
src/lib/events/sod-handlers.ts(58,21): error TS2322: Type 'unknown' is not assignable to type 'string | null'.
src/lib/gis/asset-engine.ts(138,11): error TS2322: Type 'number' is not assignable to type 'Record<string, unknown>'.
src/lib/gis/asset-engine.ts(139,11): error TS2322: Type 'number' is not assignable to type 'Record<string, unknown>'.
src/lib/gis/asset-engine.ts(140,11): error TS2322: Type 'string' is not assignable to type 'Record<string, unknown>'.
src/lib/gis/asset-engine.ts(141,11): error TS2322: Type 'number' is not assignable to type 'Record<string, unknown>'.
src/lib/gis/asset-engine.ts(142,11): error TS2322: Type '[number, number][]' is not assignable to type 'Record<string, unknown>'.
  Index signature for type 'string' is missing in type '[number, number][]'.
src/lib/gis/asset-engine.ts(143,11): error TS2322: Type '[number, number] | undefined' is not assignable to type 'Record<string, unknown>'.
  Type 'undefined' is not assignable to type 'Record<string, unknown>'.
src/lib/gis/asset-engine.ts(144,11): error TS2322: Type '[number, number] | undefined' is not assignable to type 'Record<string, unknown>'.
  Type 'undefined' is not assignable to type 'Record<string, unknown>'.
src/lib/gis/asset-engine.ts(161,9): error TS2322: Type 'number' is not assignable to type 'Record<string, unknown>'.
src/lib/gis/asset-engine.ts(162,9): error TS2322: Type 'string' is not assignable to type 'Record<string, unknown>'.
src/lib/gis/asset-engine.ts(163,9): error TS2322: Type 'number' is not assignable to type 'Record<string, unknown>'.
src/lib/gis/asset-engine.ts(164,9): error TS2322: Type 'number' is not assignable to type 'Record<string, unknown>'.
src/lib/gis/asset-engine.ts(194,11): error TS2322: Type 'number' is not assignable to type 'Record<string, unknown>'.
src/lib/gis/asset-engine.ts(195,11): error TS2322: Type 'string' is not assignable to type 'Record<string, unknown>'.
src/lib/gis/asset-engine.ts(196,11): error TS2322: Type 'number' is not assignable to type 'Record<string, unknown>'.
src/lib/gis/asset-engine.ts(197,11): error TS2322: Type 'number | undefined' is not assignable to type 'Record<string, unknown>'.
  Type 'undefined' is not assignable to type 'Record<string, unknown>'.
src/lib/gis/asset-engine.ts(229,11): error TS2322: Type 'number' is not assignable to type 'Record<string, unknown>'.
src/lib/gis/asset-engine.ts(230,11): error TS2322: Type 'string | undefined' is not assignable to type 'Record<string, unknown>'.
  Type 'undefined' is not assignable to type 'Record<string, unknown>'.
src/lib/gis/asset-engine.ts(231,11): error TS2322: Type 'number' is not assignable to type 'Record<string, unknown>'.
src/lib/gis/asset-engine.ts(232,11): error TS2322: Type 'number' is not assignable to type 'Record<string, unknown>'.
src/lib/gis/asset-engine.ts(264,11): error TS2322: Type 'number' is not assignable to type 'Record<string, unknown>'.
src/lib/gis/asset-engine.ts(265,11): error TS2322: Type 'string' is not assignable to type 'Record<string, unknown>'.
src/lib/gis/asset-engine.ts(266,11): error TS2322: Type 'number' is not assignable to type 'Record<string, unknown>'.
src/lib/gis/asset-engine.ts(288,23): error TS2352: Conversion of type 'ParsedPointAssetData' to type 'Record<string, unknown>' may be a mistake because neither type sufficiently overlaps with the other. If this was intentional, convert the expression to 'unknown' first.
  Index signature for type 'string' is missing in type 'ParsedPointAssetData'.
src/lib/gis/asset-engine.ts(289,14): error TS2339: Property 'forEach' does not exist on type '{}'.
src/lib/gis/asset-engine.ts(294,40): error TS2339: Property 'coordinates' does not exist on type '{}'.
src/lib/gis/asset-engine.ts(300,26): error TS2339: Property 'name' does not exist on type '{}'.
src/lib/gis/asset-engine.ts(300,40): error TS2339: Property 'code' does not exist on type '{}'.
src/lib/gis/asset-engine.ts(300,54): error TS2339: Property 'id' does not exist on type '{}'.
src/lib/gis/asset-engine.ts(312,11): error TS2322: Type 'number' is not assignable to type 'Record<string, unknown>'.
src/lib/gis/asset-engine.ts(313,11): error TS2322: Type '{}' is not assignable to type 'Record<string, unknown>'.
  Index signature for type 'string' is missing in type '{}'.
src/lib/gis/gis-ai-validator.ts(35,21): error TS2488: Type '{}' must have a '[Symbol.iterator]()' method that returns an iterator.
src/lib/gis/gis-ai-validator.ts(128,21): error TS2488: Type '{}' must have a '[Symbol.iterator]()' method that returns an iterator.
src/lib/gis/gis-parser.ts(106,45): error TS2322: Type 'Record<string, unknown>' is not assignable to type 'string'.
src/lib/gis/gis-parser.ts(113,12): error TS2322: Type 'Record<string, unknown>' is not assignable to type 'string'.
src/lib/gis/gis-parser.ts(151,11): error TS2322: Type 'Record<string, unknown>' is not assignable to type 'string | number | undefined'.
src/lib/gis/gis-parser.ts(169,7): error TS2322: Type 'Record<string, unknown>' is not assignable to type 'number'.
src/lib/gis/gis-parser.ts(170,7): error TS2322: Type 'Record<string, unknown>' is not assignable to type 'string'.
src/lib/gis/gis-parser.ts(179,9): error TS2322: Type 'string' is not assignable to type 'Record<string, unknown>'.
src/lib/gis/gis-parser.ts(212,11): error TS2322: Type 'Record<string, unknown>' is not assignable to type 'string'.
src/lib/gis/gis-parser.ts(260,11): error TS2322: Type 'Record<string, unknown>' is not assignable to type 'string'.
src/lib/gis/gis-parser.ts(303,11): error TS2322: Type 'Record<string, unknown>' is not assignable to type 'string'.
src/lib/gis/gis-parser.ts(313,11): error TS2322: Type 'Record<string, unknown>' is not assignable to type 'string'.
src/lib/gis/gis-parser.ts(318,11): error TS2322: Type 'Record<string, unknown>' is not assignable to type 'string'.
src/lib/gis/gis-parser.ts(356,11): error TS2322: Type 'Record<string, unknown>' is not assignable to type 'string'.
src/lib/gis/gis-parser.ts(362,11): error TS2322: Type 'Record<string, unknown>' is not assignable to type 'string'.
src/lib/gis/gis-parser.ts(454,9): error TS2322: Type '{ layerType: GISLayerType; parsedData: Record<string, unknown>; }' is not assignable to type '{ layerType: GISLayerType; parsedData: ParsedCableData | ParsedPoleData | ParsedFDPData | ParsedFiberJointData | ParsedRoadData | ParsedPointAssetData; }'.
  Types of property 'parsedData' are incompatible.
    Type 'Record<string, unknown>' is not assignable to type 'ParsedCableData | ParsedPoleData | ParsedFDPData | ParsedFiberJointData | ParsedRoadData | ParsedPointAssetData'.
      Type 'Record<string, unknown>' is missing the following properties from type 'ParsedCableData': layerName, featureCount, totalLength, cableType, and 2 more.
src/lib/gis/gis-parser.ts(489,11): error TS2322: Type 'ParsedFDPData' is not assignable to type 'Record<string, unknown>'.
  Index signature for type 'string' is missing in type 'ParsedFDPData'.
src/lib/gis/gis-parser.ts(500,11): error TS2322: Type 'ParsedFiberJointData' is not assignable to type 'Record<string, unknown>'.
  Index signature for type 'string' is missing in type 'ParsedFiberJointData'.
src/lib/gis/gis-parser.ts(506,9): error TS2322: Type 'ParsedPoleData' is not assignable to type 'Record<string, unknown>'.
  Index signature for type 'string' is missing in type 'ParsedPoleData'.
src/lib/gis/gis-parser.ts(521,11): error TS2322: Type 'ParsedRoadData' is not assignable to type 'Record<string, unknown>'.
  Index signature for type 'string' is missing in type 'ParsedRoadData'.
src/lib/gis/gis-parser.ts(527,9): error TS2322: Type 'ParsedCableData' is not assignable to type 'Record<string, unknown>'.
  Index signature for type 'string' is missing in type 'ParsedCableData'.
src/lib/gis/permit-generator.ts(83,11): error TS2322: Type 'string | undefined' is not assignable to type 'Record<string, unknown>'.
  Type 'undefined' is not assignable to type 'Record<string, unknown>'.
src/lib/gis/permit-generator.ts(85,11): error TS2322: Type 'boolean' is not assignable to type 'Record<string, unknown>'.
src/lib/gis/permit-generator.ts(85,51): error TS2345: Argument of type 'RoadSegmentItem' is not assignable to parameter of type 'Record<string, unknown>'.
  Index signature for type 'string' is missing in type 'RoadSegmentItem'.
src/lib/gis/permit-generator.ts(94,24): error TS2339: Property 'length' does not exist on type '{}'.
src/lib/gis/permit-generator.ts(95,9): error TS2345: Argument of type '{}' is not assignable to parameter of type 'Record<string, unknown>[]'.
  Type '{}' is missing the following properties from type 'Record<string, unknown>[]': length, pop, push, concat, and 35 more.
src/lib/gis/permit-generator.ts(172,47): error TS2339: Property 'length' does not exist on type '{}'.
src/lib/gis/permit-generator.ts(174,40): error TS2345: Argument of type '{}' is not assignable to parameter of type '[number, number][]'.
  Type '{}' is missing the following properties from type '[number, number][]': length, pop, push, concat, and 35 more.
src/lib/gis/permit-generator.ts(176,27): error TS2488: Type '{}' must have a '[Symbol.iterator]()' method that returns an iterator.
src/lib/gis/permit-generator.ts(207,7): error TS2365: Operator '+=' cannot be applied to types 'number' and '{}'.
src/lib/gis/permit-generator.ts(208,7): error TS2365: Operator '+=' cannot be applied to types 'number' and '{}'.
src/lib/gis/permit-generator.ts(225,9): error TS2322: Type 'number' is not assignable to type 'Record<string, unknown>'.
src/lib/gis/permit-generator.ts(226,9): error TS2322: Type 'number' is not assignable to type 'Record<string, unknown>'.
src/lib/gis/survey-generator.ts(62,13): error TS2322: Type 'number' is not assignable to type 'Record<string, unknown>'.
src/lib/gis/survey-generator.ts(63,13): error TS2322: Type 'string | undefined' is not assignable to type 'Record<string, unknown>'.
  Type 'undefined' is not assignable to type 'Record<string, unknown>'.
src/lib/gis/survey-generator.ts(64,13): error TS2322: Type 'number | undefined' is not assignable to type 'Record<string, unknown>'.
  Type 'undefined' is not assignable to type 'Record<string, unknown>'.
src/lib/gis/survey-generator.ts(76,23): error TS2322: Type 'number' is not assignable to type 'Record<string, unknown>'.
src/lib/gis/survey-generator.ts(76,46): error TS2322: Type 'number' is not assignable to type 'Record<string, unknown>'.
src/lib/gis/survey-generator.ts(76,74): error TS2322: Type 'number' is not assignable to type 'Record<string, unknown>'.
src/lib/gis/survey-generator.ts(87,23): error TS2322: Type 'number' is not assignable to type 'Record<string, unknown>'.
src/lib/gis/survey-generator.ts(87,46): error TS2322: Type 'number' is not assignable to type 'Record<string, unknown>'.
src/lib/gis/survey-generator.ts(103,13): error TS2322: Type 'number' is not assignable to type 'Record<string, unknown>'.
src/lib/gis/survey-generator.ts(104,13): error TS2322: Type 'string | undefined' is not assignable to type 'Record<string, unknown>'.
  Type 'undefined' is not assignable to type 'Record<string, unknown>'.
src/lib/gis/survey-generator.ts(105,13): error TS2322: Type 'number | undefined' is not assignable to type 'Record<string, unknown>'.
  Type 'undefined' is not assignable to type 'Record<string, unknown>'.
src/lib/gis/survey-generator.ts(106,13): error TS2322: Type 'number | undefined' is not assignable to type 'Record<string, unknown>'.
  Type 'undefined' is not assignable to type 'Record<string, unknown>'.
src/lib/gis/survey-generator.ts(118,23): error TS2322: Type 'number' is not assignable to type 'Record<string, unknown>'.
src/lib/gis/survey-generator.ts(118,44): error TS2322: Type 'string | undefined' is not assignable to type 'Record<string, unknown>'.
  Type 'undefined' is not assignable to type 'Record<string, unknown>'.
src/lib/gis/survey-generator.ts(134,13): error TS2322: Type 'number' is not assignable to type 'Record<string, unknown>'.
src/lib/gis/survey-generator.ts(135,13): error TS2322: Type 'string | undefined' is not assignable to type 'Record<string, unknown>'.
  Type 'undefined' is not assignable to type 'Record<string, unknown>'.
src/lib/gis/survey-generator.ts(136,13): error TS2322: Type 'number | undefined' is not assignable to type 'Record<string, unknown>'.
  Type 'undefined' is not assignable to type 'Record<string, unknown>'.
src/lib/gis/survey-generator.ts(145,44): error TS2339: Property 'slice' does not exist on type '{}'.
src/lib/gis/survey-generator.ts(174,13): error TS2322: Type 'string' is not assignable to type 'Record<string, unknown>'.
src/lib/gis/survey-generator.ts(175,13): error TS2322: Type 'number' is not assignable to type 'Record<string, unknown>'.
src/lib/gis/survey-generator.ts(176,13): error TS2322: Type 'string | undefined' is not assignable to type 'Record<string, unknown>'.
  Type 'undefined' is not assignable to type 'Record<string, unknown>'.
src/lib/gis/survey-generator.ts(177,13): error TS2322: Type 'string | undefined' is not assignable to type 'Record<string, unknown>'.
  Type 'undefined' is not assignable to type 'Record<string, unknown>'.
src/lib/gis/survey-generator.ts(199,23): error TS2352: Conversion of type 'ParsedPointAssetData' to type 'Record<string, unknown>' may be a mistake because neither type sufficiently overlaps with the other. If this was intentional, convert the expression to 'unknown' first.
  Index signature for type 'string' is missing in type 'ParsedPointAssetData'.
src/lib/gis/survey-generator.ts(200,14): error TS2339: Property 'forEach' does not exist on type '{}'.
src/lib/gis/survey-generator.ts(209,11): error TS2322: Type '{}' is not assignable to type 'number'.
src/lib/gis/survey-generator.ts(210,11): error TS2322: Type '{}' is not assignable to type 'number'.
src/lib/gis/survey-generator.ts(213,13): error TS2322: Type '{}' is not assignable to type 'Record<string, unknown>'.
  Index signature for type 'string' is missing in type '{}'.
src/lib/gis/survey-generator.ts(214,13): error TS2322: Type '{}' is not assignable to type 'Record<string, unknown>'.
  Index signature for type 'string' is missing in type '{}'.
src/lib/prisma.ts(95,32): error TS2571: Object is of type 'unknown'.
src/lib/prisma.ts(95,33): error TS2352: Conversion of type 'PrismaClient<PrismaClientOptions, never, DefaultArgs>' to type 'Record<string, unknown>' may be a mistake because neither type sufficiently overlaps with the other. If this was intentional, convert the expression to 'unknown' first.
  Index signature for type 'string' is missing in type 'PrismaClient<PrismaClientOptions, never, DefaultArgs>'.
src/lib/queue.ts(13,5): error TS2322: Type 'BullMQQueueProvider' is not assignable to type 'QueueProvider'.
  The types returned by 'getFailedJobs(...)' are incompatible between these types.
    Type 'Promise<JobInfo[]>' is not assignable to type 'Promise<Record<string, unknown>[]>'.
      Type 'JobInfo[]' is not assignable to type 'Record<string, unknown>[]'.
        Type 'JobInfo' is not assignable to type 'Record<string, unknown>'.
          Index signature for type 'string' is missing in type 'JobInfo'.
src/lib/queue/bullmq-queue-provider.ts(17,33): error TS2352: Conversion of type 'Redis' to type 'Record<string, unknown>' may be a mistake because neither type sufficiently overlaps with the other. If this was intentional, convert the expression to 'unknown' first.
  Index signature for type 'string' is missing in type 'Redis'.
src/lib/queue/bullmq-queue-provider.ts(96,11): error TS2416: Property 'getFailedJobs' in type 'BullMQQueueProvider' is not assignable to the same property in base type 'QueueProvider'.
  Type '(queueName: string, start?: number | undefined, limit?: number | undefined) => Promise<JobInfo[]>' is not assignable to type '(queueName: string, start: number, limit: number) => Promise<Record<string, unknown>[]>'.
    Type 'Promise<JobInfo[]>' is not assignable to type 'Promise<Record<string, unknown>[]>'.
      Type 'JobInfo[]' is not assignable to type 'Record<string, unknown>[]'.
        Type 'JobInfo' is not assignable to type 'Record<string, unknown>'.
          Index signature for type 'string' is missing in type 'JobInfo'.
src/lib/stats.service.ts(15,19): error TS2571: Object is of type 'unknown'.
src/lib/stats.service.ts(86,15): error TS2571: Object is of type 'unknown'.
src/lib/stats.service.ts(169,34): error TS2571: Object is of type 'unknown'.
src/lib/stats.service.ts(172,33): error TS2571: Object is of type 'unknown'.
src/repositories/audit.repository.ts(13,16): error TS2571: Object is of type 'unknown'.
src/repositories/audit.repository.ts(18,16): error TS2571: Object is of type 'unknown'.
src/repositories/audit.repository.ts(23,16): error TS2571: Object is of type 'unknown'.
src/repositories/audit.repository.ts(28,16): error TS2571: Object is of type 'unknown'.
src/repositories/contractor.repository.ts(11,16): error TS18046: 'client.contractor' is of type 'unknown'.
src/repositories/contractor.repository.ts(21,15): error TS2349: This expression is not callable.
  Type 'unknown' has no call signatures.
src/repositories/contractor.repository.ts(23,16): error TS18046: 'tx.contractorBatchStock' is of type 'unknown'.
src/repositories/contractor.repository.ts(36,15): error TS2349: This expression is not callable.
  Type 'unknown' has no call signatures.
src/repositories/contractor.repository.ts(38,16): error TS18046: 'tx.contractorBatchStock' is of type 'unknown'.
src/repositories/contractor.repository.ts(49,16): error TS18046: 'tx.contractorBatchStock' is of type 'unknown'.
src/repositories/contractor.repository.ts(59,16): error TS18046: 'tx.contractorStock' is of type 'unknown'.
src/repositories/contractor.repository.ts(70,57): error TS2349: This expression is not callable.
  Type 'unknown' has no call signatures.
src/repositories/contractor.repository.ts(86,57): error TS2349: This expression is not callable.
  Type 'unknown' has no call signatures.
src/repositories/contractor.repository.ts(103,16): error TS18046: 'client.oPMC' is of type 'unknown'.
src/repositories/contractor.repository.ts(114,16): error TS18046: 'client.contractor' is of type 'unknown'.
src/repositories/contractor.repository.ts(122,16): error TS18046: 'client.contractor' is of type 'unknown'.
src/repositories/contractor.repository.ts(130,16): error TS18046: 'client.contractor' is of type 'unknown'.
src/repositories/contractor.repository.ts(138,16): error TS18046: 'client.contractor' is of type 'unknown'.
src/repositories/contractor.repository.ts(149,16): error TS18046: 'client.contractor' is of type 'unknown'.
src/repositories/contractor.repository.ts(157,16): error TS18046: 'client.contractorTeam' is of type 'unknown'.
src/repositories/contractor.repository.ts(162,16): error TS18046: 'client.contractorTeam' is of type 'unknown'.
src/repositories/contractor.repository.ts(170,16): error TS18046: 'client.contractorTeam' is of type 'unknown'.
src/repositories/contractor.repository.ts(178,16): error TS18046: 'client.teamMember' is of type 'unknown'.
src/repositories/contractor.repository.ts(183,16): error TS18046: 'client.teamMember' is of type 'unknown'.
src/repositories/contractor.repository.ts(188,16): error TS18046: 'client.contractorTeam' is of type 'unknown'.
src/repositories/contractor.repository.ts(196,16): error TS18046: 'client.contractor' is of type 'unknown'.
src/repositories/helpdesk.repository.ts(12,12): error TS18046: 'db.iTAsset' is of type 'unknown'.
src/repositories/helpdesk.repository.ts(33,12): error TS18046: 'db.iTAsset' is of type 'unknown'.
src/repositories/helpdesk.repository.ts(40,12): error TS18046: 'db.iTAsset' is of type 'unknown'.
src/repositories/helpdesk.repository.ts(103,7): error TS18046: 'db.iTAsset' is of type 'unknown'.
src/repositories/helpdesk.repository.ts(104,7): error TS18046: 'db.iTAsset' is of type 'unknown'.
src/repositories/helpdesk.repository.ts(128,32): error TS18046: 'db.iTAssetAudit' is of type 'unknown'.
src/repositories/helpdesk.repository.ts(138,86): error TS18046: 'sa.serialNumber' is of type 'unknown'.
src/repositories/helpdesk.repository.ts(142,37): error TS18046: 'asset.serialNumber' is of type 'unknown'.
src/repositories/helpdesk.repository.ts(150,12): error TS18046: 'db.iTAsset' is of type 'unknown'.
src/repositories/helpdesk.repository.ts(162,12): error TS18046: 'db.iTAsset' is of type 'unknown'.
src/repositories/helpdesk.repository.ts(175,12): error TS18046: 'db.iTAsset' is of type 'unknown'.
src/repositories/helpdesk.repository.ts(186,12): error TS18046: 'db.ticket' is of type 'unknown'.
src/repositories/helpdesk.repository.ts(210,12): error TS18046: 'db.ticket' is of type 'unknown'.
src/repositories/helpdesk.repository.ts(277,7): error TS18046: 'db.ticket' is of type 'unknown'.
src/repositories/helpdesk.repository.ts(278,7): error TS18046: 'db.ticket' is of type 'unknown'.
src/repositories/helpdesk.repository.ts(300,12): error TS18046: 'db.ticket' is of type 'unknown'.
src/repositories/helpdesk.repository.ts(313,12): error TS18046: 'db.ticket' is of type 'unknown'.
src/repositories/helpdesk.repository.ts(332,12): error TS18046: 'db.ticket' is of type 'unknown'.
src/repositories/helpdesk.repository.ts(347,12): error TS18046: 'db.ticketUpdate' is of type 'unknown'.
src/repositories/helpdesk.repository.ts(359,12): error TS18046: 'db.ticketUpdate' is of type 'unknown'.
src/repositories/helpdesk.repository.ts(376,12): error TS18046: 'db.knowledgeBaseArticle' is of type 'unknown'.
src/repositories/helpdesk.repository.ts(396,12): error TS18046: 'db.knowledgeBaseArticle' is of type 'unknown'.
src/repositories/helpdesk.repository.ts(407,12): error TS18046: 'db.knowledgeBaseArticle' is of type 'unknown'.
src/repositories/helpdesk.repository.ts(414,12): error TS18046: 'db.knowledgeBaseArticle' is of type 'unknown'.
src/repositories/helpdesk.repository.ts(422,12): error TS18046: 'db.knowledgeBaseArticle' is of type 'unknown'.
src/repositories/helpdesk.repository.ts(429,12): error TS18046: 'db.knowledgeBaseArticle' is of type 'unknown'.
src/repositories/helpdesk.repository.ts(447,7): error TS18046: 'db.ticket' is of type 'unknown'.
src/repositories/helpdesk.repository.ts(448,7): error TS18046: 'db.ticket' is of type 'unknown'.
src/repositories/helpdesk.repository.ts(449,7): error TS18046: 'db.ticket' is of type 'unknown'.
src/repositories/helpdesk.repository.ts(450,7): error TS18046: 'db.ticket' is of type 'unknown'.
src/repositories/helpdesk.repository.ts(451,7): error TS18046: 'db.ticket' is of type 'unknown'.
src/repositories/helpdesk.repository.ts(454,33): error TS18046: 'db.ticket' is of type 'unknown'.
src/repositories/helpdesk.repository.ts(462,35): error TS18046: 'db.user' is of type 'unknown'.
src/repositories/helpdesk.repository.ts(485,22): error TS18046: 'eng.assignedTickets' is of type 'unknown'.
src/repositories/helpdesk.repository.ts(489,37): error TS18046: 'db.iTAsset' is of type 'unknown'.
src/repositories/helpdesk.repository.ts(507,17): error TS18046: 'asset._count' is of type 'unknown'.
src/repositories/helpdesk.repository.ts(508,74): error TS18046: 'b.failures' is of type 'unknown'.
src/repositories/helpdesk.repository.ts(508,87): error TS18046: 'a.failures' is of type 'unknown'.
src/repositories/helpdesk.repository.ts(528,27): error TS18046: 'db.ticket' is of type 'unknown'.
src/repositories/helpdesk.repository.ts(554,18): error TS2339: Property 'department' does not exist on type '{}'.
src/repositories/helpdesk.repository.ts(555,17): error TS2339: Property 'staff' does not exist on type '{}'.
src/repositories/helpdesk.repository.ts(562,73): error TS18046: 'b.value' is of type 'unknown'.
src/repositories/helpdesk.repository.ts(562,83): error TS18046: 'a.value' is of type 'unknown'.
src/repositories/helpdesk.repository.ts(567,26): error TS18046: 'db.ticket' is of type 'unknown'.
src/repositories/helpdesk.repository.ts(576,14): error TS18046: 'g._count' is of type 'unknown'.
src/repositories/helpdesk.repository.ts(577,74): error TS18046: 'b.count' is of type 'unknown'.
src/repositories/helpdesk.repository.ts(577,84): error TS18046: 'a.count' is of type 'unknown'.
src/repositories/helpdesk.repository.ts(586,25): error TS18046: 'db.inventoryStore' is of type 'unknown'.
src/repositories/helpdesk.repository.ts(639,25): error TS18046: 'db.inventoryStore' is of type 'unknown'.
src/repositories/helpdesk.repository.ts(666,7): error TS18046: 'db.inventoryStore' is of type 'unknown'.
src/repositories/helpdesk.repository.ts(667,7): error TS18046: 'db.inventoryStore' is of type 'unknown'.
src/repositories/helpdesk.repository.ts(697,17): error TS18046: 's._count' is of type 'unknown'.
src/repositories/helpdesk.repository.ts(707,25): error TS18046: 'db.inventoryStore' is of type 'unknown'.
src/repositories/helpdesk.repository.ts(738,25): error TS18046: 'db.inventoryStore' is of type 'unknown'.
src/repositories/helpdesk.repository.ts(769,12): error TS18046: 'db.inventoryStore' is of type 'unknown'.
src/repositories/helpdesk.repository.ts(781,12): error TS18046: 'db.siteOfficeAgreement' is of type 'unknown'.
src/repositories/helpdesk.repository.ts(791,12): error TS18046: 'db.siteOfficeAgreement' is of type 'unknown'.
src/repositories/helpdesk.repository.ts(799,12): error TS18046: 'db.siteOfficeAgreement' is of type 'unknown'.
src/repositories/helpdesk.repository.ts(807,12): error TS18046: 'db.siteOfficeRequest' is of type 'unknown'.
src/repositories/helpdesk.repository.ts(823,12): error TS18046: 'db.siteOfficeRequest' is of type 'unknown'.
src/repositories/helpdesk.repository.ts(836,12): error TS18046: 'db.siteOfficeRequest' is of type 'unknown'.
src/repositories/helpdesk.repository.ts(844,12): error TS18046: 'db.siteOfficeVehicle' is of type 'unknown'.
src/repositories/helpdesk.repository.ts(854,12): error TS18046: 'db.siteOfficeVehicle' is of type 'unknown'.
src/repositories/helpdesk.repository.ts(862,12): error TS18046: 'db.siteOfficeVehicle' is of type 'unknown'.
src/repositories/helpdesk.repository.ts(870,12): error TS18046: 'db.siteOfficeTender' is of type 'unknown'.
src/repositories/helpdesk.repository.ts(880,12): error TS18046: 'db.siteOfficeTender' is of type 'unknown'.
src/repositories/helpdesk.repository.ts(888,12): error TS18046: 'db.siteOfficeTender' is of type 'unknown'.
src/repositories/inventory.repository.ts(13,16): error TS2571: Object is of type 'unknown'.
src/repositories/inventory.repository.ts(21,16): error TS2571: Object is of type 'unknown'.
src/repositories/inventory.repository.ts(31,16): error TS2571: Object is of type 'unknown'.
src/repositories/inventory.repository.ts(42,16): error TS2571: Object is of type 'unknown'.
src/repositories/inventory.repository.ts(52,16): error TS2571: Object is of type 'unknown'.
src/repositories/inventory.repository.ts(61,16): error TS2571: Object is of type 'unknown'.
src/repositories/inventory.repository.ts(70,57): error TS2349: This expression is not callable.
  Type 'unknown' has no call signatures.
src/repositories/inventory.repository.ts(86,30): error TS2349: This expression is not callable.
  Type 'unknown' has no call signatures.
src/repositories/inventory.repository.ts(100,30): error TS2349: This expression is not callable.
  Type 'unknown' has no call signatures.
src/repositories/inventory.repository.ts(116,15): error TS2349: This expression is not callable.
  Type 'unknown' has no call signatures.
src/repositories/inventory.repository.ts(118,16): error TS2571: Object is of type 'unknown'.
src/repositories/inventory.repository.ts(134,15): error TS2349: This expression is not callable.
  Type 'unknown' has no call signatures.
src/repositories/inventory.repository.ts(136,16): error TS2571: Object is of type 'unknown'.
src/repositories/inventory.repository.ts(150,16): error TS2571: Object is of type 'unknown'.
src/repositories/inventory.repository.ts(160,57): error TS2349: This expression is not callable.
  Type 'unknown' has no call signatures.
src/repositories/inventory.repository.ts(177,16): error TS2571: Object is of type 'unknown'.
src/repositories/inventory.repository.ts(184,16): error TS2571: Object is of type 'unknown'.
src/repositories/inventory.repository.ts(194,16): error TS2571: Object is of type 'unknown'.
src/repositories/inventory.repository.ts(202,16): error TS2571: Object is of type 'unknown'.
src/repositories/inventory.repository.ts(210,16): error TS2571: Object is of type 'unknown'.
src/repositories/inventory.repository.ts(218,16): error TS2571: Object is of type 'unknown'.
src/repositories/inventory.repository.ts(226,16): error TS2571: Object is of type 'unknown'.
src/repositories/inventory.repository.ts(234,16): error TS2571: Object is of type 'unknown'.
src/repositories/inventory.repository.ts(242,16): error TS2571: Object is of type 'unknown'.
src/repositories/inventory.repository.ts(253,16): error TS2571: Object is of type 'unknown'.
src/repositories/inventory.repository.ts(270,16): error TS2571: Object is of type 'unknown'.
src/repositories/inventory.repository.ts(275,16): error TS2571: Object is of type 'unknown'.
src/repositories/inventory.repository.ts(280,16): error TS2571: Object is of type 'unknown'.
src/repositories/inventory.repository.ts(285,16): error TS2571: Object is of type 'unknown'.
src/repositories/inventory.repository.ts(291,16): error TS2571: Object is of type 'unknown'.
src/repositories/inventory.repository.ts(299,16): error TS2571: Object is of type 'unknown'.
src/repositories/inventory.repository.ts(304,16): error TS2571: Object is of type 'unknown'.
src/repositories/inventory.repository.ts(309,16): error TS2571: Object is of type 'unknown'.
src/repositories/inventory.repository.ts(314,16): error TS2571: Object is of type 'unknown'.
src/repositories/inventory.repository.ts(319,16): error TS2571: Object is of type 'unknown'.
src/repositories/inventory.repository.ts(324,16): error TS2571: Object is of type 'unknown'.
src/repositories/inventory.repository.ts(332,16): error TS2571: Object is of type 'unknown'.
src/repositories/inventory.repository.ts(337,16): error TS2571: Object is of type 'unknown'.
src/repositories/inventory.repository.ts(345,16): error TS2571: Object is of type 'unknown'.
src/repositories/inventory.repository.ts(350,16): error TS2571: Object is of type 'unknown'.
src/repositories/inventory.repository.ts(355,16): error TS2571: Object is of type 'unknown'.
src/repositories/material.repository.ts(11,16): error TS2571: Object is of type 'unknown'.
src/repositories/material.repository.ts(30,16): error TS18046: 'client.sODMaterialUsage' is of type 'unknown'.
src/repositories/material.repository.ts(38,16): error TS18046: 'client.sODMaterialUsage' is of type 'unknown'.
src/repositories/material.repository.ts(48,16): error TS18046: 'client.sODMaterialUsage' is of type 'unknown'.
src/repositories/notification.repository.ts(15,16): error TS18046: 'client.notification' is of type 'unknown'.
src/repositories/notification.repository.ts(20,16): error TS18046: 'client.notification' is of type 'unknown'.
src/repositories/notification.repository.ts(25,16): error TS18046: 'client.notification' is of type 'unknown'.
src/repositories/notification.repository.ts(30,16): error TS18046: 'client.notification' is of type 'unknown'.
src/repositories/notification.repository.ts(35,16): error TS18046: 'client.notification' is of type 'unknown'.
src/repositories/notification.repository.ts(40,16): error TS18046: 'client.notification' is of type 'unknown'.
src/repositories/notification.repository.ts(45,16): error TS18046: 'client.notification' is of type 'unknown'.
src/repositories/notification.repository.ts(50,16): error TS18046: 'client.notification' is of type 'unknown'.
src/repositories/notification.repository.ts(62,29): error TS18046: 'client.notification' is of type 'unknown'.
src/repositories/notification.repository.ts(88,16): error TS2571: Object is of type 'unknown'.
src/repositories/notification.repository.ts(95,16): error TS2571: Object is of type 'unknown'.
src/repositories/opmc.repository.ts(17,16): error TS18046: 'db.oPMC' is of type 'unknown'.
src/repositories/opmc.repository.ts(27,16): error TS18046: 'db.oPMC' is of type 'unknown'.
src/repositories/opmc.repository.ts(42,16): error TS18046: 'db.oPMC' is of type 'unknown'.
src/repositories/opmc.repository.ts(52,16): error TS18046: 'db.oPMC' is of type 'unknown'.
src/repositories/service-order.repository.ts(18,16): error TS18046: 'db.serviceOrder' is of type 'unknown'.
src/repositories/service-order.repository.ts(29,16): error TS18046: 'db.serviceOrder' is of type 'unknown'.
src/repositories/service-order.repository.ts(40,16): error TS18046: 'db.serviceOrder' is of type 'unknown'.
src/repositories/service-order.repository.ts(48,16): error TS18046: 'db.serviceOrder' is of type 'unknown'.
src/repositories/service-order.repository.ts(63,16): error TS18046: 'db.serviceOrder' is of type 'unknown'.
src/repositories/service-order.repository.ts(75,16): error TS18046: 'db.serviceOrder' is of type 'unknown'.
src/repositories/service-order.repository.ts(87,16): error TS18046: 'db.serviceOrder' is of type 'unknown'.
src/repositories/service-order.repository.ts(95,16): error TS18046: 'db.serviceOrder' is of type 'unknown'.
src/repositories/service-order.repository.ts(103,16): error TS18046: 'db.serviceOrderStatusHistory' is of type 'unknown'.
src/repositories/service-order.repository.ts(113,16): error TS18046: 'db.serviceOrderComment' is of type 'unknown'.
src/repositories/software-license.repository.ts(8,12): error TS18046: 'db.softwareLicense' is of type 'unknown'.
src/repositories/software-license.repository.ts(27,12): error TS18046: 'db.softwareLicense' is of type 'unknown'.
src/repositories/software-license.repository.ts(76,7): error TS18046: 'db.softwareLicense' is of type 'unknown'.
src/repositories/software-license.repository.ts(77,7): error TS18046: 'db.softwareLicense' is of type 'unknown'.
src/repositories/software-license.repository.ts(95,12): error TS18046: 'db.softwareLicense' is of type 'unknown'.
src/repositories/software-license.repository.ts(102,12): error TS18046: 'db.softwareLicense' is of type 'unknown'.
src/repositories/software-license.repository.ts(110,12): error TS18046: 'db.softwareLicense' is of type 'unknown'.
src/repositories/software-license.repository.ts(117,12): error TS18046: 'db.softwareLicenseAssignment' is of type 'unknown'.
src/repositories/software-license.repository.ts(132,12): error TS18046: 'db.softwareLicenseAssignment' is of type 'unknown'.
src/repositories/software-license.repository.ts(139,12): error TS18046: 'db.softwareLicenseAssignment' is of type 'unknown'.
src/repositories/software-license.repository.ts(146,12): error TS18046: 'db.softwareLicenseAssignment' is of type 'unknown'.
src/repositories/stock-request.repository.ts(12,16): error TS18046: 'db.stockRequest' is of type 'unknown'.
src/repositories/stock-request.repository.ts(20,16): error TS18046: 'db.stockRequest' is of type 'unknown'.
src/repositories/stock-request.repository.ts(25,16): error TS18046: 'db.stockRequest' is of type 'unknown'.
src/repositories/stock-request.repository.ts(30,16): error TS18046: 'db.stockRequest' is of type 'unknown'.
src/repositories/stock-request.repository.ts(38,16): error TS18046: 'db.stockRequestItem' is of type 'unknown'.
src/repositories/stock-request.repository.ts(46,16): error TS18046: 'db.stockRequestItem' is of type 'unknown'.
src/repositories/stock-request.repository.ts(53,16): error TS18046: 'db.inventoryTransactionItem' is of type 'unknown'.
src/services/admin/contractor-payment.service.ts(7,16): error TS2571: Object is of type 'unknown'.
src/services/admin/contractor-payment.service.ts(30,16): error TS2571: Object is of type 'unknown'.
src/services/admin/contractor-payment.service.ts(37,49): error TS2345: Argument of type 'unknown' is not assignable to parameter of type 'string'.
src/services/admin/contractor-payment.service.ts(38,49): error TS2345: Argument of type 'unknown' is not assignable to parameter of type 'string'.
src/services/admin/contractor-payment.service.ts(39,44): error TS2345: Argument of type 'unknown' is not assignable to parameter of type 'string'.
src/services/admin/contractor-payment.service.ts(57,16): error TS2571: Object is of type 'unknown'.
src/services/admin/contractor-payment.service.ts(60,23): error TS18046: 'tx.contractorPaymentTier' is of type 'unknown'.
src/services/admin/contractor-payment.service.ts(66,26): error TS18046: 'tx.contractorPaymentConfig' is of type 'unknown'.
src/services/admin/contractor-payment.service.ts(73,44): error TS2339: Property 'map' does not exist on type '{}'.
src/services/admin/contractor-payment.service.ts(74,53): error TS2345: Argument of type 'unknown' is not assignable to parameter of type 'string'.
src/services/admin/contractor-payment.service.ts(75,53): error TS2345: Argument of type 'unknown' is not assignable to parameter of type 'string'.
src/services/admin/contractor-payment.service.ts(76,48): error TS2345: Argument of type 'unknown' is not assignable to parameter of type 'string'.
src/services/admin/contractor-payment.service.ts(95,16): error TS2571: Object is of type 'unknown'.
src/services/admin/job-queue.service.ts(55,46): error TS2769: No overload matches this call.
  Overload 1 of 4, '(value: string | number | Date): Date', gave the following error.
    Argument of type '{}' is not assignable to parameter of type 'string | number | Date'.
  Overload 2 of 4, '(value: string | number): Date', gave the following error.
    Argument of type '{}' is not assignable to parameter of type 'string | number'.
src/services/admin/system-monitoring.service.ts(33,26): error TS2571: Object is of type 'unknown'.
src/services/admin/system-monitoring.service.ts(33,27): error TS2352: Conversion of type 'PrismaClient<PrismaClientOptions, never, DefaultArgs>' to type 'Record<string, unknown>' may be a mistake because neither type sufficiently overlaps with the other. If this was intentional, convert the expression to 'unknown' first.
  Index signature for type 'string' is missing in type 'PrismaClient<PrismaClientOptions, never, DefaultArgs>'.
src/services/admin/system-monitoring.service.ts(86,13): error TS2571: Object is of type 'unknown'.
src/services/admin/system-monitoring.service.ts(86,14): error TS2352: Conversion of type 'PrismaClient<PrismaClientOptions, never, DefaultArgs>' to type 'Record<string, unknown>' may be a mistake because neither type sufficiently overlaps with the other. If this was intentional, convert the expression to 'unknown' first.
  Index signature for type 'string' is missing in type 'PrismaClient<PrismaClientOptions, never, DefaultArgs>'.
src/services/admin/system-monitoring.service.ts(92,13): error TS2571: Object is of type 'unknown'.
src/services/admin/system-monitoring.service.ts(92,14): error TS2352: Conversion of type 'PrismaClient<PrismaClientOptions, never, DefaultArgs>' to type 'Record<string, unknown>' may be a mistake because neither type sufficiently overlaps with the other. If this was intentional, convert the expression to 'unknown' first.
  Index signature for type 'string' is missing in type 'PrismaClient<PrismaClientOptions, never, DefaultArgs>'.
src/services/admin/system-monitoring.service.ts(111,26): error TS2571: Object is of type 'unknown'.
src/services/admin/system-monitoring.service.ts(111,27): error TS2352: Conversion of type 'PrismaClient<PrismaClientOptions, never, DefaultArgs>' to type 'Record<string, unknown>' may be a mistake because neither type sufficiently overlaps with the other. If this was intentional, convert the expression to 'unknown' first.
  Index signature for type 'string' is missing in type 'PrismaClient<PrismaClientOptions, never, DefaultArgs>'.
src/services/admin/system-monitoring.service.ts(134,30): error TS2571: Object is of type 'unknown'.
src/services/admin/system-monitoring.service.ts(134,31): error TS2352: Conversion of type 'PrismaClient<PrismaClientOptions, never, DefaultArgs>' to type 'Record<string, unknown>' may be a mistake because neither type sufficiently overlaps with the other. If this was intentional, convert the expression to 'unknown' first.
  Index signature for type 'string' is missing in type 'PrismaClient<PrismaClientOptions, never, DefaultArgs>'.
src/services/admin/system-monitoring.service.ts(174,13): error TS2571: Object is of type 'unknown'.
src/services/admin/system-monitoring.service.ts(174,14): error TS2352: Conversion of type 'PrismaClient<PrismaClientOptions, never, DefaultArgs>' to type 'Record<string, unknown>' may be a mistake because neither type sufficiently overlaps with the other. If this was intentional, convert the expression to 'unknown' first.
  Index signature for type 'string' is missing in type 'PrismaClient<PrismaClientOptions, never, DefaultArgs>'.
src/services/admin/system-monitoring.service.ts(177,13): error TS2571: Object is of type 'unknown'.
src/services/admin/system-monitoring.service.ts(177,14): error TS2352: Conversion of type 'PrismaClient<PrismaClientOptions, never, DefaultArgs>' to type 'Record<string, unknown>' may be a mistake because neither type sufficiently overlaps with the other. If this was intentional, convert the expression to 'unknown' first.
  Index signature for type 'string' is missing in type 'PrismaClient<PrismaClientOptions, never, DefaultArgs>'.
src/services/admin/system-monitoring.service.ts(180,13): error TS2571: Object is of type 'unknown'.
src/services/admin/system-monitoring.service.ts(180,14): error TS2352: Conversion of type 'PrismaClient<PrismaClientOptions, never, DefaultArgs>' to type 'Record<string, unknown>' may be a mistake because neither type sufficiently overlaps with the other. If this was intentional, convert the expression to 'unknown' first.
  Index signature for type 'string' is missing in type 'PrismaClient<PrismaClientOptions, never, DefaultArgs>'.
src/services/admin/system.service.ts(107,33): error TS2571: Object is of type 'unknown'.
src/services/admin/system.service.ts(122,39): error TS2769: No overload matches this call.
  Overload 1 of 4, '(value: string | number | Date): Date', gave the following error.
    Argument of type '{}' is not assignable to parameter of type 'string | number | Date'.
  Overload 2 of 4, '(value: string | number): Date', gave the following error.
    Argument of type '{}' is not assignable to parameter of type 'string | number'.
src/services/admin/system.service.ts(147,36): error TS2571: Object is of type 'unknown'.
src/services/admin/system.service.ts(161,35): error TS2571: Object is of type 'unknown'.
src/services/admin/system.service.ts(189,32): error TS2571: Object is of type 'unknown'.
src/services/audit/index.ts(25,17): error TS2322: Type 'Record<string, unknown> | undefined' is not assignable to type 'InputJsonValue | NullableJsonNullValueInput | undefined'.
  Type 'Record<string, unknown>' is not assignable to type 'InputJsonValue | NullableJsonNullValueInput | undefined'.
    Type 'Record<string, unknown>' is missing the following properties from type 'readonly (InputJsonValue | null)[]': length, concat, join, slice, and 26 more.
src/services/audit/index.ts(26,17): error TS2322: Type 'Record<string, unknown> | undefined' is not assignable to type 'InputJsonValue | NullableJsonNullValueInput | undefined'.
  Type 'Record<string, unknown>' is not assignable to type 'InputJsonValue | NullableJsonNullValueInput | undefined'.
    Type 'Record<string, unknown>' is missing the following properties from type 'readonly (InputJsonValue | null)[]': length, concat, join, slice, and 26 more.
src/services/automation/index.ts(26,80): error TS18046: 's.item' is of type 'unknown'.
src/services/automation/index.ts(26,103): error TS18046: 's.quantity' is of type 'unknown'.
src/services/automation/index.ts(26,116): error TS18046: 's.item' is of type 'unknown'.
src/services/automation/index.ts(31,26): error TS18046: 'curr.store' is of type 'unknown'.
src/services/automation/index.ts(31,48): error TS18046: 'curr.store' is of type 'unknown'.
src/services/automation/index.ts(32,21): error TS18046: 'curr.store' is of type 'unknown'.
src/services/automation/index.ts(32,43): error TS18046: 'curr.item' is of type 'unknown'.
src/services/dashboard-alert.service.ts(16,53): error TS2345: Argument of type 'Record<string, unknown>' is not assignable to parameter of type 'string'.
src/services/dashboard-alert.service.ts(16,53): error TS2352: Conversion of type 'string' to type 'Record<string, unknown>' may be a mistake because neither type sufficiently overlaps with the other. If this was intentional, convert the expression to 'unknown' first.
src/services/finance/cost-allocation.service.ts(91,29): error TS2322: Type 'unknown' is not assignable to type 'Exact<string | NullableStringFieldUpdateOperationsInput | null | undefined, string | NullableStringFieldUpdateOperationsInput | null | undefined>'.
src/services/finance/ledger.service.ts(195,17): error TS2322: Type 'unknown' is not assignable to type 'Exact<string | NullableStringFieldUpdateOperationsInput | null | undefined, string | NullableStringFieldUpdateOperationsInput | null | undefined>'.
src/services/finance/osp-ledger.service.ts(21,27): error TS18046: 'tx.gLMappingConfig' is of type 'unknown'.
src/services/finance/osp-ledger.service.ts(41,48): error TS2345: Argument of type 'Record<string, unknown>' is not assignable to parameter of type 'Omit<DynamicClientExtensionThis<TypeMap<InternalArgs & { result: {}; model: {}; query: {}; client: {}; }, {}>, TypeMapCb<PrismaClientOptions>, { result: {}; model: {}; query: {}; client: {}; }>, "$connect" | ... 3 more ... | "$extends">'.
  Type 'Record<string, unknown>' is missing the following properties from type 'Omit<DynamicClientExtensionThis<TypeMap<InternalArgs & { result: {}; model: {}; query: {}; client: {}; }, {}>, TypeMapCb<PrismaClientOptions>, { result: {}; model: {}; query: {}; client: {}; }>, "$connect" | ... 3 more ... | "$extends">': authorityEntity, permitType, chartOfAccount, projectType, and 246 more.
src/services/finance/payroll-expense.service.ts(71,25): error TS2322: Type 'unknown' is not assignable to type 'Exact<string | NullableStringFieldUpdateOperationsInput | null | undefined, string | NullableStringFieldUpdateOperationsInput | null | undefined>'.
src/services/finance/period-close.service.ts(194,25): error TS2322: Type 'unknown' is not assignable to type 'Exact<string | NullableStringFieldUpdateOperationsInput | null | undefined, string | NullableStringFieldUpdateOperationsInput | null | undefined>'.
src/services/gis/gis-ai.service.ts(159,21): error TS2488: Type '{}' must have a '[Symbol.iterator]()' method that returns an iterator.
src/services/gis/gis-optimizer.service.ts(99,35): error TS2488: Type '{}' must have a '[Symbol.iterator]()' method that returns an iterator.
src/services/gis/gis-optimizer.service.ts(149,31): error TS2488: Type '{}' must have a '[Symbol.iterator]()' method that returns an iterator.
src/services/gis/GISAutoPlanService.ts(1770,7): error TS2322: Type 'unknown' is not assignable to type 'Record<string, unknown> | undefined'.
src/services/gis/GISCandidateScoring.ts(263,56): error TS2339: Property 'toLowerCase' does not exist on type '{}'.
src/services/gis/GISCandidateScoring.ts(264,132): error TS18047: 'road.lanes' is possibly 'null'.
src/services/gis/GISCandidateScoring.ts(264,132): error TS2365: Operator '>=' cannot be applied to types '{}' and 'number'.
src/services/gis/GISCandidateScoring.ts(280,56): error TS2339: Property 'toLowerCase' does not exist on type '{}'.
src/services/gis/GISCandidateScoring.ts(281,127): error TS2365: Operator '>=' cannot be applied to types '{}' and 'number'.
src/services/gis/GISCandidateScoring.ts(424,68): error TS2339: Property 'toLowerCase' does not exist on type '{}'.
src/services/gis/GISCandidateScoring.ts(425,144): error TS18047: 'road.lanes' is possibly 'null'.
src/services/gis/GISCandidateScoring.ts(425,144): error TS2365: Operator '>=' cannot be applied to types '{}' and 'number'.
src/services/gis/GISCandidateScoring.ts(441,70): error TS2339: Property 'toLowerCase' does not exist on type '{}'.
src/services/gis/GISCandidateScoring.ts(442,155): error TS18047: 'road.lanes' is possibly 'null'.
src/services/gis/GISCandidateScoring.ts(442,155): error TS2365: Operator '>=' cannot be applied to types '{}' and 'number'.
src/services/gis/GISCandidateScoring.ts(444,43): error TS18046: 'road.coordinates' is of type 'unknown'.
src/services/gis/GISCandidateScoring.ts(447,27): error TS18046: 'road.coordinates' is of type 'unknown'.
src/services/gis/GISCandidateScoring.ts(447,48): error TS18046: 'road.coordinates' is of type 'unknown'.
src/services/gis/GISCandidateScoring.ts(497,66): error TS2339: Property 'toLowerCase' does not exist on type '{}'.
src/services/gis/GISCandidateScoring.ts(498,137): error TS2365: Operator '>=' cannot be applied to types '{}' and 'number'.
src/services/gis/GISCandidateScoring.ts(500,39): error TS18046: 'road.coordinates' is of type 'unknown'.
src/services/gis/GISCandidateScoring.ts(503,23): error TS18046: 'road.coordinates' is of type 'unknown'.
src/services/gis/GISCandidateScoring.ts(503,44): error TS18046: 'road.coordinates' is of type 'unknown'.
src/services/gis/GISCandidateScoring.ts(536,66): error TS2339: Property 'toLowerCase' does not exist on type '{}'.
src/services/gis/GISCandidateScoring.ts(537,137): error TS2365: Operator '>=' cannot be applied to types '{}' and 'number'.
src/services/gis/GISCandidateScoring.ts(539,39): error TS18046: 'road.coordinates' is of type 'unknown'.
src/services/gis/GISCandidateScoring.ts(542,23): error TS18046: 'road.coordinates' is of type 'unknown'.
src/services/gis/GISCandidateScoring.ts(542,44): error TS18046: 'road.coordinates' is of type 'unknown'.
src/services/gis/GISCandidateScoring.ts(649,84): error TS2345: Argument of type 'RoadSegment[]' is not assignable to parameter of type 'Record<string, unknown>[]'.
  Type 'RoadSegment' is not assignable to type 'Record<string, unknown>'.
    Index signature for type 'string' is missing in type 'RoadSegment'.
src/services/gis/GISImportService.ts(658,56): error TS2345: Argument of type 'Map<GISLayerType, unknown>' is not assignable to parameter of type 'Map<GISLayerType, Record<string, unknown>>'.
  Type 'unknown' is not assignable to type 'Record<string, unknown>'.
src/services/gis/GISImportService.ts(754,9): error TS2345: Argument of type 'Map<GISLayerType, unknown>' is not assignable to parameter of type 'Map<GISLayerType, Record<string, unknown>>'.
  Type 'unknown' is not assignable to type 'Record<string, unknown>'.
src/services/gis/GISImportService.ts(1100,85): error TS2345: Argument of type 'Record<string, unknown> | ""' is not assignable to parameter of type 'string'.
  Type 'Record<string, unknown>' is not assignable to type 'string'.
src/services/gis/GISImportService.ts(1117,65): error TS2345: Argument of type 'Record<string, unknown>' is not assignable to parameter of type 'string'.
src/services/gis/GISImportService.ts(1150,65): error TS2345: Argument of type 'Record<string, unknown>' is not assignable to parameter of type 'string'.
src/services/gis/GISImportService.ts(1182,65): error TS2345: Argument of type 'Record<string, unknown>' is not assignable to parameter of type 'string'.
src/services/gis/GISImportService.ts(1216,65): error TS2345: Argument of type 'Record<string, unknown>' is not assignable to parameter of type 'string'.
src/services/gis/GISImportService.ts(1233,65): error TS2345: Argument of type 'Record<string, unknown>' is not assignable to parameter of type 'string'.
src/services/gis/GISImportService.ts(1265,7): error TS2345: Argument of type 'Map<GISLayerType, unknown>' is not assignable to parameter of type 'Map<GISLayerType, Record<string, unknown>>'.
  Type 'unknown' is not assignable to type 'Record<string, unknown>'.
src/services/gis/GISImportService.ts(1303,64): error TS2345: Argument of type 'Map<GISLayerType, unknown>' is not assignable to parameter of type 'Map<GISLayerType, Record<string, unknown>>'.
  Type 'unknown' is not assignable to type 'Record<string, unknown>'.
src/services/gis/GISImportService.ts(1361,9): error TS2345: Argument of type 'Map<GISLayerType, unknown>' is not assignable to parameter of type 'Map<GISLayerType, Record<string, unknown>>'.
  Type 'unknown' is not assignable to type 'Record<string, unknown>'.
src/services/gis/GISReconciliationService.ts(182,22): error TS2352: Conversion of type 'Record<string, unknown>' to type '[number, number][]' may be a mistake because neither type sufficiently overlaps with the other. If this was intentional, convert the expression to 'unknown' first.
  Type 'Record<string, unknown>' is missing the following properties from type '[number, number][]': length, pop, push, concat, and 35 more.
src/services/gis/GISReconciliationService.ts(208,13): error TS2322: Type '[number, number][]' is not assignable to type 'Record<string, unknown>'.
  Index signature for type 'string' is missing in type '[number, number][]'.
src/services/gis/GISRoadNetwork.ts(46,63): error TS2345: Argument of type 'unknown' is not assignable to parameter of type 'number'.
src/services/gis/GISRoadNetwork.ts(49,26): error TS18046: 'center.points' is of type 'unknown'.
src/services/gis/GISRouteService.ts(65,17): error TS2322: Type 'Record<string, unknown> | null' is not assignable to type 'string | number | boolean | InputJsonObject | InputJsonArray | { toJSON(): unknown; } | DbNull | JsonNull | { readonly [x: string]: Exact<InputJsonValue | null | undefined, InputJsonValue | ... 1 more ... | undefined>; } | ... 4 more ... | undefined'.
  Type 'null' is not assignable to type 'string | number | boolean | InputJsonObject | InputJsonArray | { toJSON(): unknown; } | DbNull | JsonNull | { readonly [x: string]: Exact<InputJsonValue | null | undefined, InputJsonValue | ... 1 more ... | undefined>; } | ... 4 more ... | undefined'.
src/services/gis/GISRouteService.ts(66,17): error TS2322: Type 'Record<string, unknown> | null' is not assignable to type 'string | number | boolean | InputJsonObject | InputJsonArray | { toJSON(): unknown; } | DbNull | JsonNull | { readonly [x: string]: Exact<InputJsonValue | null | undefined, InputJsonValue | ... 1 more ... | undefined>; } | ... 4 more ... | undefined'.
  Type 'null' is not assignable to type 'string | number | boolean | InputJsonObject | InputJsonArray | { toJSON(): unknown; } | DbNull | JsonNull | { readonly [x: string]: Exact<InputJsonValue | null | undefined, InputJsonValue | ... 1 more ... | undefined>; } | ... 4 more ... | undefined'.
src/services/gis/GISRouteService.ts(903,28): error TS2365: Operator '+' cannot be applied to types 'Record<string, unknown>' and 'number'.
src/services/gis/GISRouteService.ts(992,28): error TS2322: Type 'unknown[]' is not assignable to type 'Exact<string[] | FieldRef<"InventoryItem", "String[]"> | undefined, string[] | FieldRef<"InventoryItem", "String[]"> | undefined>'.
  Type 'unknown[]' is not assignable to type 'string[]'.
    Type 'unknown' is not assignable to type 'string'.
src/services/gis/GISRouteService.ts(1009,38): error TS2345: Argument of type 'unknown' is not assignable to parameter of type 'string'.
src/services/gis/GISRouteService.ts(1011,17): error TS2322: Type 'unknown' is not assignable to type 'string'.
src/services/gis/GISRouteService.ts(1201,32): error TS2345: Argument of type 'ParsedCableData' is not assignable to parameter of type 'Record<string, unknown>'.
  Index signature for type 'string' is missing in type 'ParsedCableData'.
src/services/gis/GISRouteService.ts(1216,31): error TS2345: Argument of type 'ParsedPoleData' is not assignable to parameter of type 'Record<string, unknown>'.
  Index signature for type 'string' is missing in type 'ParsedPoleData'.
src/services/gis/GISRouteService.ts(1216,31): error TS2352: Conversion of type '{ layerName: string; featureCount: number; poles: { index: number; latitude: number; longitude: number; poleType: string; height: number; properties: { PL_Number: string; }; }[]; }' to type 'ParsedPoleData' may be a mistake because neither type sufficiently overlaps with the other. If this was intentional, convert the expression to 'unknown' first.
  Types of property 'poles' are incompatible.
    Type '{ index: number; latitude: number; longitude: number; poleType: string; height: number; properties: { PL_Number: string; }; }[]' is not comparable to type 'PoleItem[]'.
      Type '{ index: number; latitude: number; longitude: number; poleType: string; height: number; properties: { PL_Number: string; }; }' is not comparable to type 'PoleItem'.
        Types of property 'properties' are incompatible.
          Type '{ PL_Number: string; }' is not comparable to type 'Record<string, Record<string, unknown>>'.
            Property 'PL_Number' is incompatible with index signature.
              Type 'string' is not comparable to type 'Record<string, unknown>'.
src/services/gis/GISRouteService.ts(1229,38): error TS2345: Argument of type 'ParsedFiberJointData' is not assignable to parameter of type 'Record<string, unknown>'.
  Index signature for type 'string' is missing in type 'ParsedFiberJointData'.
src/services/gis/GISRouteService.ts(1229,38): error TS2352: Conversion of type '{ layerName: string; featureCount: number; joints: { index: number; latitude: number; longitude: number; jointType: string; capacity: number; properties: { Joint_Number: string; }; }[]; }' to type 'ParsedFiberJointData' may be a mistake because neither type sufficiently overlaps with the other. If this was intentional, convert the expression to 'unknown' first.
  Types of property 'joints' are incompatible.
    Type '{ index: number; latitude: number; longitude: number; jointType: string; capacity: number; properties: { Joint_Number: string; }; }[]' is not comparable to type 'FiberJointItem[]'.
      Type '{ index: number; latitude: number; longitude: number; jointType: string; capacity: number; properties: { Joint_Number: string; }; }' is not comparable to type 'FiberJointItem'.
        Types of property 'properties' are incompatible.
          Type '{ Joint_Number: string; }' is not comparable to type 'Record<string, Record<string, unknown>>'.
            Property 'Joint_Number' is incompatible with index signature.
              Type 'string' is not comparable to type 'Record<string, unknown>'.
src/services/helpdesk.service.ts(334,45): error TS2345: Argument of type '{ page?: number | undefined; limit?: number | undefined; search?: string | undefined; status?: ITAssetStatus | undefined; deviceType?: ITDeviceType | undefined; assignedStaffId?: string | undefined; }' is not assignable to parameter of type '{ page?: number | undefined; limit?: number | undefined; search?: string | undefined; status?: Record<string, unknown> | undefined; deviceType?: Record<string, unknown> | undefined; siteOfficeId?: string | undefined; assignedStaffId?: string | undefined; }'.
  Types of property 'status' are incompatible.
    Type 'ITAssetStatus | undefined' is not assignable to type 'Record<string, unknown> | undefined'.
      Type 'string' is not assignable to type 'Record<string, unknown>'.
src/services/helpdesk.service.ts(521,17): error TS2322: Type 'Record<string, unknown>' is not assignable to type '"ACTIVE" | "UNDER_REPAIR" | "DECOMMISSIONED" | "SPARE" | "FAULTY" | "DISPOSED" | "TRANSFERRED" | undefined'.
src/services/helpdesk.service.ts(521,26): error TS2352: Conversion of type 'string | null | undefined' to type 'Record<string, unknown>' may be a mistake because neither type sufficiently overlaps with the other. If this was intentional, convert the expression to 'unknown' first.
  Type 'string' is not comparable to type 'Record<string, unknown>'.
src/services/helpdesk.service.ts(545,24): error TS2352: Conversion of type 'string | null | undefined' to type 'Record<string, unknown>' may be a mistake because neither type sufficiently overlaps with the other. If this was intentional, convert the expression to 'unknown' first.
  Type 'string' is not comparable to type 'Record<string, unknown>'.
src/services/helpdesk.service.ts(961,46): error TS2345: Argument of type '{ page?: number | undefined; limit?: number | undefined; status?: TicketStatus | undefined; priority?: TicketPriority | undefined; category?: IssueCategory | undefined; userId?: string | undefined; assignedToId?: string | undefined; search?: string | undefined; }' is not assignable to parameter of type '{ page?: number | undefined; limit?: number | undefined; status?: Record<string, unknown> | undefined; priority?: Record<string, unknown> | undefined; category?: Record<string, unknown> | undefined; userId?: string | undefined; assignedToId?: string | undefined; search?: string | undefined; }'.
  Types of property 'status' are incompatible.
    Type 'TicketStatus | undefined' is not assignable to type 'Record<string, unknown> | undefined'.
      Type 'string' is not assignable to type 'Record<string, unknown>'.
src/services/helpdesk.service.ts(1009,9): error TS2345: Argument of type 'Record<string, unknown>' is not assignable to parameter of type 'TicketUncheckedCreateInput'.
  Type 'Record<string, unknown>' is missing the following properties from type 'TicketUncheckedCreateInput': ticketNumber, userId, category, description
src/services/helpdesk.service.ts(1688,27): error TS2769: No overload matches this call.
  Overload 1 of 4, '(value: string | number | Date): Date', gave the following error.
    Argument of type 'unknown' is not assignable to parameter of type 'string | number | Date'.
  Overload 2 of 4, '(value: string | number): Date', gave the following error.
    Argument of type 'unknown' is not assignable to parameter of type 'string | number'.
src/services/helpdesk.service.ts(1689,40): error TS2769: No overload matches this call.
  Overload 1 of 4, '(value: string | number | Date): Date', gave the following error.
    Argument of type '{}' is not assignable to parameter of type 'string | number | Date'.
  Overload 2 of 4, '(value: string | number): Date', gave the following error.
    Argument of type '{}' is not assignable to parameter of type 'string | number'.
src/services/helpdesk.service.ts(1705,56): error TS2769: No overload matches this call.
  Overload 1 of 4, '(value: string | number | Date): Date', gave the following error.
    Argument of type '{}' is not assignable to parameter of type 'string | number | Date'.
  Overload 2 of 4, '(value: string | number): Date', gave the following error.
    Argument of type '{}' is not assignable to parameter of type 'string | number'.
src/services/helpdesk.service.ts(1706,52): error TS2769: No overload matches this call.
  Overload 1 of 4, '(value: string | number | Date): Date', gave the following error.
    Argument of type '{}' is not assignable to parameter of type 'string | number | Date'.
  Overload 2 of 4, '(value: string | number): Date', gave the following error.
    Argument of type '{}' is not assignable to parameter of type 'string | number'.
src/services/helpdesk.service.ts(1780,54): error TS2769: No overload matches this call.
  Overload 1 of 4, '(value: string | number | Date): Date', gave the following error.
    Argument of type '{}' is not assignable to parameter of type 'string | number | Date'.
  Overload 2 of 4, '(value: string | number): Date', gave the following error.
    Argument of type '{}' is not assignable to parameter of type 'string | number'.
src/services/helpdesk.service.ts(1796,66): error TS2769: No overload matches this call.
  Overload 1 of 4, '(value: string | number | Date): Date', gave the following error.
    Argument of type '{}' is not assignable to parameter of type 'string | number | Date'.
  Overload 2 of 4, '(value: string | number): Date', gave the following error.
    Argument of type '{}' is not assignable to parameter of type 'string | number'.
src/services/helpdesk.service.ts(1828,29): error TS2769: No overload matches this call.
  Overload 1 of 4, '(value: string | number | Date): Date', gave the following error.
    Argument of type 'unknown' is not assignable to parameter of type 'string | number | Date'.
  Overload 2 of 4, '(value: string | number): Date', gave the following error.
    Argument of type 'unknown' is not assignable to parameter of type 'string | number'.
src/services/helpdesk.service.ts(1829,29): error TS2769: No overload matches this call.
  Overload 1 of 4, '(value: string | number | Date): Date', gave the following error.
    Argument of type 'unknown' is not assignable to parameter of type 'string | number | Date'.
  Overload 2 of 4, '(value: string | number): Date', gave the following error.
    Argument of type 'unknown' is not assignable to parameter of type 'string | number'.
src/services/helpdesk.service.ts(1845,60): error TS2769: No overload matches this call.
  Overload 1 of 4, '(value: string | number | Date): Date', gave the following error.
    Argument of type '{}' is not assignable to parameter of type 'string | number | Date'.
  Overload 2 of 4, '(value: string | number): Date', gave the following error.
    Argument of type '{}' is not assignable to parameter of type 'string | number'.
src/services/helpdesk.service.ts(1846,60): error TS2769: No overload matches this call.
  Overload 1 of 4, '(value: string | number | Date): Date', gave the following error.
    Argument of type '{}' is not assignable to parameter of type 'string | number | Date'.
  Overload 2 of 4, '(value: string | number): Date', gave the following error.
    Argument of type '{}' is not assignable to parameter of type 'string | number'.
src/services/inventory/audit-ledger.service.ts(49,31): error TS18046: 'client.documentCounter' is of type 'unknown'.
src/services/inventory/audit-ledger.service.ts(80,36): error TS18046: 'client.inventoryLedger' is of type 'unknown'.
src/services/inventory/audit-ledger.service.ts(87,33): error TS18046: 'client.inventoryLedger' is of type 'unknown'.
src/services/inventory/audit-ledger.service.ts(110,16): error TS18046: 'client.inventoryLedger' is of type 'unknown'.
src/services/inventory/dynamic-report.service.ts(25,15): error TS2322: Type 'null' is not assignable to type 'Record<string, unknown>'.
src/services/inventory/dynamic-report.service.ts(29,9): error TS2322: Type 'unknown' is not assignable to type 'Record<string, unknown>'.
src/services/inventory/dynamic-report.service.ts(30,56): error TS2322: Type 'null' is not assignable to type 'Record<string, unknown>'.
src/services/inventory/dynamic-report.service.ts(37,9): error TS2322: Type 'string' is not assignable to type 'Record<string, unknown>'.
src/services/inventory/dynamic-report.service.ts(38,27): error TS2322: Type 'boolean' is not assignable to type 'Record<string, unknown>'.
src/services/inventory/dynamic-report.service.ts(39,33): error TS2322: Type 'boolean' is not assignable to type 'Record<string, unknown>'.
src/services/inventory/dynamic-report.service.ts(41,9): error TS2322: Type 'number' is not assignable to type 'Record<string, unknown>'.
src/services/inventory/dynamic-report.service.ts(43,9): error TS2322: Type 'Date' is not assignable to type 'Record<string, unknown>'.
  Index signature for type 'string' is missing in type 'Date'.
src/services/inventory/dynamic-report.service.ts(113,67): error TS2698: Spread types may only be created from object types.
src/services/inventory/dynamic-report.service.ts(115,17): error TS2322: Type 'unknown' is not assignable to type 'Record<string, unknown>'.
src/services/inventory/dynamic-report.service.ts(120,13): error TS2322: Type 'undefined' is not assignable to type 'Record<string, unknown>'.
src/services/inventory/dynamic-report.service.ts(135,34): error TS18046: 'client' is of type 'unknown'.
src/services/inventory/grn.service.ts(63,31): error TS2571: Object is of type 'unknown'.
src/services/inventory/grn.service.ts(74,43): error TS2345: Argument of type '(i: Record<string, unknown>) => { itemId: unknown; quantity: number; }' is not assignable to parameter of type '(value: GRNItemInput, index: number, array: GRNItemInput[]) => { itemId: unknown; quantity: number; }'.
  Types of parameters 'i' and 'value' are incompatible.
    Type 'GRNItemInput' is not assignable to type 'Record<string, unknown>'.
      Index signature for type 'string' is missing in type 'GRNItemInput'.
src/services/inventory/grn.service.ts(76,50): error TS18046: 'i.quantity' is of type 'unknown'.
src/services/inventory/grn.service.ts(85,39): error TS2345: Argument of type '(i: Record<string, unknown>) => unknown' is not assignable to parameter of type '(value: GRNItemInput, index: number, array: GRNItemInput[]) => unknown'.
  Types of parameters 'i' and 'value' are incompatible.
    Type 'GRNItemInput' is not assignable to type 'Record<string, unknown>'.
      Index signature for type 'string' is missing in type 'GRNItemInput'.
src/services/inventory/grn.service.ts(87,40): error TS2571: Object is of type 'unknown'.
src/services/inventory/grn.service.ts(106,37): error TS2571: Object is of type 'unknown'.
src/services/inventory/grn.service.ts(123,27): error TS2571: Object is of type 'unknown'.
src/services/inventory/grn.service.ts(131,23): error TS2571: Object is of type 'unknown'.
src/services/inventory/grn.service.ts(143,49): error TS2571: Object is of type 'unknown'.
src/services/inventory/grn.service.ts(197,50): error TS2345: Argument of type 'unknown' is not assignable to parameter of type 'string'.
src/services/inventory/grn.service.ts(233,19): error TS2571: Object is of type 'unknown'.
src/services/inventory/grn.service.ts(255,39): error TS2571: Object is of type 'unknown'.
src/services/inventory/grn.service.ts(270,52): error TS2769: No overload matches this call.
  Overload 1 of 2, '(predicate: (value: GRNItemInput, index: number, obj: GRNItemInput[]) => value is GRNItemInput, thisArg?: any): GRNItemInput | undefined', gave the following error.
    Argument of type '(gi: Record<string, unknown>) => boolean' is not assignable to parameter of type '(value: GRNItemInput, index: number, obj: GRNItemInput[]) => value is GRNItemInput'.
      Types of parameters 'gi' and 'value' are incompatible.
        Type 'GRNItemInput' is not assignable to type 'Record<string, unknown>'.
          Index signature for type 'string' is missing in type 'GRNItemInput'.
  Overload 2 of 2, '(predicate: (value: GRNItemInput, index: number, obj: GRNItemInput[]) => unknown, thisArg?: any): GRNItemInput | undefined', gave the following error.
    Argument of type '(gi: Record<string, unknown>) => boolean' is not assignable to parameter of type '(value: GRNItemInput, index: number, obj: GRNItemInput[]) => unknown'.
      Types of parameters 'gi' and 'value' are incompatible.
        Type 'GRNItemInput' is not assignable to type 'Record<string, unknown>'.
          Index signature for type 'string' is missing in type 'GRNItemInput'.
src/services/inventory/grn.service.ts(279,35): error TS2571: Object is of type 'unknown'.
src/services/inventory/grn.service.ts(297,46): error TS2571: Object is of type 'unknown'.
src/services/inventory/issue.service.ts(45,41): error TS2571: Object is of type 'unknown'.
src/services/inventory/issue.service.ts(56,50): error TS18046: 'i.quantity' is of type 'unknown'.
src/services/inventory/issue.service.ts(81,27): error TS2571: Object is of type 'unknown'.
src/services/inventory/issue.service.ts(119,23): error TS2571: Object is of type 'unknown'.
src/services/inventory/issue.service.ts(160,19): error TS2571: Object is of type 'unknown'.
src/services/inventory/issue.service.ts(233,25): error TS2322: Type '{ itemId: unknown; quantity: number; unit: {}; condition: {}; }[]' is not assignable to type 'Exact<(Without<ContractorMaterialReturnItemCreateWithoutReturnInput, ContractorMaterialReturnItemUncheckedCreateWithoutReturnInput> & ContractorMaterialReturnItemUncheckedCreateWithoutReturnInput) | (Without<...> & ContractorMaterialReturnItemCreateWithoutReturnInput) | ContractorMaterialReturnItemCreateWithoutRetur...'.
  Type '{ itemId: unknown; quantity: number; unit: {}; condition: {}; }[]' is not assignable to type 'ContractorMaterialReturnItemCreateWithoutReturnInput[]'.
    Property 'item' is missing in type '{ itemId: unknown; quantity: number; unit: {}; condition: {}; }' but required in type 'ContractorMaterialReturnItemCreateWithoutReturnInput'.
src/services/inventory/issue.service.ts(235,50): error TS18046: 'item.quantity' is of type 'unknown'.
src/services/inventory/issue.service.ts(336,25): error TS2322: Type '{ itemId: unknown; batchId: unknown; quantity: unknown; }[]' is not assignable to type 'Exact<(Without<InventoryTransactionItemCreateWithoutTransactionInput, InventoryTransactionItemUncheckedCreateWithoutTransactionInput> & InventoryTransactionItemUncheckedCreateWithoutTransactionInput) | (Without<...> & InventoryTransactionItemCreateWithoutTransactionInput) | InventoryTransactionItemCreateWithoutTrans...'.
  Type '{ itemId: unknown; batchId: unknown; quantity: unknown; }[]' is not assignable to type 'InventoryTransactionItemCreateWithoutTransactionInput[]'.
    Property 'item' is missing in type '{ itemId: unknown; batchId: unknown; quantity: unknown; }' but required in type 'InventoryTransactionItemCreateWithoutTransactionInput'.
src/services/inventory/item.service.ts(23,13): error TS2322: Type 'Record<string, unknown>[]' is not assignable to type '{ id: string; name: string; createdAt: Date; updatedAt: Date; code: string; description: string | null; type: string; unit: string; source: string; category: string; unitPrice: Decimal | null; ... 11 more ...; bomAliases: string[]; }[]'.
  Type 'Record<string, unknown>' is missing the following properties from type '{ id: string; name: string; createdAt: Date; updatedAt: Date; code: string; description: string | null; type: string; unit: string; source: string; category: string; unitPrice: Decimal | null; ... 11 more ...; bomAliases: string[]; }': id, name, createdAt, updatedAt, and 19 more.
src/services/inventory/item.service.ts(49,17): error TS2322: Type 'Record<string, unknown>' is not assignable to type 'string'.
src/services/inventory/item.service.ts(49,24): error TS2352: Conversion of type 'string | undefined' to type 'Record<string, unknown>' may be a mistake because neither type sufficiently overlaps with the other. If this was intentional, convert the expression to 'unknown' first.
  Type 'string' is not comparable to type 'Record<string, unknown>'.
src/services/inventory/item.service.ts(83,19): error TS2352: Conversion of type 'string | undefined' to type 'Record<string, unknown>' may be a mistake because neither type sufficiently overlaps with the other. If this was intentional, convert the expression to 'unknown' first.
  Type 'string' is not comparable to type 'Record<string, unknown>'.
src/services/inventory/item.service.ts(113,39): error TS2339: Property 'isOspFtth' does not exist on type '{}'.
src/services/inventory/item.service.ts(114,34): error TS2339: Property 'type' does not exist on type '{}'.
src/services/inventory/item.service.ts(115,38): error TS2339: Property 'category' does not exist on type '{}'.
src/services/inventory/item.service.ts(116,40): error TS2339: Property 'commonName' does not exist on type '{}'.
src/services/inventory/item.service.ts(117,39): error TS2339: Property 'tags' does not exist on type '{}'.
src/services/inventory/item.service.ts(117,54): error TS2339: Property 'commonFor' does not exist on type '{}'.
src/services/inventory/item.service.ts(119,28): error TS2339: Property 'importAliases' does not exist on type '{}'.
src/services/inventory/item.service.ts(119,57): error TS2322: Type 'string[] | undefined' is not assignable to type 'Record<string, unknown>'.
  Type 'undefined' is not assignable to type 'Record<string, unknown>'.
src/services/inventory/item.service.ts(119,108): error TS2339: Property 'importAliases' does not exist on type '{}'.
src/services/inventory/item.service.ts(120,28): error TS2339: Property 'scrapedAliases' does not exist on type '{}'.
src/services/inventory/item.service.ts(120,58): error TS2322: Type 'string[] | undefined' is not assignable to type 'Record<string, unknown>'.
  Type 'undefined' is not assignable to type 'Record<string, unknown>'.
src/services/inventory/item.service.ts(120,110): error TS2339: Property 'scrapedAliases' does not exist on type '{}'.
src/services/inventory/item.service.ts(121,28): error TS2339: Property 'bomAliases' does not exist on type '{}'.
src/services/inventory/item.service.ts(121,54): error TS2322: Type 'string[] | undefined' is not assignable to type 'Record<string, unknown>'.
  Type 'undefined' is not assignable to type 'Record<string, unknown>'.
src/services/inventory/item.service.ts(121,102): error TS2339: Property 'bomAliases' does not exist on type '{}'.
src/services/inventory/item.service.ts(125,34): error TS2322: Type '{}' is not assignable to type 'Exact<string | undefined, string | undefined>'.
src/services/inventory/mrn.service.ts(110,35): error TS2571: Object is of type 'unknown'.
src/services/inventory/mrn.service.ts(118,42): error TS2571: Object is of type 'unknown'.
src/services/inventory/mrn.service.ts(140,31): error TS2571: Object is of type 'unknown'.
src/services/inventory/mrn.service.ts(147,53): error TS2571: Object is of type 'unknown'.
src/services/inventory/mrn.service.ts(174,23): error TS2571: Object is of type 'unknown'.
src/services/inventory/stock-request.service.ts(399,70): error TS2345: Argument of type 'Record<string, unknown>' is not assignable to parameter of type '{ id: string; updatedAt: Date; quantity: Decimal; storeId: string; itemId: string; batchId: string; allocatedQuantity: Decimal; locatorId: string | null; }'.
  Type 'Record<string, unknown>' is missing the following properties from type '{ id: string; updatedAt: Date; quantity: Decimal; storeId: string; itemId: string; batchId: string; allocatedQuantity: Decimal; locatorId: string | null; }': id, updatedAt, quantity, storeId, and 4 more.
src/services/inventory/stock-request.service.ts(448,25): error TS2322: Type 'Record<string, unknown>[]' is not assignable to type '(Without<InventoryTransactionItemCreateWithoutTransactionInput, InventoryTransactionItemUncheckedCreateWithoutTransactionInput> & InventoryTransactionItemUncheckedCreateWithoutTransactionInput) | (Without<...> & InventoryTransactionItemCreateWithoutTransactionInput) | InventoryTransactionItemCreateWithoutTransaction...'.
  Type 'Record<string, unknown>[]' is not assignable to type 'InventoryTransactionItemCreateWithoutTransactionInput[]'.
    Type 'Record<string, unknown>' is missing the following properties from type 'InventoryTransactionItemCreateWithoutTransactionInput': quantity, item
src/services/inventory/stock-request.service.ts(461,25): error TS2322: Type 'Record<string, unknown>[]' is not assignable to type '(Without<InventoryTransactionItemCreateWithoutTransactionInput, InventoryTransactionItemUncheckedCreateWithoutTransactionInput> & InventoryTransactionItemUncheckedCreateWithoutTransactionInput) | (Without<...> & InventoryTransactionItemCreateWithoutTransactionInput) | InventoryTransactionItemCreateWithoutTransaction...'.
  Type 'Record<string, unknown>[]' is not assignable to type 'InventoryTransactionItemCreateWithoutTransactionInput[]'.
    Type 'Record<string, unknown>' is missing the following properties from type 'InventoryTransactionItemCreateWithoutTransactionInput': quantity, item
src/services/inventory/stock-request.service.ts(563,93): error TS2345: Argument of type '{}' is not assignable to parameter of type 'string'.
src/services/inventory/stock-request.service.ts(571,89): error TS2322: Type '{}' is not assignable to type 'string'.
src/services/inventory/stock-request.service.ts(578,33): error TS2322: Type '{}' is not assignable to type 'string'.
src/services/inventory/stock-request.service.ts(583,54): error TS2345: Argument of type 'Record<string, unknown>' is not assignable to parameter of type '{ id: string; updatedAt: Date; quantity: Decimal; storeId: string; itemId: string; batchId: string; allocatedQuantity: Decimal; locatorId: string | null; }'.
  Type 'Record<string, unknown>' is missing the following properties from type '{ id: string; updatedAt: Date; quantity: Decimal; storeId: string; itemId: string; batchId: string; allocatedQuantity: Decimal; locatorId: string | null; }': id, updatedAt, quantity, storeId, and 4 more.
src/services/inventory/stock-request.service.ts(586,69): error TS2322: Type '{}' is not assignable to type 'string'.
src/services/inventory/stock-request.service.ts(630,25): error TS2322: Type 'Record<string, unknown>[]' is not assignable to type '(Without<InventoryTransactionItemCreateWithoutTransactionInput, InventoryTransactionItemUncheckedCreateWithoutTransactionInput> & InventoryTransactionItemUncheckedCreateWithoutTransactionInput) | (Without<...> & InventoryTransactionItemCreateWithoutTransactionInput) | InventoryTransactionItemCreateWithoutTransaction...'.
  Type 'Record<string, unknown>[]' is not assignable to type 'InventoryTransactionItemCreateWithoutTransactionInput[]'.
    Type 'Record<string, unknown>' is missing the following properties from type 'InventoryTransactionItemCreateWithoutTransactionInput': quantity, item
src/services/inventory/stock-request.service.ts(643,25): error TS2322: Type 'Record<string, unknown>[]' is not assignable to type '(Without<InventoryTransactionItemCreateWithoutTransactionInput, InventoryTransactionItemUncheckedCreateWithoutTransactionInput> & InventoryTransactionItemUncheckedCreateWithoutTransactionInput) | (Without<...> & InventoryTransactionItemCreateWithoutTransactionInput) | InventoryTransactionItemCreateWithoutTransaction...'.
  Type 'Record<string, unknown>[]' is not assignable to type 'InventoryTransactionItemCreateWithoutTransactionInput[]'.
    Type 'Record<string, unknown>' is missing the following properties from type 'InventoryTransactionItemCreateWithoutTransactionInput': quantity, item
src/services/inventory/stock.service.ts(111,42): error TS2345: Argument of type 'unknown' is not assignable to parameter of type 'number'.
src/services/inventory/stock.service.ts(114,17): error TS2322: Type 'unknown' is not assignable to type 'string | null'.
src/services/inventory/stock.service.ts(116,17): error TS2322: Type 'unknown' is not assignable to type 'Partial<{ id: string; createdAt: Date; expiryDate: Date | null; unitPrice: Decimal; itemId: string; grnId: string | null; costPrice: Decimal; batchNumber: string | null; initialQty: Decimal; }>'.
src/services/inventory/stock.service.ts(120,41): error TS18046: 'stock.quantity' is of type 'unknown'.
src/services/inventory/stock.service.ts(187,42): error TS2345: Argument of type 'unknown' is not assignable to parameter of type 'number'.
src/services/inventory/stock.service.ts(190,17): error TS2322: Type 'unknown' is not assignable to type 'string | null'.
src/services/inventory/stock.service.ts(192,17): error TS2322: Type 'unknown' is not assignable to type 'Partial<{ id: string; createdAt: Date; expiryDate: Date | null; unitPrice: Decimal; itemId: string; grnId: string | null; costPrice: Decimal; batchNumber: string | null; initialQty: Decimal; }>'.
src/services/inventory/stock.service.ts(195,41): error TS18046: 'stock.quantity' is of type 'unknown'.
src/services/inventory/stock.service.ts(278,25): error TS2322: Type '{ itemId: unknown; quantity: unknown; }[]' is not assignable to type '(Without<InventoryTransactionItemCreateWithoutTransactionInput, InventoryTransactionItemUncheckedCreateWithoutTransactionInput> & InventoryTransactionItemUncheckedCreateWithoutTransactionInput) | (Without<...> & InventoryTransactionItemCreateWithoutTransactionInput) | InventoryTransactionItemCreateWithoutTransaction...'.
  Type '{ itemId: unknown; quantity: unknown; }[]' is not assignable to type 'InventoryTransactionItemCreateWithoutTransactionInput[]'.
    Property 'item' is missing in type '{ itemId: unknown; quantity: unknown; }' but required in type 'InventoryTransactionItemCreateWithoutTransactionInput'.
src/services/inventory/stock.service.ts(448,21): error TS2322: Type '{ itemId: unknown; quantity: number; remarks: {} | null; }[]' is not assignable to type '(Without<StockIssueItemCreateWithoutIssueInput, StockIssueItemUncheckedCreateWithoutIssueInput> & StockIssueItemUncheckedCreateWithoutIssueInput) | (Without<...> & StockIssueItemCreateWithoutIssueInput) | StockIssueItemCreateWithoutIssueInput[] | StockIssueItemUncheckedCreateWithoutIssueInput[] | undefined'.
  Type '{ itemId: unknown; quantity: number; remarks: {} | null; }[]' is not assignable to type 'StockIssueItemCreateWithoutIssueInput[]'.
    Property 'item' is missing in type '{ itemId: unknown; quantity: number; remarks: {} | null; }' but required in type 'StockIssueItemCreateWithoutIssueInput'.
src/services/inventory/stock.service.ts(450,46): error TS18046: 'item.quantity' is of type 'unknown'.
src/services/inventory/store.service.ts(15,53): error TS2345: Argument of type 'Record<string, unknown>' is not assignable to parameter of type 'string'.
src/services/inventory/store.service.ts(15,53): error TS2352: Conversion of type 'string' to type 'Record<string, unknown>' may be a mistake because neither type sufficiently overlaps with the other. If this was intentional, convert the expression to 'unknown' first.
src/services/inventory/transaction.service.ts(144,33): error TS2571: Object is of type 'unknown'.
src/services/inventory/transaction.service.ts(159,32): error TS2345: Argument of type 'unknown' is not assignable to parameter of type 'string'.
src/services/inventory/wastage.service.ts(75,39): error TS18046: 'issue.items' is of type 'unknown'.
src/services/inventory/wastage.service.ts(125,29): error TS2322: Type '{ itemId: unknown; quantity: number; unit: {}; }[]' is not assignable to type 'Exact<(Without<ContractorWastageItemCreateWithoutWastageInput, ContractorWastageItemUncheckedCreateWithoutWastageInput> & ContractorWastageItemUncheckedCreateWithoutWastageInput) | (Without<...> & ContractorWastageItemCreateWithoutWastageInput) | ContractorWastageItemCreateWithoutWastageInput[] | ContractorWastageIt...'.
  Type '{ itemId: unknown; quantity: number; unit: {}; }[]' is not assignable to type 'ContractorWastageItemCreateWithoutWastageInput[]'.
    Property 'item' is missing in type '{ itemId: unknown; quantity: number; unit: {}; }' but required in type 'ContractorWastageItemCreateWithoutWastageInput'.
src/services/inventory/wastage.service.ts(127,54): error TS18046: 'item.quantity' is of type 'unknown'.
src/services/inventory/wastage.service.ts(229,25): error TS2322: Type '{ itemId: unknown; quantity: unknown; batchId: unknown; }[]' is not assignable to type 'Exact<(Without<InventoryTransactionItemCreateWithoutTransactionInput, InventoryTransactionItemUncheckedCreateWithoutTransactionInput> & InventoryTransactionItemUncheckedCreateWithoutTransactionInput) | (Without<...> & InventoryTransactionItemCreateWithoutTransactionInput) | InventoryTransactionItemCreateWithoutTrans...'.
  Type '{ itemId: unknown; quantity: unknown; batchId: unknown; }[]' is not assignable to type 'InventoryTransactionItemCreateWithoutTransactionInput[]'.
    Property 'item' is missing in type '{ itemId: unknown; quantity: unknown; batchId: unknown; }' but required in type 'InventoryTransactionItemCreateWithoutTransactionInput'.
src/services/inventory/wastage.service.ts(272,36): error TS2322: Type 'unknown[]' is not assignable to type 'Exact<string[] | FieldRef<"InventoryItem", "String[]"> | undefined, string[] | FieldRef<"InventoryItem", "String[]"> | undefined>'.
  Type 'unknown[]' is not assignable to type 'string[]'.
    Type 'unknown' is not assignable to type 'string'.
src/services/inventory/wastage.service.ts(276,116): error TS2345: Argument of type 'unknown[]' is not assignable to parameter of type 'string[]'.
  Type 'unknown' is not assignable to type 'string'.
src/services/inventory/wastage.service.ts(344,36): error TS2322: Type 'unknown[]' is not assignable to type 'Exact<string[] | FieldRef<"InventoryItem", "String[]"> | undefined, string[] | FieldRef<"InventoryItem", "String[]"> | undefined>'.
  Type 'unknown[]' is not assignable to type 'string[]'.
    Type 'unknown' is not assignable to type 'string'.
src/services/inventory/wastage.service.ts(348,111): error TS2345: Argument of type 'unknown[]' is not assignable to parameter of type 'string[]'.
  Type 'unknown' is not assignable to type 'string'.
src/services/invoice.service.ts(23,91): error TS2345: Argument of type 'Record<string, unknown>' is not assignable to parameter of type 'string'.
src/services/invoice.service.ts(23,91): error TS2352: Conversion of type 'string' to type 'Record<string, unknown>' may be a mistake because neither type sufficiently overlaps with the other. If this was intentional, convert the expression to 'unknown' first.
src/services/invoice.service.ts(27,34): error TS18046: 'tx.penalty' is of type 'unknown'.
src/services/invoice.service.ts(80,34): error TS18046: 'tx.penalty' is of type 'unknown'.
src/services/invoice.service.ts(121,91): error TS2345: Argument of type 'Record<string, unknown>' is not assignable to parameter of type 'string'.
src/services/invoice.service.ts(121,91): error TS2352: Conversion of type 'string | null' to type 'Record<string, unknown>' may be a mistake because neither type sufficiently overlaps with the other. If this was intentional, convert the expression to 'unknown' first.
  Type 'string' is not comparable to type 'Record<string, unknown>'.
src/services/invoice.service.ts(136,19): error TS18046: 'tx.penalty' is of type 'unknown'.
src/services/invoice.service.ts(435,101): error TS2339: Property 'some' does not exist on type '{}'.
src/services/invoice.service.ts(436,52): error TS2339: Property 'code' does not exist on type '{}'.
src/services/invoice.service.ts(437,52): error TS2339: Property 'name' does not exist on type '{}'.
src/services/invoice/invoice.generator.service.ts(146,17): error TS2322: Type 'Record<string, unknown>' is not assignable to type 'Exact<(Without<InvoiceCreateInput, InvoiceUncheckedCreateInput> & InvoiceUncheckedCreateInput) | (Without<...> & InvoiceCreateInput), (Without<...> & InvoiceUncheckedCreateInput) | (Without<...> & InvoiceCreateInput)>'.
  Type 'Record<string, unknown>' is missing the following properties from type '{ projectId?: undefined; contractorId?: undefined; id?: Exact<string | undefined, string | undefined>; invoiceNumber: string; year?: Exact<number | null | undefined, number | null | undefined>; ... 34 more ...; amendmentRequests?: Exact<...>; }': invoiceNumber, amount, contractor
src/services/invoice/invoice.generator.service.ts(208,31): error TS18046: 'db.invoice' is of type 'unknown'.
src/services/invoice/invoice.generator.service.ts(216,72): error TS18046: 'p.amount' is of type 'unknown'.
src/services/invoice/invoice.generator.service.ts(219,22): error TS18046: 'db.invoice' is of type 'unknown'.
src/services/notification/analytics.service.ts(124,13): error TS2322: Type 'Record<string, Record<string, unknown>>' is not assignable to type 'Record<string, { sent: number; read: number; readRate: number; }>'.
  'string' index signatures are incompatible.
    Type 'Record<string, unknown>' is missing the following properties from type '{ sent: number; read: number; readRate: number; }': sent, read, readRate
src/services/notification/analytics.service.ts(125,13): error TS2322: Type 'Record<string, Record<string, unknown>>' is not assignable to type 'Record<string, { sent: number; read: number; readRate: number; }>'.
  'string' index signatures are incompatible.
    Type 'Record<string, unknown>' is missing the following properties from type '{ sent: number; read: number; readRate: number; }': sent, read, readRate
src/services/notification/analytics.service.ts(180,13): error TS2322: Type 'Record<string, Record<string, unknown>>' is not assignable to type 'Record<string, { received: number; read: number; readRate: number; }>'.
  'string' index signatures are incompatible.
    Type 'Record<string, unknown>' is missing the following properties from type '{ received: number; read: number; readRate: number; }': received, read, readRate
src/services/notification/appointment-notification.service.ts(56,53): error TS2345: Argument of type 'Record<string, unknown>' is not assignable to parameter of type 'string'.
src/services/notification/appointment-notification.service.ts(56,53): error TS2352: Conversion of type 'string' to type 'Record<string, unknown>' may be a mistake because neither type sufficiently overlaps with the other. If this was intentional, convert the expression to 'unknown' first.
src/services/notification/domain-policies.service.ts(35,17): error TS2322: Type 'string' is not assignable to type 'Record<string, unknown>'.
src/services/notification/domain-policies.service.ts(36,17): error TS2322: Type 'string' is not assignable to type 'Record<string, unknown>'.
src/services/notification/domain-policies.service.ts(70,13): error TS2322: Type 'string' is not assignable to type 'Record<string, unknown>'.
src/services/notification/domain-policies.service.ts(71,13): error TS2322: Type 'string' is not assignable to type 'Record<string, unknown>'.
src/services/notification/domain-policies.service.ts(130,13): error TS2322: Type 'string' is not assignable to type 'Record<string, unknown>'.
src/services/notification/domain-policies.service.ts(131,13): error TS2322: Type 'string' is not assignable to type 'Record<string, unknown>'.
src/services/notification/domain-policies.service.ts(247,17): error TS2322: Type 'string' is not assignable to type 'Record<string, unknown>'.
src/services/notification/domain-policies.service.ts(248,17): error TS2322: Type 'string' is not assignable to type 'Record<string, unknown>'.
src/services/notification/domain-policies.service.ts(296,13): error TS2322: Type 'string' is not assignable to type 'Record<string, unknown>'.
src/services/notification/domain-policies.service.ts(297,13): error TS2322: Type 'string' is not assignable to type 'Record<string, unknown>'.
src/services/notification/domain-policies.service.ts(458,17): error TS2322: Type 'string' is not assignable to type 'Record<string, unknown>'.
src/services/notification/domain-policies.service.ts(459,17): error TS2322: Type 'string' is not assignable to type 'Record<string, unknown>'.
src/services/notification/notification-policy.service.ts(108,29): error TS2322: Type 'Record<string, unknown>' is not assignable to type 'Role[] | FieldRef<"User", "Role[]"> | undefined'.
  Type 'Record<string, unknown>' is missing the following properties from type 'Role[]': length, pop, push, concat, and 35 more.
src/services/notification/notification-policy.service.ts(108,33): error TS2352: Conversion of type 'string[]' to type 'Record<string, unknown>' may be a mistake because neither type sufficiently overlaps with the other. If this was intentional, convert the expression to 'unknown' first.
  Index signature for type 'string' is missing in type 'string[]'.
src/services/notification/notification-policy.service.ts(273,42): error TS2322: Type 'Record<string, unknown>' is not assignable to type 'Role[] | FieldRef<"User", "Role[]"> | undefined'.
  Type 'Record<string, unknown>' is missing the following properties from type 'Role[]': length, pop, push, concat, and 35 more.
src/services/notification/notification-policy.service.ts(273,46): error TS2352: Conversion of type 'string[]' to type 'Record<string, unknown>' may be a mistake because neither type sufficiently overlaps with the other. If this was intentional, convert the expression to 'unknown' first.
  Index signature for type 'string' is missing in type 'string[]'.
src/services/notification/push/push.service.ts(39,9): error TS2411: Property 'url' of type 'string | undefined' is not assignable to 'string' index type 'Record<string, unknown>'.
src/services/notification/push/push.service.ts(40,9): error TS2411: Property 'notificationId' of type 'string | undefined' is not assignable to 'string' index type 'Record<string, unknown>'.
src/services/notification/push/push.service.ts(41,9): error TS2411: Property 'type' of type 'string | undefined' is not assignable to 'string' index type 'Record<string, unknown>'.
src/services/notification/reminder-scheduler.service.ts(186,36): error TS2571: Object is of type 'unknown'.
src/services/notification/reminder-scheduler.service.ts(213,21): error TS2322: Type 'string' is not assignable to type 'Record<string, unknown>'.
src/services/notification/reminder-scheduler.service.ts(214,21): error TS2322: Type 'string' is not assignable to type 'Record<string, unknown>'.
src/services/notification/reminder-scheduler.service.ts(244,41): error TS2571: Object is of type 'unknown'.
src/services/notification/retry.service.ts(123,29): error TS2322: Type 'Record<string, unknown> | "SYSTEM"' is not assignable to type 'NotificationType | undefined'.
  Type 'Record<string, unknown>' is not assignable to type 'NotificationType | undefined'.
src/services/notification/retry.service.ts(124,29): error TS2322: Type 'Record<string, unknown> | "MEDIUM"' is not assignable to type 'NotificationPriority | undefined'.
  Type 'Record<string, unknown>' is not assignable to type 'NotificationPriority | undefined'.
src/services/notification/retry.service.ts(139,68): error TS2322: Type 'string | Record<string, unknown>' is not assignable to type 'string | undefined'.
  Type 'Record<string, unknown>' is not assignable to type 'string'.
src/services/notification/retry.service.ts(140,41): error TS2367: This comparison appears to be unintentional because the types 'Record<string, unknown> | "MEDIUM"' and '"CRITICAL"' have no overlap.
src/services/notification/retry.service.ts(209,29): error TS2322: Type 'unknown' is not assignable to type 'string'.
src/services/notification/retry.service.ts(210,29): error TS2322: Type 'unknown' is not assignable to type 'string'.
src/services/notification/retry.service.ts(211,29): error TS2322: Type 'unknown' is not assignable to type 'string'.
src/services/notification/retry.service.ts(212,29): error TS2322: Type 'unknown' is not assignable to type 'NotificationType | undefined'.
src/services/notification/retry.service.ts(213,29): error TS2322: Type 'unknown' is not assignable to type 'NotificationPriority | undefined'.
src/services/notification/retry.service.ts(214,29): error TS2322: Type 'unknown' is not assignable to type 'string | undefined'.
src/services/notification/retry.service.ts(215,29): error TS2322: Type 'unknown' is not assignable to type 'Record<string, unknown> | undefined'.
src/services/notification/retry.service.ts(218,66): error TS2345: Argument of type 'unknown' is not assignable to parameter of type 'string'.
src/services/PaymentService.ts(78,17): error TS18046: 'prisma.vMTaxConfig' is of type 'unknown'.
src/services/PaymentService.ts(123,29): error TS18046: 'prisma.vMInvoice' is of type 'unknown'.
src/services/PaymentService.ts(162,29): error TS18046: 'prisma.vMInvoice' is of type 'unknown'.
src/services/PaymentService.ts(186,29): error TS18046: 'prisma.vMPayment' is of type 'unknown'.
src/services/PaymentService.ts(215,29): error TS18046: 'prisma.vMPayment' is of type 'unknown'.
src/services/PaymentService.ts(240,29): error TS18046: 'prisma.vMPayment' is of type 'unknown'.
src/services/PaymentService.ts(261,36): error TS18046: 'prisma.vMPayment' is of type 'unknown'.
src/services/PaymentService.ts(274,39): error TS18046: 'prisma.vMPayment' is of type 'unknown'.
src/services/PaymentService.ts(283,19): error TS18046: 'prisma.vMInvoice' is of type 'unknown'.
src/services/PaymentService.ts(288,19): error TS18046: 'prisma.vMInvoice' is of type 'unknown'.
src/services/PaymentService.ts(327,9): error TS18046: 'prisma.vMPayment' is of type 'unknown'.
src/services/PaymentService.ts(334,9): error TS18046: 'prisma.vMPayment' is of type 'unknown'.
src/services/PaymentService.ts(351,30): error TS18046: 'prisma.vMTaxConfig' is of type 'unknown'.
src/services/PaymentService.ts(362,31): error TS18046: 'prisma.vMTaxConfig' is of type 'unknown'.
src/services/PaymentService.ts(402,30): error TS18046: 'prisma.vMPayment' is of type 'unknown'.
src/services/PaymentService.ts(478,26): error TS18046: 'prisma.vMTaxConfig' is of type 'unknown'.
src/services/PaymentService.ts(488,24): error TS18046: 'prisma.vMSite' is of type 'unknown'.
src/services/PaymentService.ts(497,25): error TS18046: 'prisma.vMInvoice' is of type 'unknown'.
src/services/project-dashboard.service.ts(10,53): error TS2345: Argument of type 'Record<string, unknown>' is not assignable to parameter of type 'string'.
src/services/project-dashboard.service.ts(10,53): error TS2352: Conversion of type 'string' to type 'Record<string, unknown>' may be a mistake because neither type sufficiently overlaps with the other. If this was intentional, convert the expression to 'unknown' first.
src/services/project-dashboard.service.ts(37,53): error TS2345: Argument of type 'Record<string, unknown>' is not assignable to parameter of type 'string'.
src/services/project-dashboard.service.ts(37,53): error TS2352: Conversion of type 'string' to type 'Record<string, unknown>' may be a mistake because neither type sufficiently overlaps with the other. If this was intentional, convert the expression to 'unknown' first.
src/services/project-dashboard.service.ts(324,53): error TS2345: Argument of type 'Record<string, unknown>' is not assignable to parameter of type 'string'.
src/services/project-dashboard.service.ts(324,53): error TS2352: Conversion of type 'string' to type 'Record<string, unknown>' may be a mistake because neither type sufficiently overlaps with the other. If this was intentional, convert the expression to 'unknown' first.
src/services/project/project-approval.service.ts(240,37): error TS2322: Type '{}' is not assignable to type 'string'.
src/services/project/project-approval.service.ts(250,45): error TS2322: Type 'unknown' is not assignable to type 'string'.
src/services/project/project-approval.service.ts(252,134): error TS18046: 'nextStep.roleRequired' is of type 'unknown'.
src/services/project/project-ir-ledger.service.ts(135,24): error TS18046: 'tx.project' is of type 'unknown'.
src/services/project/project-ir-ledger.service.ts(158,27): error TS18046: 'tx.inventoryTransactionItem' is of type 'unknown'.
src/services/project/project-survey.service.ts(418,48): error TS2322: Type 'Record<string, unknown>[]' is not assignable to type 'Exact<ProjectBOQItemCreateManyInput | ProjectBOQItemCreateManyInput[], ProjectBOQItemCreateManyInput | ProjectBOQItemCreateManyInput[]>'.
  Type 'Record<string, unknown>[]' is not assignable to type 'ProjectBOQItemCreateManyInput[]'.
    Type 'Record<string, unknown>' is missing the following properties from type 'ProjectBOQItemCreateManyInput': projectId, itemCode, description, unit, and 3 more.
src/services/project/project.service.ts(54,13): error TS2322: Type 'string' is not assignable to type 'Record<string, unknown>'.
src/services/project/project.service.ts(58,37): error TS2322: Type 'string' is not assignable to type 'Record<string, unknown>'.
src/services/project/project.service.ts(59,41): error TS2322: Type 'string' is not assignable to type 'Record<string, unknown>'.
src/services/project/project.service.ts(60,53): error TS2322: Type 'string' is not assignable to type 'Record<string, unknown>'.
src/services/project/project.service.ts(61,55): error TS2322: Type 'string' is not assignable to type 'Record<string, unknown>'.
src/services/project/project.service.ts(64,13): error TS2322: Type '({ name: { contains: string; mode: string; }; } | { projectCode: { contains: string; mode: string; }; } | { location: { contains: string; mode: string; }; })[]' is not assignable to type 'Record<string, unknown>'.
  Index signature for type 'string' is missing in type '({ name: { contains: string; mode: string; }; } | { projectCode: { contains: string; mode: string; }; } | { location: { contains: string; mode: string; }; })[]'.
src/services/project/project.service.ts(518,19): error TS2322: Type 'Error' is not assignable to type 'Record<string, unknown>'.
  Index signature for type 'string' is missing in type 'Error'.
src/services/RentalPaymentService.ts(620,60): error TS2769: No overload matches this call.
  Overload 1 of 4, '(value: string | number | Date): Date', gave the following error.
    Argument of type '{}' is not assignable to parameter of type 'string | number | Date'.
  Overload 2 of 4, '(value: string | number): Date', gave the following error.
    Argument of type '{}' is not assignable to parameter of type 'string | number'.
src/services/RentalPaymentService.ts(621,56): error TS2769: No overload matches this call.
  Overload 1 of 4, '(value: string | number | Date): Date', gave the following error.
    Argument of type '{}' is not assignable to parameter of type 'string | number | Date'.
  Overload 2 of 4, '(value: string | number): Date', gave the following error.
    Argument of type '{}' is not assignable to parameter of type 'string | number'.
src/services/RentalPaymentService.ts(622,37): error TS2345: Argument of type '{}' is not assignable to parameter of type 'string'.
src/services/RentalPaymentService.ts(623,64): error TS2345: Argument of type '{}' is not assignable to parameter of type 'string'.
src/services/RentalPaymentService.ts(624,66): error TS2345: Argument of type '{}' is not assignable to parameter of type 'string'.
src/services/RentalPaymentService.ts(628,68): error TS2345: Argument of type '{}' is not assignable to parameter of type 'string'.
src/services/RentalPaymentService.ts(629,80): error TS2345: Argument of type '{}' is not assignable to parameter of type 'string'.
src/services/RentalPaymentService.ts(631,72): error TS2345: Argument of type '{}' is not assignable to parameter of type 'string'.
src/services/RentalPaymentService.ts(632,68): error TS2345: Argument of type '{}' is not assignable to parameter of type 'string'.
src/services/RentalPaymentService.ts(633,72): error TS2345: Argument of type '{}' is not assignable to parameter of type 'string'.
src/services/RentalPaymentService.ts(634,70): error TS2345: Argument of type '{}' is not assignable to parameter of type 'string'.
src/services/RentalPaymentService.ts(635,70): error TS2345: Argument of type '{}' is not assignable to parameter of type 'string'.
src/services/RentalPaymentService.ts(638,58): error TS2345: Argument of type '{}' is not assignable to parameter of type 'string'.
src/services/RentalPaymentService.ts(659,14): error TS2352: Conversion of type '{ id: string; createdAt: Date; updatedAt: Date; vehicle_id: string; supplier_id: string; supplier_contact: string | null; rental_contract_id: string; rental_start_date: Date; ... 22 more ...; document_url: string | null; }' to type 'DbRentalVehicle' may be a mistake because neither type sufficiently overlaps with the other. If this was intentional, convert the expression to 'unknown' first.
  Property 'vehicle' is missing in type '{ id: string; createdAt: Date; updatedAt: Date; vehicle_id: string; supplier_id: string; supplier_contact: string | null; rental_contract_id: string; rental_start_date: Date; ... 22 more ...; document_url: string | null; }' but required in type 'DbRentalVehicle'.
src/services/RentalPaymentService.ts(660,9): error TS2322: Type '{ supplier_id: {}; supplier_contact: {} | null; rental_contract_id: {}; rental_start_date: Date; rental_end_date: Date; rental_cost_daily: number; rental_cost_weekly: number | null; ... 20 more ...; vehicle_id: string; }' is not assignable to type 'Exact<(Without<VMRentalVehicleCreateInput, VMRentalVehicleUncheckedCreateInput> & VMRentalVehicleUncheckedCreateInput) | (Without<...> & VMRentalVehicleCreateInput), (Without<...> & VMRentalVehicleUncheckedCreateInput) | (Without<...> & VMRentalVehicleCreateInput)>'.
  Type '{ supplier_id: {}; supplier_contact: {} | null; rental_contract_id: {}; rental_start_date: Date; rental_end_date: Date; rental_cost_daily: number; rental_cost_weekly: number | null; ... 20 more ...; vehicle_id: string; }' is not assignable to type '(Without<VMRentalVehicleCreateInput, VMRentalVehicleUncheckedCreateInput> & VMRentalVehicleUncheckedCreateInput) | { ...; }'.
    Type '{ supplier_id: {}; supplier_contact: {} | null; rental_contract_id: {}; rental_start_date: Date; rental_end_date: Date; rental_cost_daily: number; rental_cost_weekly: number | null; ... 20 more ...; vehicle_id: string; }' is not assignable to type '{ vehicle?: undefined; id?: Exact<string | undefined, string | undefined>; vehicle_id: string; supplier_id: string; supplier_contact?: Exact<string | null | undefined, string | null | undefined>; ... 27 more ...; monthlySummaries?: Exact<...>; }'.
      Types of property 'supplier_id' are incompatible.
        Type '{}' is not assignable to type 'string'.
src/services/report.service.ts(733,22): error TS18046: 'where.payment_date' is of type 'unknown'.
src/services/report.service.ts(734,20): error TS18046: 'where.payment_date' is of type 'unknown'.
src/services/slt-contract.service.ts(191,47): error TS2339: Property 'findMany' does not exist on type '{}'.
src/services/slt-contract.service.ts(215,46): error TS2339: Property 'findUnique' does not exist on type '{}'.
src/services/slt-contract.service.ts(223,46): error TS2339: Property 'create' does not exist on type '{}'.
src/services/slt-contract.service.ts(282,46): error TS2339: Property 'findUnique' does not exist on type '{}'.
src/services/slt-contract.service.ts(291,44): error TS2339: Property 'deleteMany' does not exist on type '{}'.
src/services/slt-contract.service.ts(292,50): error TS2339: Property 'deleteMany' does not exist on type '{}'.
src/services/slt-contract.service.ts(293,42): error TS2339: Property 'deleteMany' does not exist on type '{}'.
src/services/slt-contract.service.ts(295,45): error TS2339: Property 'delete' does not exist on type '{}'.
src/services/slt-contract.service.ts(310,46): error TS2339: Property 'findUnique' does not exist on type '{}'.
src/services/slt-contract.service.ts(322,33): error TS18046: 'AmendmentModel' is of type 'unknown'.
src/services/slt-contract.service.ts(346,30): error TS2339: Property 'create' does not exist on type '{}'.
src/services/slt-contract.service.ts(365,47): error TS2339: Property 'findMany' does not exist on type '{}'.
src/services/sod-dashboard.service.ts(63,53): error TS2345: Argument of type 'Record<string, unknown>' is not assignable to parameter of type 'string'.
src/services/sod-dashboard.service.ts(63,53): error TS2352: Conversion of type 'string' to type 'Record<string, unknown>' may be a mistake because neither type sufficiently overlaps with the other. If this was intentional, convert the expression to 'unknown' first.
src/services/sod-dashboard.service.ts(250,60): error TS2339: Property 'count' does not exist on type '{}'.
src/services/sod-dashboard.service.ts(251,57): error TS2339: Property 'count' does not exist on type '{}'.
src/services/sod-dashboard.service.ts(252,60): error TS2339: Property 'aggregate' does not exist on type '{}'.
src/services/sod-dashboard.service.ts(253,64): error TS2339: Property 'count' does not exist on type '{}'.
src/services/sod-dashboard.service.ts(254,57): error TS2339: Property 'count' does not exist on type '{}'.
src/services/sod/index.ts(142,81): error TS2345: Argument of type 'typeof InventoryService' is not assignable to parameter of type 'Record<string, unknown>'.
  Index signature for type 'string' is missing in type 'typeof InventoryService'.
src/services/sod/sod.invoicing.service.ts(84,42): error TS2339: Property 'findFirst' does not exist on type '{}'.
src/services/sod/sod.invoicing.service.ts(103,13): error TS2322: Type 'null' is not assignable to type 'Record<string, unknown>'.
src/services/sod/sod.invoicing.service.ts(105,44): error TS2339: Property 'findFirst' does not exist on type '{}'.
src/services/sod/sod.invoicing.service.ts(117,17): error TS2322: Type 'unknown' is not assignable to type 'number'.
src/services/sod/sod.invoicing.service.ts(119,54): error TS2339: Property 'findFirst' does not exist on type '{}'.
src/services/sod/sod.material.service.ts(55,29): error TS18046: 'inventoryService.pickContractorBatchesFIFO' is of type 'unknown'.
src/services/sod/sod.material.service.ts(56,29): error TS18046: 'inventoryService.pickStoreBatchesFIFO' is of type 'unknown'.
src/services/sod/sod.material.service.ts(127,69): error TS2339: Property 'unit' does not exist on type '{}'.
src/services/sod/sod.sync.service.ts(1319,33): error TS2345: Argument of type 'typeof InventoryService' is not assignable to parameter of type 'Record<string, unknown>'.
  Index signature for type 'string' is missing in type 'typeof InventoryService'.
src/services/software-license.service.ts(52,7): error TS2322: Type 'Record<string, unknown>' is not assignable to type 'string'.
src/services/software-license.service.ts(52,15): error TS2352: Conversion of type 'string' to type 'Record<string, unknown>' may be a mistake because neither type sufficiently overlaps with the other. If this was intentional, convert the expression to 'unknown' first.
src/services/software-license.service.ts(100,7): error TS2322: Type 'Record<string, unknown>' is not assignable to type 'string'.
src/services/software-license.service.ts(100,15): error TS2352: Conversion of type 'string' to type 'Record<string, unknown>' may be a mistake because neither type sufficiently overlaps with the other. If this was intentional, convert the expression to 'unknown' first.
src/services/software-license.service.ts(123,7): error TS2322: Type 'Record<string, unknown>' is not assignable to type 'string'.
src/services/software-license.service.ts(123,15): error TS2352: Conversion of type 'string' to type 'Record<string, unknown>' may be a mistake because neither type sufficiently overlaps with the other. If this was intentional, convert the expression to 'unknown' first.
src/services/software-license.service.ts(172,7): error TS2322: Type 'Record<string, unknown>' is not assignable to type 'string'.
src/services/software-license.service.ts(172,15): error TS2352: Conversion of type 'string' to type 'Record<string, unknown>' may be a mistake because neither type sufficiently overlaps with the other. If this was intentional, convert the expression to 'unknown' first.
src/services/software-license.service.ts(194,7): error TS2322: Type 'Record<string, unknown>' is not assignable to type 'string'.
src/services/software-license.service.ts(194,15): error TS2352: Conversion of type 'string' to type 'Record<string, unknown>' may be a mistake because neither type sufficiently overlaps with the other. If this was intentional, convert the expression to 'unknown' first.
src/services/system.service.ts(69,22): error TS2571: Object is of type 'unknown'.
src/services/TripService.ts(252,7): error TS2322: Type 'unknown' is not assignable to type 'string'.
src/services/TripService.ts(253,7): error TS2322: Type 'unknown' is not assignable to type 'string'.
src/services/TripService.ts(254,7): error TS2322: Type 'unknown' is not assignable to type 'string'.
src/services/TripService.ts(256,9): error TS2322: Type 'unknown' is not assignable to type 'string'.
src/services/TripService.ts(257,9): error TS2322: Type 'unknown' is not assignable to type 'number'.
src/services/TripService.ts(258,9): error TS2322: Type 'unknown' is not assignable to type 'number'.
src/services/TripService.ts(259,9): error TS2322: Type 'unknown' is not assignable to type 'string | undefined'.
src/services/TripService.ts(262,9): error TS2322: Type 'unknown' is not assignable to type 'string'.
src/services/TripService.ts(263,9): error TS2322: Type 'unknown' is not assignable to type 'number'.
src/services/TripService.ts(264,9): error TS2322: Type 'unknown' is not assignable to type 'number'.
src/services/TripService.ts(265,9): error TS2322: Type 'unknown' is not assignable to type 'string | undefined'.
src/services/TripService.ts(267,7): error TS2322: Type 'unknown' is not assignable to type 'Date'.
src/services/TripService.ts(268,7): error TS2322: Type 'unknown' is not assignable to type 'Date | undefined'.
src/services/TripService.ts(269,7): error TS2322: Type 'unknown' is not assignable to type 'Date'.
src/services/TripService.ts(270,7): error TS2322: Type 'unknown' is not assignable to type 'Date | undefined'.
src/services/TripService.ts(271,7): error TS2322: Type 'unknown' is not assignable to type 'number | undefined'.
src/services/TripService.ts(272,7): error TS2322: Type 'unknown' is not assignable to type 'number | undefined'.
src/services/TripService.ts(273,7): error TS2322: Type 'unknown' is not assignable to type 'number | undefined'.
src/services/TripService.ts(274,7): error TS2322: Type 'unknown' is not assignable to type 'number | undefined'.
src/services/TripService.ts(275,7): error TS2322: Type 'Record<string, unknown>' is not assignable to type 'TripStatus'.
src/services/TripService.ts(276,7): error TS2322: Type 'unknown' is not assignable to type '"OTHER" | "MAINTENANCE" | "INSPECTION" | "DELIVERY" | "PICKUP"'.
src/services/TripService.ts(277,7): error TS2322: Type 'unknown' is not assignable to type 'number | undefined'.
src/services/TripService.ts(278,7): error TS2322: Type 'unknown' is not assignable to type 'number | undefined'.
src/services/TripService.ts(279,7): error TS2322: Type 'unknown' is not assignable to type 'string | undefined'.
src/services/TripService.ts(280,50): error TS2339: Property 'id' does not exist on type '{}'.
src/services/TripService.ts(280,88): error TS2339: Property 'registration_number' does not exist on type '{}'.
src/services/TripService.ts(280,128): error TS2339: Property 'make' does not exist on type '{}'.
src/services/TripService.ts(280,154): error TS2339: Property 'model' does not exist on type '{}'.
src/services/TripService.ts(280,180): error TS2339: Property 'year' does not exist on type '{}'.
src/services/TripService.ts(281,47): error TS2339: Property 'id' does not exist on type '{}'.
src/services/TripService.ts(281,75): error TS2339: Property 'first_name' does not exist on type '{}'.
src/services/TripService.ts(281,110): error TS2339: Property 'last_name' does not exist on type '{}'.
src/services/TripService.ts(281,140): error TS2339: Property 'phone' does not exist on type '{}'.
src/services/TripService.ts(281,166): error TS2339: Property 'email' does not exist on type '{}'.
src/services/TripService.ts(282,7): error TS2322: Type 'unknown' is not assignable to type 'Date'.
src/services/TripService.ts(283,7): error TS2322: Type 'unknown' is not assignable to type 'Date'.
src/services/VehicleLogService.ts(20,25): error TS18046: 'prisma.vMVehicleLog' is of type 'unknown'.
src/services/VehicleLogService.ts(43,31): error TS18046: 'prisma.vMVehicleLog' is of type 'unknown'.
src/services/VehicleLogService.ts(55,29): error TS18046: 'prisma.vMVehicle' is of type 'unknown'.
src/services/VehicleLogService.ts(68,25): error TS18046: 'prisma.$transaction' is of type 'unknown'.
src/services/VehicleLogService.ts(70,30): error TS18046: 'tx.vMVehicleLog' is of type 'unknown'.
src/services/VehicleLogService.ts(89,15): error TS18046: 'tx.vMVehicle' is of type 'unknown'.
src/services/VehicleLogService.ts(113,31): error TS18046: 'prisma.vMVehicleLog' is of type 'unknown'.
src/services/VehicleLogService.ts(129,25): error TS18046: 'prisma.$transaction' is of type 'unknown'.
src/services/VehicleLogService.ts(131,36): error TS18046: 'tx.vMVehicleLog' is of type 'unknown'.
src/services/VehicleLogService.ts(145,15): error TS18046: 'tx.vMVehicle' is of type 'unknown'.
src/services/VehicleLogService.ts(168,7): error TS2322: Type 'unknown' is not assignable to type 'string'.
src/services/VehicleLogService.ts(169,7): error TS2322: Type 'unknown' is not assignable to type 'string'.
src/services/VehicleLogService.ts(170,7): error TS2322: Type 'unknown' is not assignable to type 'string'.
src/services/VehicleLogService.ts(171,7): error TS2322: Type 'unknown' is not assignable to type 'Date'.
src/services/VehicleLogService.ts(172,7): error TS2322: Type '{} | undefined' is not assignable to type 'Date | undefined'.
  Type '{}' is missing the following properties from type 'Date': toDateString, toTimeString, toLocaleDateString, toLocaleTimeString, and 37 more.
src/services/VehicleLogService.ts(173,7): error TS2322: Type 'unknown' is not assignable to type 'number'.
src/services/VehicleLogService.ts(174,7): error TS2322: Type '{} | undefined' is not assignable to type 'number | undefined'.
  Type '{}' is not assignable to type 'number'.
src/services/VehicleLogService.ts(175,7): error TS2322: Type 'unknown' is not assignable to type 'number'.
src/services/VehicleLogService.ts(176,7): error TS2322: Type 'unknown' is not assignable to type 'boolean'.
src/services/VehicleLogService.ts(177,7): error TS2322: Type '{} | undefined' is not assignable to type 'string | undefined'.
  Type '{}' is not assignable to type 'string'.
src/services/VehicleLogService.ts(178,7): error TS2322: Type '{} | undefined' is not assignable to type 'string | undefined'.
  Type '{}' is not assignable to type 'string'.
src/services/VehicleLogService.ts(180,7): error TS2322: Type 'unknown' is not assignable to type 'Date'.
src/services/VehicleLogService.ts(181,7): error TS2322: Type 'unknown' is not assignable to type 'Date'.
src/services/VehicleLogService.ts(183,25): error TS2339: Property 'id' does not exist on type '{}'.
src/services/VehicleLogService.ts(184,42): error TS2339: Property 'registration_number' does not exist on type '{}'.
src/services/VehicleLogService.ts(185,37): error TS2339: Property 'chassis_number' does not exist on type '{}'.
src/services/VehicleLogService.ts(186,36): error TS2339: Property 'engine_number' does not exist on type '{}'.
src/services/VehicleLogService.ts(187,27): error TS2339: Property 'make' does not exist on type '{}'.
src/services/VehicleLogService.ts(188,28): error TS2339: Property 'model' does not exist on type '{}'.
src/services/VehicleLogService.ts(189,27): error TS2339: Property 'year' does not exist on type '{}'.
src/services/VehicleLogService.ts(190,28): error TS2339: Property 'color' does not exist on type '{}'.
src/services/VehicleLogService.ts(191,35): error TS2339: Property 'vehicle_type' does not exist on type '{}'.
src/services/VehicleLogService.ts(192,32): error TS2339: Property 'ownership' does not exist on type '{}'.
src/services/VehicleLogService.ts(193,29): error TS2339: Property 'status' does not exist on type '{}'.
src/services/VehicleLogService.ts(194,42): error TS2339: Property 'capacity_passengers' does not exist on type '{}'.
src/services/VehicleLogService.ts(195,47): error TS2339: Property 'capacity_cargo_weight_kg' does not exist on type '{}'.
src/services/VehicleLogService.ts(196,47): error TS2339: Property 'capacity_cargo_volume_m3' does not exist on type '{}'.
src/services/VehicleLogService.ts(197,39): error TS2339: Property 'site_id' does not exist on type '{}'.
src/services/VehicleLogService.ts(198,40): error TS2339: Property 'current_driver_id' does not exist on type '{}'.
src/services/VehicleLogService.ts(200,28): error TS2339: Property 'latitude' does not exist on type '{}'.
src/services/VehicleLogService.ts(201,28): error TS2339: Property 'longitude' does not exist on type '{}'.
src/services/VehicleLogService.ts(202,34): error TS2339: Property 'location_timestamp' does not exist on type '{}'.
src/services/VehicleLogService.ts(203,33): error TS2339: Property 'location_accuracy_meters' does not exist on type '{}'.
src/services/VehicleLogService.ts(205,40): error TS2339: Property 'registration_date' does not exist on type '{}'.
src/services/VehicleLogService.ts(206,42): error TS2339: Property 'decommissioned_date' does not exist on type '{}'.
src/services/VehicleLogService.ts(207,36): error TS2339: Property 'purchase_cost' does not exist on type '{}'.
src/services/VehicleLogService.ts(208,44): error TS2339: Property 'insurance_cost_annual' does not exist on type '{}'.
src/services/VehicleLogService.ts(209,42): error TS2339: Property 'fuel_cost_per_liter' does not exist on type '{}'.
src/services/VehicleLogService.ts(210,36): error TS2339: Property 'last_odometer' does not exist on type '{}'.
src/services/VehicleLogService.ts(211,32): error TS2339: Property 'photo_url' does not exist on type '{}'.
src/services/VehicleLogService.ts(212,27): error TS2339: Property 'site' does not exist on type '{}'.
src/services/VehicleLogService.ts(212,52): error TS2339: Property 'site' does not exist on type '{}'.
src/services/VehicleLogService.ts(212,79): error TS2339: Property 'site' does not exist on type '{}'.
src/services/VehicleLogService.ts(213,33): error TS2339: Property 'createdAt' does not exist on type '{}'.
src/services/VehicleLogService.ts(214,33): error TS2339: Property 'updatedAt' does not exist on type '{}'.
src/services/VehicleLogService.ts(217,24): error TS2339: Property 'id' does not exist on type '{}'.
src/services/VehicleLogService.ts(218,32): error TS2339: Property 'first_name' does not exist on type '{}'.
src/services/VehicleLogService.ts(219,31): error TS2339: Property 'last_name' does not exist on type '{}'.
src/services/VehicleLogService.ts(220,27): error TS2339: Property 'email' does not exist on type '{}'.
src/services/VehicleLogService.ts(221,27): error TS2339: Property 'phone' does not exist on type '{}'.
src/services/VehicleLogService.ts(222,35): error TS2339: Property 'date_of_birth' does not exist on type '{}'.
src/services/VehicleLogService.ts(224,30): error TS2339: Property 'street' does not exist on type '{}'.
src/services/VehicleLogService.ts(225,28): error TS2339: Property 'city' does not exist on type '{}'.
src/services/VehicleLogService.ts(226,29): error TS2339: Property 'state' does not exist on type '{}'.
src/services/VehicleLogService.ts(227,35): error TS2339: Property 'postal_code' does not exist on type '{}'.
src/services/VehicleLogService.ts(228,31): error TS2339: Property 'country' does not exist on type '{}'.
src/services/VehicleLogService.ts(230,36): error TS2339: Property 'license_number' does not exist on type '{}'.
src/services/VehicleLogService.ts(231,40): error TS2339: Property 'license_issue_date' does not exist on type '{}'.
src/services/VehicleLogService.ts(232,41): error TS2339: Property 'license_expiry_date' does not exist on type '{}'.
src/services/VehicleLogService.ts(233,35): error TS2339: Property 'license_class' does not exist on type '{}'.
src/services/VehicleLogService.ts(234,44): error TS2339: Property 'medical_fitness_status' does not exist on type '{}'.
src/services/VehicleLogService.ts(235,44): error TS2339: Property 'medical_fitness_expiry' does not exist on type '{}'.
src/services/VehicleLogService.ts(236,36): error TS2339: Property 'certifications' does not exist on type '{}'.
src/services/VehicleLogService.ts(236,64): error TS2339: Property 'certifications' does not exist on type '{}'.
src/services/VehicleLogService.ts(237,39): error TS2339: Property 'performance_score' does not exist on type '{}'.
src/services/VehicleLogService.ts(238,44): error TS2339: Property 'safety_incidents_count' does not exist on type '{}'.
src/services/VehicleLogService.ts(239,37): error TS2339: Property 'trips_completed' does not exist on type '{}'.
src/services/VehicleLogService.ts(240,37): error TS2339: Property 'employment_date' does not exist on type '{}'.
src/services/VehicleLogService.ts(241,39): error TS2339: Property 'employment_status' does not exist on type '{}'.
src/services/VehicleLogService.ts(242,38): error TS2339: Property 'site_id' does not exist on type '{}'.
src/services/VehicleLogService.ts(243,38): error TS2339: Property 'base_hourly_rate' does not exist on type '{}'.
src/services/VehicleLogService.ts(244,36): error TS2339: Property 'ot_hourly_rate' does not exist on type '{}'.
src/services/VehicleLogService.ts(245,31): error TS2339: Property 'photo_url' does not exist on type '{}'.
src/services/VehicleLogService.ts(246,39): error TS2339: Property 'license_front_url' does not exist on type '{}'.
src/services/VehicleLogService.ts(247,38): error TS2339: Property 'license_back_url' does not exist on type '{}'.
src/services/VehicleLogService.ts(248,35): error TS2339: Property 'nic_front_url' does not exist on type '{}'.
src/services/VehicleLogService.ts(249,34): error TS2339: Property 'nic_back_url' does not exist on type '{}'.
src/services/VehicleLogService.ts(250,32): error TS2339: Property 'createdAt' does not exist on type '{}'.
src/services/VehicleLogService.ts(251,32): error TS2339: Property 'updatedAt' does not exist on type '{}'.
src/services/VehicleService.ts(88,31): error TS2571: Object is of type 'unknown'.
src/services/vendor.service.ts(180,23): error TS2322: Type '{}' is not assignable to type 'string'.
src/services/vendor.service.ts(181,23): error TS2322: Type '{}' is not assignable to type 'string'.
src/services/vendor.service.ts(182,23): error TS2322: Type '{} | null' is not assignable to type 'Exact<string | null | undefined, string | null | undefined>'.
  Type '{}' is not assignable to type 'Exact<string | null | undefined, string | null | undefined>'.
src/services/vendor.service.ts(183,23): error TS2322: Type '{} | null' is not assignable to type 'Exact<string | null | undefined, string | null | undefined>'.
  Type '{}' is not assignable to type 'Exact<string | null | undefined, string | null | undefined>'.
src/services/vendor.service.ts(184,23): error TS2322: Type '{} | null' is not assignable to type 'Exact<string | null | undefined, string | null | undefined>'.
  Type '{}' is not assignable to type 'Exact<string | null | undefined, string | null | undefined>'.
src/services/vendor.service.ts(185,23): error TS2322: Type '{} | null' is not assignable to type 'Exact<string | null | undefined, string | null | undefined>'.
  Type '{}' is not assignable to type 'Exact<string | null | undefined, string | null | undefined>'.
src/services/vendor.service.ts(186,23): error TS2322: Type '{} | null' is not assignable to type 'Exact<string | null | undefined, string | null | undefined>'.
  Type '{}' is not assignable to type 'Exact<string | null | undefined, string | null | undefined>'.
src/services/vendor.service.ts(187,23): error TS2322: Type '{} | null' is not assignable to type 'Exact<string | null | undefined, string | null | undefined>'.
  Type '{}' is not assignable to type 'Exact<string | null | undefined, string | null | undefined>'.
src/services/vendor.service.ts(188,23): error TS2322: Type '{} | null' is not assignable to type 'Exact<string | null | undefined, string | null | undefined>'.
  Type '{}' is not assignable to type 'Exact<string | null | undefined, string | null | undefined>'.
src/services/vendor.service.ts(189,23): error TS2322: Type '{} | null' is not assignable to type 'Exact<string | null | undefined, string | null | undefined>'.
  Type '{}' is not assignable to type 'Exact<string | null | undefined, string | null | undefined>'.
src/services/vendor.service.ts(190,23): error TS2322: Type '{} | null' is not assignable to type 'Exact<string | null | undefined, string | null | undefined>'.
  Type '{}' is not assignable to type 'Exact<string | null | undefined, string | null | undefined>'.
src/services/vendor.service.ts(191,23): error TS2322: Type '{}' is not assignable to type 'Exact<string | undefined, string | undefined>'.
src/services/vendor.service.ts(192,23): error TS2322: Type '{}' is not assignable to type 'Exact<string | undefined, string | undefined>'.
src/services/WorkflowEngine.ts(113,70): error TS2322: Type 'Record<string, unknown>[]' is not assignable to type 'Exact<ProjectTaskInstanceCreateManyInput | ProjectTaskInstanceCreateManyInput[], ProjectTaskInstanceCreateManyInput | ProjectTaskInstanceCreateManyInput[]>'.
  Type 'Record<string, unknown>[]' is not assignable to type 'ProjectTaskInstanceCreateManyInput[]'.
    Type 'Record<string, unknown>' is missing the following properties from type 'ProjectTaskInstanceCreateManyInput': name, stageId
src/services/WorkflowEngine.ts(114,80): error TS2322: Type 'Record<string, unknown>[]' is not assignable to type 'Exact<ProjectChecklistInstanceCreateManyInput | ProjectChecklistInstanceCreateManyInput[], ProjectChecklistInstanceCreateManyInput | ProjectChecklistInstanceCreateManyInput[]>'.
  Type 'Record<string, unknown>[]' is not assignable to type 'ProjectChecklistInstanceCreateManyInput[]'.
    Type 'Record<string, unknown>' is missing the following properties from type 'ProjectChecklistInstanceCreateManyInput': label, isMandatory, stageId
src/services/WorkflowEngine.ts(115,78): error TS2322: Type 'Record<string, unknown>[]' is not assignable to type 'Exact<ProjectApprovalInstanceCreateManyInput | ProjectApprovalInstanceCreateManyInput[], ProjectApprovalInstanceCreateManyInput | ProjectApprovalInstanceCreateManyInput[]>'.
  Type 'Record<string, unknown>[]' is not assignable to type 'ProjectApprovalInstanceCreateManyInput[]'.
    Type 'Record<string, unknown>' is missing the following properties from type 'ProjectApprovalInstanceCreateManyInput': level, role, stageId
src/utils/pdfGenerator.ts(19,39): error TS2769: No overload matches this call.
  Overload 1 of 4, '(value: string | number | Date): Date', gave the following error.
    Argument of type 'unknown' is not assignable to parameter of type 'string | number | Date'.
  Overload 2 of 4, '(value: string | number): Date', gave the following error.
    Argument of type 'unknown' is not assignable to parameter of type 'string | number'.
src/utils/pdfGenerator.ts(20,24): error TS18046: 'grn.store' is of type 'unknown'.
src/utils/pdfGenerator.ts(22,30): error TS18046: 'grn.receivedBy' is of type 'unknown'.
src/utils/pdfGenerator.ts(28,5): error TS18046: 'grn.items' is of type 'unknown'.
src/utils/pdfGenerator.ts(31,13): error TS18046: 'item.item' is of type 'unknown'.
src/utils/pdfGenerator.ts(32,13): error TS18046: 'item.item' is of type 'unknown'.
src/utils/pdfGenerator.ts(33,13): error TS18046: 'item.item' is of type 'unknown'.
src/utils/pdfGenerator.ts(36,24): error TS2345: Argument of type 'any[]' is not assignable to parameter of type 'Record<string, unknown>'.
  Index signature for type 'string' is missing in type 'any[]'.
src/utils/pdfGenerator.ts(41,9): error TS2322: Type 'Record<string, unknown>[]' is not assignable to type 'RowInput[]'.
  Type 'Record<string, unknown>' is not assignable to type 'RowInput'.
    Type 'Record<string, unknown>' is missing the following properties from type 'HtmlRowInput': _element, length, pop, push, and 36 more.
src/utils/pdfGenerator.ts(48,20): error TS2571: Object is of type 'unknown'.
src/utils/pdfGenerator.ts(48,21): error TS2352: Conversion of type 'jsPDF' to type 'Record<string, unknown>' may be a mistake because neither type sufficiently overlaps with the other. If this was intentional, convert the expression to 'unknown' first.
  Index signature for type 'string' is missing in type 'jsPDF'.
src/utils/pdfGenerator.ts(74,31): error TS18046: 'request.id' is of type 'unknown'.
src/utils/pdfGenerator.ts(76,47): error TS2339: Property 'name' does not exist on type '{}'.
src/utils/pdfGenerator.ts(77,49): error TS2339: Property 'name' does not exist on type '{}'.
src/utils/pdfGenerator.ts(85,5): error TS18046: 'request.items' is of type 'unknown'.
src/utils/pdfGenerator.ts(86,13): error TS18046: 'reqItem.approvedQty' is of type 'unknown'.
src/utils/pdfGenerator.ts(87,28): error TS2345: Argument of type 'any[]' is not assignable to parameter of type 'Record<string, unknown>'.
  Index signature for type 'string' is missing in type 'any[]'.
src/utils/pdfGenerator.ts(89,17): error TS18046: 'reqItem.item' is of type 'unknown'.
src/utils/pdfGenerator.ts(90,17): error TS18046: 'reqItem.item' is of type 'unknown'.
src/utils/pdfGenerator.ts(91,17): error TS18046: 'reqItem.item' is of type 'unknown'.
src/utils/pdfGenerator.ts(99,9): error TS2322: Type 'Record<string, unknown>[]' is not assignable to type 'RowInput[]'.
  Type 'Record<string, unknown>' is not assignable to type 'RowInput'.
    Type 'Record<string, unknown>' is missing the following properties from type 'HtmlRowInput': _element, length, pop, push, and 36 more.
src/utils/pdfGenerator.ts(104,20): error TS2571: Object is of type 'unknown'.
src/utils/pdfGenerator.ts(104,21): error TS2352: Conversion of type 'jsPDF' to type 'Record<string, unknown>' may be a mistake because neither type sufficiently overlaps with the other. If this was intentional, convert the expression to 'unknown' first.
  Index signature for type 'string' is missing in type 'jsPDF'.
src/utils/pdfGenerator.ts(116,26): error TS18046: 'request.id' is of type 'unknown'.
src/utils/pdfGenerator.ts(138,24): error TS2345: Argument of type 'any[]' is not assignable to parameter of type 'Record<string, unknown>'.
  Index signature for type 'string' is missing in type 'any[]'.
src/utils/pdfGenerator.ts(145,13): error TS18046: 'o.reasons' is of type 'unknown'.
src/utils/pdfGenerator.ts(152,9): error TS2322: Type 'Record<string, unknown>[]' is not assignable to type 'RowInput[]'.
  Type 'Record<string, unknown>' is not assignable to type 'RowInput'.
    Type 'Record<string, unknown>' is missing the following properties from type 'HtmlRowInput': _element, length, pop, push, and 36 more.
src/utils/pdfGenerator.ts(163,20): error TS2571: Object is of type 'unknown'.
src/utils/pdfGenerator.ts(163,21): error TS2352: Conversion of type 'jsPDF' to type 'Record<string, unknown>' may be a mistake because neither type sufficiently overlaps with the other. If this was intentional, convert the expression to 'unknown' first.
  Index signature for type 'string' is missing in type 'jsPDF'.
src/workers/import.worker.ts(47,41): error TS2571: Object is of type 'unknown'.
src/workers/import.worker.ts(186,31): error TS2571: Object is of type 'unknown'.
src/workers/import.worker.ts(200,31): error TS2571: Object is of type 'unknown'.
src/workers/import.worker.ts(241,19): error TS2352: Conversion of type 'Redis' to type 'Record<string, unknown>' may be a mistake because neither type sufficiently overlaps with the other. If this was intentional, convert the expression to 'unknown' first.
  Index signature for type 'string' is missing in type 'Redis'.
src/workers/sod-sync.worker.ts(27,24): error TS2352: Conversion of type 'string | undefined' to type 'Record<string, unknown>' may be a mistake because neither type sufficiently overlaps with the other. If this was intentional, convert the expression to 'unknown' first.
  Type 'string' is not comparable to type 'Record<string, unknown>'.
src/workers/sod-sync.worker.ts(27,24): error TS2367: This comparison appears to be unintentional because the types 'Record<string, unknown>' and 'string' have no overlap.
src/workers/sod-sync.worker.ts(33,24): error TS2352: Conversion of type 'string | undefined' to type 'Record<string, unknown>' may be a mistake because neither type sufficiently overlaps with the other. If this was intentional, convert the expression to 'unknown' first.
  Type 'string' is not comparable to type 'Record<string, unknown>'.
src/workers/sod-sync.worker.ts(33,24): error TS2367: This comparison appears to be unintentional because the types 'Record<string, unknown>' and 'string' have no overlap.
src/workers/sod-sync.worker.ts(38,24): error TS2352: Conversion of type 'string | undefined' to type 'Record<string, unknown>' may be a mistake because neither type sufficiently overlaps with the other. If this was intentional, convert the expression to 'unknown' first.
  Type 'string' is not comparable to type 'Record<string, unknown>'.
src/workers/sod-sync.worker.ts(38,24): error TS2367: This comparison appears to be unintentional because the types 'Record<string, unknown>' and 'string' have no overlap.
src/workers/sod-sync.worker.ts(59,21): error TS2352: Conversion of type 'Redis' to type 'Record<string, unknown>' may be a mistake because neither type sufficiently overlaps with the other. If this was intentional, convert the expression to 'unknown' first.
  Index signature for type 'string' is missing in type 'Redis'.
src/workers/stats-update.worker.ts(39,21): error TS2352: Conversion of type 'Redis' to type 'Record<string, unknown>' may be a mistake because neither type sufficiently overlaps with the other. If this was intentional, convert the expression to 'unknown' first.
  Index signature for type 'string' is missing in type 'Redis'.
src/workers/system.worker.ts(32,21): error TS2352: Conversion of type 'Redis' to type 'Record<string, unknown>' may be a mistake because neither type sufficiently overlaps with the other. If this was intentional, convert the expression to 'unknown' first.
  Index signature for type 'string' is missing in type 'Redis'.
